Archive member included to satisfy reference by file (symbol)

/opt/st/stm32cubeide_1.6.0/plugins/com.st.stm32cube.ide.mcu.externaltools.gnu-tools-for-stm32.9-2020-q2-update.linux64_1.5.0.202011040924/tools/bin/../lib/gcc/arm-none-eabi/9.3.1/../../../../arm-none-eabi/lib/thumb/v7e-m+dp/hard/libstdc++_nano.a(new_op.o)
                              Core/Src/main.o (operator new(unsigned int))
/opt/st/stm32cubeide_1.6.0/plugins/com.st.stm32cube.ide.mcu.externaltools.gnu-tools-for-stm32.9-2020-q2-update.linux64_1.5.0.202011040924/tools/bin/../lib/gcc/arm-none-eabi/9.3.1/../../../../arm-none-eabi/lib/thumb/v7e-m+dp/hard/libstdc++_nano.a(new_handler.o)
                              /opt/st/stm32cubeide_1.6.0/plugins/com.st.stm32cube.ide.mcu.externaltools.gnu-tools-for-stm32.9-2020-q2-update.linux64_1.5.0.202011040924/tools/bin/../lib/gcc/arm-none-eabi/9.3.1/../../../../arm-none-eabi/lib/thumb/v7e-m+dp/hard/libstdc++_nano.a(new_op.o) (std::get_new_handler())
/opt/st/stm32cubeide_1.6.0/plugins/com.st.stm32cube.ide.mcu.externaltools.gnu-tools-for-stm32.9-2020-q2-update.linux64_1.5.0.202011040924/tools/bin/../lib/gcc/arm-none-eabi/9.3.1/../../../../arm-none-eabi/lib/thumb/v7e-m+dp/hard/libc_nano.a(lib_a-abort.o)
                              /opt/st/stm32cubeide_1.6.0/plugins/com.st.stm32cube.ide.mcu.externaltools.gnu-tools-for-stm32.9-2020-q2-update.linux64_1.5.0.202011040924/tools/bin/../lib/gcc/arm-none-eabi/9.3.1/../../../../arm-none-eabi/lib/thumb/v7e-m+dp/hard/libstdc++_nano.a(new_op.o) (abort)
/opt/st/stm32cubeide_1.6.0/plugins/com.st.stm32cube.ide.mcu.externaltools.gnu-tools-for-stm32.9-2020-q2-update.linux64_1.5.0.202011040924/tools/bin/../lib/gcc/arm-none-eabi/9.3.1/../../../../arm-none-eabi/lib/thumb/v7e-m+dp/hard/libc_nano.a(lib_a-errno.o)
                              Core/Src/syscalls.o (__errno)
/opt/st/stm32cubeide_1.6.0/plugins/com.st.stm32cube.ide.mcu.externaltools.gnu-tools-for-stm32.9-2020-q2-update.linux64_1.5.0.202011040924/tools/bin/../lib/gcc/arm-none-eabi/9.3.1/../../../../arm-none-eabi/lib/thumb/v7e-m+dp/hard/libc_nano.a(lib_a-exit.o)
                              /opt/st/stm32cubeide_1.6.0/plugins/com.st.stm32cube.ide.mcu.externaltools.gnu-tools-for-stm32.9-2020-q2-update.linux64_1.5.0.202011040924/tools/bin/../lib/gcc/arm-none-eabi/9.3.1/../../../../arm-none-eabi/lib/thumb/v7e-m+dp/hard/crt0.o (exit)
/opt/st/stm32cubeide_1.6.0/plugins/com.st.stm32cube.ide.mcu.externaltools.gnu-tools-for-stm32.9-2020-q2-update.linux64_1.5.0.202011040924/tools/bin/../lib/gcc/arm-none-eabi/9.3.1/../../../../arm-none-eabi/lib/thumb/v7e-m+dp/hard/libc_nano.a(lib_a-impure.o)
                              /opt/st/stm32cubeide_1.6.0/plugins/com.st.stm32cube.ide.mcu.externaltools.gnu-tools-for-stm32.9-2020-q2-update.linux64_1.5.0.202011040924/tools/bin/../lib/gcc/arm-none-eabi/9.3.1/../../../../arm-none-eabi/lib/thumb/v7e-m+dp/hard/libc_nano.a(lib_a-exit.o) (_global_impure_ptr)
/opt/st/stm32cubeide_1.6.0/plugins/com.st.stm32cube.ide.mcu.externaltools.gnu-tools-for-stm32.9-2020-q2-update.linux64_1.5.0.202011040924/tools/bin/../lib/gcc/arm-none-eabi/9.3.1/../../../../arm-none-eabi/lib/thumb/v7e-m+dp/hard/libc_nano.a(lib_a-init.o)
                              /opt/st/stm32cubeide_1.6.0/plugins/com.st.stm32cube.ide.mcu.externaltools.gnu-tools-for-stm32.9-2020-q2-update.linux64_1.5.0.202011040924/tools/bin/../lib/gcc/arm-none-eabi/9.3.1/../../../../arm-none-eabi/lib/thumb/v7e-m+dp/hard/crt0.o (__libc_init_array)
/opt/st/stm32cubeide_1.6.0/plugins/com.st.stm32cube.ide.mcu.externaltools.gnu-tools-for-stm32.9-2020-q2-update.linux64_1.5.0.202011040924/tools/bin/../lib/gcc/arm-none-eabi/9.3.1/../../../../arm-none-eabi/lib/thumb/v7e-m+dp/hard/libc_nano.a(lib_a-malloc.o)
                              /opt/st/stm32cubeide_1.6.0/plugins/com.st.stm32cube.ide.mcu.externaltools.gnu-tools-for-stm32.9-2020-q2-update.linux64_1.5.0.202011040924/tools/bin/../lib/gcc/arm-none-eabi/9.3.1/../../../../arm-none-eabi/lib/thumb/v7e-m+dp/hard/libstdc++_nano.a(new_op.o) (malloc)
/opt/st/stm32cubeide_1.6.0/plugins/com.st.stm32cube.ide.mcu.externaltools.gnu-tools-for-stm32.9-2020-q2-update.linux64_1.5.0.202011040924/tools/bin/../lib/gcc/arm-none-eabi/9.3.1/../../../../arm-none-eabi/lib/thumb/v7e-m+dp/hard/libc_nano.a(lib_a-memset.o)
                              /opt/st/stm32cubeide_1.6.0/plugins/com.st.stm32cube.ide.mcu.externaltools.gnu-tools-for-stm32.9-2020-q2-update.linux64_1.5.0.202011040924/tools/bin/../lib/gcc/arm-none-eabi/9.3.1/../../../../arm-none-eabi/lib/thumb/v7e-m+dp/hard/crt0.o (memset)
/opt/st/stm32cubeide_1.6.0/plugins/com.st.stm32cube.ide.mcu.externaltools.gnu-tools-for-stm32.9-2020-q2-update.linux64_1.5.0.202011040924/tools/bin/../lib/gcc/arm-none-eabi/9.3.1/../../../../arm-none-eabi/lib/thumb/v7e-m+dp/hard/libc_nano.a(lib_a-nano-freer.o)
[...]
Memory Configuration

Name             Origin             Length             Attributes
FLASH            0x0000000008000000 0x0000000000200000 xr
RAM              0x0000000020000000 0x0000000000020000 xrw
RAM_D1           0x0000000024000000 0x0000000000080000 xrw
RAM_D2           0x0000000030000000 0x0000000000048000 xrw
RAM_D3           0x0000000038000000 0x0000000000010000 xrw
ITCMRAM          0x0000000000000000 0x0000000000010000 xrw
*default*        0x0000000000000000 0xffffffffffffffff

Linker script and memory map

LOAD /opt/st/stm32cubeide_1.6.0/plugins/com.st.stm32cube.ide.mcu.externaltools.gnu-tools-for-stm32.9-2020-q2-update.linux64_1.5.0.202011040924/tools/bin/../lib/gcc/arm-none-eabi/9.3.1/thumb/v7e-m+dp/hard/crti.o
LOAD /opt/st/stm32cubeide_1.6.0/plugins/com.st.stm32cube.ide.mcu.externaltools.gnu-tools-for-stm32.9-2020-q2-update.linux64_1.5.0.202011040924/tools/bin/../lib/gcc/arm-none-eabi/9.3.1/thumb/v7e-m+dp/hard/crtbegin.o
LOAD /opt/st/stm32cubeide_1.6.0/plugins/com.st.stm32cube.ide.mcu.externaltools.gnu-tools-for-stm32.9-2020-q2-update.linux64_1.5.0.202011040924/tools/bin/../lib/gcc/arm-none-eabi/9.3.1/../../../../arm-none-eabi/lib/thumb/v7e-m+dp/hard/crt0.o
LOAD Core/Inc/Dial.o
LOAD Core/Inc/Stepper.o
LOAD Core/Inc/Stepper_test.o
LOAD Core/Src/main.o
LOAD Core/Src/stm32h7xx_hal_msp.o
LOAD Core/Src/stm32h7xx_it.o
LOAD Core/Src/syscalls.o
LOAD Core/Src/sysmem.o
LOAD Core/Src/system_stm32h7xx.o
LOAD Core/Startup/startup_stm32h743zitx.o
LOAD Drivers/STM32H7xx_HAL_Driver/Src/stm32h7xx_hal.o
LOAD Drivers/STM32H7xx_HAL_Driver/Src/stm32h7xx_hal_cortex.o
LOAD Drivers/STM32H7xx_HAL_Driver/Src/stm32h7xx_hal_dma.o
LOAD Drivers/STM32H7xx_HAL_Driver/Src/stm32h7xx_hal_dma_ex.o
LOAD Drivers/STM32H7xx_HAL_Driver/Src/stm32h7xx_hal_eth.o
LOAD Drivers/STM32H7xx_HAL_Driver/Src/stm32h7xx_hal_eth_ex.o
LOAD Drivers/STM32H7xx_HAL_Driver/Src/stm32h7xx_hal_exti.o
LOAD Drivers/STM32H7xx_HAL_Driver/Src/stm32h7xx_hal_flash.o
LOAD Drivers/STM32H7xx_HAL_Driver/Src/stm32h7xx_hal_flash_ex.o
LOAD Drivers/STM32H7xx_HAL_Driver/Src/stm32h7xx_hal_gpio.o
LOAD Drivers/STM32H7xx_HAL_Driver/Src/stm32h7xx_hal_hsem.o
LOAD Drivers/STM32H7xx_HAL_Driver/Src/stm32h7xx_hal_i2c.o
LOAD Drivers/STM32H7xx_HAL_Driver/Src/stm32h7xx_hal_i2c_ex.o
LOAD Drivers/STM32H7xx_HAL_Driver/Src/stm32h7xx_hal_mdma.o
LOAD Drivers/STM32H7xx_HAL_Driver/Src/stm32h7xx_hal_pcd.o
LOAD Drivers/STM32H7xx_HAL_Driver/Src/stm32h7xx_hal_pcd_ex.o
LOAD Drivers/STM32H7xx_HAL_Driver/Src/stm32h7xx_hal_pwr.o
LOAD Drivers/STM32H7xx_HAL_Driver/Src/stm32h7xx_hal_pwr_ex.o
LOAD Drivers/STM32H7xx_HAL_Driver/Src/stm32h7xx_hal_rcc.o
LOAD Drivers/STM32H7xx_HAL_Driver/Src/stm32h7xx_hal_rcc_ex.o
LOAD Drivers/STM32H7xx_HAL_Driver/Src/stm32h7xx_hal_tim.o
LOAD Drivers/STM32H7xx_HAL_Driver/Src/stm32h7xx_hal_tim_ex.o
LOAD Drivers/STM32H7xx_HAL_Driver/Src/stm32h7xx_hal_uart.o
LOAD Drivers/STM32H7xx_HAL_Driver/Src/stm32h7xx_hal_uart_ex.o
LOAD Drivers/STM32H7xx_HAL_Driver/Src/stm32h7xx_ll_usb.o
START GROUP
LOAD /opt/st/stm32cubeide_1.6.0/plugins/com.st.stm32cube.ide.mcu.externaltools.gnu-tools-for-stm32.9-2020-q2-update.linux64_1.5.0.202011040924/tools/bin/../lib/gcc/arm-none-eabi/9.3.1/../../../../arm-none-eabi/lib/thumb/v7e-m+dp/hard/libstdc++_nano.a
LOAD /opt/st/stm32cubeide_1.6.0/plugins/com.st.stm32cube.ide.mcu.externaltools.gnu-tools-for-stm32.9-2020-q2-update.linux64_1.5.0.202011040924/tools/bin/../lib/gcc/arm-none-eabi/9.3.1/../../../../arm-none-eabi/lib/thumb/v7e-m+dp/hard/libsupc++_nano.a
END GROUP
LOAD /opt/st/stm32cubeide_1.6.0/plugins/com.st.stm32cube.ide.mcu.externaltools.gnu-tools-for-stm32.9-2020-q2-update.linux64_1.5.0.202011040924/tools/bin/../lib/gcc/arm-none-eabi/9.3.1/../../../../arm-none-eabi/lib/thumb/v7e-m+dp/hard/libstdc++_nano.a
LOAD /opt/st/stm32cubeide_1.6.0/plugins/com.st.stm32cube.ide.mcu.externaltools.gnu-tools-for-stm32.9-2020-q2-update.linux64_1.5.0.202011040924/tools/bin/../lib/gcc/arm-none-eabi/9.3.1/../../../../arm-none-eabi/lib/thumb/v7e-m+dp/hard/libm.a
LOAD /opt/st/stm32cubeide_1.6.0/plugins/com.st.stm32cube.ide.mcu.externaltools.gnu-tools-for-stm32.9-2020-q2-update.linux64_1.5.0.202011040924/tools/bin/../lib/gcc/arm-none-eabi/9.3.1/../../../../arm-none-eabi/lib/thumb/v7e-m+dp/hard/libc_nano.a
START GROUP
LOAD /opt/st/stm32cubeide_1.6.0/plugins/com.st.stm32cube.ide.mcu.externaltools.gnu-tools-for-stm32.9-2020-q2-update.linux64_1.5.0.202011040924/tools/bin/../lib/gcc/arm-none-eabi/9.3.1/thumb/v7e-m+dp/hard/libgcc.a
LOAD /opt/st/stm32cubeide_1.6.0/plugins/com.st.stm32cube.ide.mcu.externaltools.gnu-tools-for-stm32.9-2020-q2-update.linux64_1.5.0.202011040924/tools/bin/../lib/gcc/arm-none-eabi/9.3.1/../../../../arm-none-eabi/lib/thumb/v7e-m+dp/hard/libc_nano.a
END GROUP
START GROUP
LOAD /opt/st/stm32cubeide_1.6.0/plugins/com.st.stm32cube.ide.mcu.externaltools.gnu-tools-for-stm32.9-2020-q2-update.linux64_1.5.0.202011040924/tools/bin/../lib/gcc/arm-none-eabi/9.3.1/thumb/v7e-m+dp/hard/libgcc.a
LOAD /opt/st/stm32cubeide_1.6.0/plugins/com.st.stm32cube.ide.mcu.externaltools.gnu-tools-for-stm32.9-2020-q2-update.linux64_1.5.0.202011040924/tools/bin/../lib/gcc/arm-none-eabi/9.3.1/../../../../arm-none-eabi/lib/thumb/v7e-m+dp/hard/libc_nano.a
LOAD /opt/st/stm32cubeide_1.6.0/plugins/com.st.stm32cube.ide.mcu.externaltools.gnu-tools-for-stm32.9-2020-q2-update.linux64_1.5.0.202011040924/tools/bin/../lib/gcc/arm-none-eabi/9.3.1/../../../../arm-none-eabi/lib/thumb/v7e-m+dp/hard/libnosys.a
END GROUP
START GROUP
LOAD /opt/st/stm32cubeide_1.6.0/plugins/com.st.stm32cube.ide.mcu.externaltools.gnu-tools-for-stm32.9-2020-q2-update.linux64_1.5.0.202011040924/tools/bin/../lib/gcc/arm-none-eabi/9.3.1/thumb/v7e-m+dp/hard/libgcc.a
LOAD /opt/st/stm32cubeide_1.6.0/plugins/com.st.stm32cube.ide.mcu.externaltools.gnu-tools-for-stm32.9-2020-q2-update.linux64_1.5.0.202011040924/tools/bin/../lib/gcc/arm-none-eabi/9.3.1/../../../../arm-none-eabi/lib/thumb/v7e-m+dp/hard/libc_nano.a
LOAD /opt/st/stm32cubeide_1.6.0/plugins/com.st.stm32cube.ide.mcu.externaltools.gnu-tools-for-stm32.9-2020-q2-update.linux64_1.5.0.202011040924/tools/bin/../lib/gcc/arm-none-eabi/9.3.1/../../../../arm-none-eabi/lib/thumb/v7e-m+dp/hard/libnosys.a
END GROUP
LOAD /opt/st/stm32cubeide_1.6.0/plugins/com.st.stm32cube.ide.mcu.externaltools.gnu-tools-for-stm32.9-2020-q2-update.linux64_1.5.0.202011040924/tools/bin/../lib/gcc/arm-none-eabi/9.3.1/thumb/v7e-m+dp/hard/crtend.o
LOAD /opt/st/stm32cubeide_1.6.0/plugins/com.st.stm32cube.ide.mcu.externaltools.gnu-tools-for-stm32.9-2020-q2-update.linux64_1.5.0.202011040924/tools/bin/../lib/gcc/arm-none-eabi/9.3.1/thumb/v7e-m+dp/hard/crtn.o
                0x0000000020020000                _estack = 0x20020000
                0x0000000000000200                _Min_Heap_Size = 0x200
                0x0000000000000400                _Min_Stack_Size = 0x400

.isr_vector     0x0000000008000000      0x298
                0x0000000008000000                . = ALIGN (0x4)
 *(.isr_vector)
 .isr_vector    0x0000000008000000      0x298 Core/Startup/startup_stm32h743zitx.o
                0x0000000008000000                g_pfnVectors
                0x0000000008000298                . = ALIGN (0x4)

.text           0x0000000008000298     0x7878
                0x0000000008000298                . = ALIGN (0x4)
 *(.text)
 .text          0x0000000008000298       0x40 /opt/st/stm32cubeide_1.6.0/plugins/com.st.stm32cube.ide.mcu.externaltools.gnu-tools-for-stm32.9-2020-q2-update.linux64_1.5.0.202011040924/tools/bin/../lib/gcc/arm-none-eabi/9.3.1/thumb/v7e-m+dp/hard/crtbegin.o
 .text          0x00000000080002d8       0x30 /opt/st/stm32cubeide_1.6.0/plugins/com.st.stm32cube.ide.mcu.externaltools.gnu-tools-for-stm32.9-2020-q2-update.linux64_1.5.0.202011040924/tools/bin/../lib/gcc/arm-none-eabi/9.3.1/thumb/v7e-m+dp/hard/libgcc.a(_aeabi_uldivmod.o)
                0x00000000080002d8                __aeabi_uldivmod
 .text          0x0000000008000308      0x2c4 /opt/st/stm32cubeide_1.6.0/plugins/com.st.stm32cube.ide.mcu.externaltools.gnu-tools-for-stm32.9-2020-q2-update.linux64_1.5.0.202011040924/tools/bin/../lib/gcc/arm-none-eabi/9.3.1/thumb/v7e-m+dp/hard/libgcc.a(_udivmoddi4.o)
                0x0000000008000308                __udivmoddi4
 .text          0x00000000080005cc        0x4 /opt/st/stm32cubeide_1.6.0/plugins/com.st.stm32cube.ide.mcu.externaltools.gnu-tools-for-stm32.9-2020-q2-update.linux64_1.5.0.202011040924/tools/bin/../lib/gcc/arm-none-eabi/9.3.1/thumb/v7e-m+dp/hard/libgcc.a(_dvmd_tls.o)
                0x00000000080005cc                __aeabi_ldiv0
                0x00000000080005cc                __aeabi_idiv0
 *(.text*)
 .text._ZNSt4DialC2Ev
                0x00000000080005d0       0x22 Core/Inc/Dial.o
                0x00000000080005d0                std::Dial::Dial()
                0x00000000080005d0                std::Dial::Dial()
 .text._ZNSt4Dial14CalculateStepsE9Directionhh
                0x00000000080005f2       0x62 Core/Inc/Dial.o
                0x00000000080005f2                std::Dial::CalculateSteps(Direction, unsigned char, unsigned char)
 .text._ZNSt4Dial14UpdatePositionEh
                0x0000000008000654       0x1e Core/Inc/Dial.o
                0x0000000008000654                std::Dial::UpdatePosition(unsigned char)
 .text._ZNSt12StepperMotorC2EP11TIM_TypeDef
                0x0000000008000672       0x30 Core/Inc/Stepper.o
                0x0000000008000672                std::StepperMotor::StepperMotor(TIM_TypeDef*)
                0x0000000008000672                std::StepperMotor::StepperMotor(TIM_TypeDef*)
 .text._ZNSt12StepperMotor10UpdateStepEv
                0x00000000080006a2       0x2c Core/Inc/Stepper.o
                0x00000000080006a2                std::StepperMotor::UpdateStep()
 .text._ZNSt12StepperMotor4StopEv
                0x00000000080006ce       0x38 Core/Inc/Stepper.o
                0x00000000080006ce                std::StepperMotor::Stop()
 *fill*         0x0000000008000706        0x2 
 .text._ZNSt12StepperMotor4MoveEi9Direction
                0x0000000008000708       0x64 Core/Inc/Stepper.o
                0x0000000008000708                std::StepperMotor::Move(int, Direction)
 .text._ZNSt12StepperMotor6StatusEv
                0x000000000800076c       0x18 Core/Inc/Stepper.o
                0x000000000800076c                std::StepperMotor::Status()
 .text._ZNSt12StepperMotor12MoveCompleteEv
                0x0000000008000784       0x18 Core/Inc/Stepper.o
                0x0000000008000784                std::StepperMotor::MoveComplete()
 .text.main     0x000000000800079c       0x78 Core/Src/main.o
                0x000000000800079c                main
 .text._Z18SystemClock_Configv
                0x0000000008000814      0x11c Core/Src/main.o
                0x0000000008000814                SystemClock_Config()
 .text._ZL11MX_ETH_Initv
                0x0000000008000930       0xb0 Core/Src/main.o
 .text._ZL12MX_TIM3_Initv
                0x00000000080009e0      0x120 Core/Src/main.o
 .text._ZL19MX_USART3_UART_Initv
                0x0000000008000b00       0xc0 Core/Src/main.o
 .text._ZL22MX_USB_OTG_FS_PCD_Initv
                0x0000000008000bc0       0x6c Core/Src/main.o
 .text._ZL12MX_GPIO_Initv
                0x0000000008000c2c      0x1e4 Core/Src/main.o
 .text.HAL_TIM_PWM_PulseFinishedCallback
                0x0000000008000e10       0x44 Core/Src/main.o
                0x0000000008000e10                HAL_TIM_PWM_PulseFinishedCallback
 .text._Z12Move_Stepper9Directionii
                0x0000000008000e54       0x74 Core/Src/main.o
                0x0000000008000e54                Move_Stepper(Direction, int, int)
 .text.Error_Handler
                0x0000000008000ec8        0xa Core/Src/main.o
                0x0000000008000ec8                Error_Handler
 *fill*         0x0000000008000ed2        0x2 
 .text._Z41__static_initialization_and_destruction_0ii
                0x0000000008000ed4       0x58 Core/Src/main.o
 .text._GLOBAL__sub_I_DMARxDscrTab
                0x0000000008000f2c       0x10 Core/Src/main.o
 .text.HAL_MspInit
                0x0000000008000f3c       0x34 Core/Src/stm32h7xx_hal_msp.o
                0x0000000008000f3c                HAL_MspInit
 .text.HAL_ETH_MspInit
                0x0000000008000f70      0x19c Core/Src/stm32h7xx_hal_msp.o
                0x0000000008000f70                HAL_ETH_MspInit
 .text.HAL_TIM_Base_MspInit
                0x000000000800110c       0x50 Core/Src/stm32h7xx_hal_msp.o
                0x000000000800110c                HAL_TIM_Base_MspInit
 .text.HAL_TIM_MspPostInit
                0x000000000800115c       0x78 Core/Src/stm32h7xx_hal_msp.o
                0x000000000800115c                HAL_TIM_MspPostInit
 .text.HAL_UART_MspInit
                0x00000000080011d4       0xcc Core/Src/stm32h7xx_hal_msp.o
                0x00000000080011d4                HAL_UART_MspInit
 .text.HAL_PCD_MspInit
                0x00000000080012a0       0xf4 Core/Src/stm32h7xx_hal_msp.o
                0x00000000080012a0                HAL_PCD_MspInit
 .text.NMI_Handler
                0x0000000008001394        0x6 Core/Src/stm32h7xx_it.o
                0x0000000008001394                NMI_Handler
 .text.HardFault_Handler
                0x000000000800139a        0x6 Core/Src/stm32h7xx_it.o
                0x000000000800139a                HardFault_Handler
 .text.MemManage_Handler
                0x00000000080013a0        0x6 Core/Src/stm32h7xx_it.o
                0x00000000080013a0                MemManage_Handler
 .text.BusFault_Handler
                0x00000000080013a6        0x6 Core/Src/stm32h7xx_it.o
                0x00000000080013a6                BusFault_Handler
 .text.UsageFault_Handler
                0x00000000080013ac        0x6 Core/Src/stm32h7xx_it.o
                0x00000000080013ac                UsageFault_Handler
 .text.SVC_Handler
                0x00000000080013b2        0xe Core/Src/stm32h7xx_it.o
                0x00000000080013b2                SVC_Handler
 .text.DebugMon_Handler
                0x00000000080013c0        0xe Core/Src/stm32h7xx_it.o
                0x00000000080013c0                DebugMon_Handler
 .text.PendSV_Handler
                0x00000000080013ce        0xe Core/Src/stm32h7xx_it.o
                0x00000000080013ce                PendSV_Handler
 .text.SysTick_Handler
                0x00000000080013dc        0xc Core/Src/stm32h7xx_it.o
                0x00000000080013dc                SysTick_Handler
 .text.TIM3_IRQHandler
                0x00000000080013e8       0x14 Core/Src/stm32h7xx_it.o
                0x00000000080013e8                TIM3_IRQHandler
 .text._getpid  0x00000000080013fc       0x10 Core/Src/syscalls.o
                0x00000000080013fc                _getpid
 .text._kill    0x000000000800140c       0x20 Core/Src/syscalls.o
                0x000000000800140c                _kill
 .text._exit    0x000000000800142c       0x14 Core/Src/syscalls.o
                0x000000000800142c                _exit
 .text._sbrk    0x0000000008001440       0x6c Core/Src/sysmem.o
                0x0000000008001440                _sbrk
 .text.SystemInit
                0x00000000080014ac      0x118 Core/Src/system_stm32h7xx.o
                0x00000000080014ac                SystemInit
 .text.Reset_Handler
                0x00000000080015c4       0x50 Core/Startup/startup_stm32h743zitx.o
                0x00000000080015c4                Reset_Handler
 .text.Default_Handler
                0x0000000008001614        0x2 Core/Startup/startup_stm32h743zitx.o
                0x0000000008001614                RTC_Alarm_IRQHandler
                0x0000000008001614                EXTI2_IRQHandler
                0x0000000008001614                TIM8_CC_IRQHandler
                0x0000000008001614                HRTIM1_Master_IRQHandler
                0x0000000008001614                UART8_IRQHandler
                0x0000000008001614                SPI4_IRQHandler
                0x0000000008001614                TIM1_CC_IRQHandler
                0x0000000008001614                BDMA_Channel6_IRQHandler
                0x0000000008001614                DMA2_Stream5_IRQHandler
                0x0000000008001614                HRTIM1_FLT_IRQHandler
                0x0000000008001614                JPEG_IRQHandler
                0x0000000008001614                DMA1_Stream5_IRQHandler
                0x0000000008001614                BDMA_Channel1_IRQHandler
                0x0000000008001614                HRTIM1_TIMD_IRQHandler
                0x0000000008001614                TAMP_STAMP_IRQHandler
                0x0000000008001614                EXTI3_IRQHandler
                0x0000000008001614                LPTIM4_IRQHandler
                0x0000000008001614                TIM8_TRG_COM_TIM14_IRQHandler
                0x0000000008001614                LPTIM2_IRQHandler
                0x0000000008001614                DFSDM1_FLT1_IRQHandler
                0x0000000008001614                DMAMUX2_OVR_IRQHandler
                0x0000000008001614                TIM8_UP_TIM13_IRQHandler
                0x0000000008001614                I2C3_ER_IRQHandler
                0x0000000008001614                DFSDM1_FLT2_IRQHandler
                0x0000000008001614                MDMA_IRQHandler
                0x0000000008001614                LPTIM3_IRQHandler
                0x0000000008001614                HSEM1_IRQHandler
                0x0000000008001614                EXTI0_IRQHandler
                0x0000000008001614                I2C2_EV_IRQHandler
                0x0000000008001614                DMA1_Stream2_IRQHandler
                0x0000000008001614                FPU_IRQHandler
                0x0000000008001614                OTG_HS_WKUP_IRQHandler
                0x0000000008001614                FDCAN1_IT1_IRQHandler
                0x0000000008001614                LTDC_ER_IRQHandler
                0x0000000008001614                DMA2_Stream2_IRQHandler
                0x0000000008001614                HRTIM1_TIME_IRQHandler
                0x0000000008001614                SPI1_IRQHandler
                0x0000000008001614                TIM6_DAC_IRQHandler
                0x0000000008001614                DCMI_IRQHandler
                0x0000000008001614                HRTIM1_TIMC_IRQHandler
                0x0000000008001614                DMA2_Stream3_IRQHandler
                0x0000000008001614                SAI2_IRQHandler
                0x0000000008001614                DFSDM1_FLT3_IRQHandler
                0x0000000008001614                USART6_IRQHandler
                0x0000000008001614                TIM17_IRQHandler
                0x0000000008001614                USART3_IRQHandler
                0x0000000008001614                BDMA_Channel7_IRQHandler
                0x0000000008001614                LPTIM5_IRQHandler
                0x0000000008001614                UART5_IRQHandler
                0x0000000008001614                ADC3_IRQHandler
                0x0000000008001614                DMA2_Stream0_IRQHandler
                0x0000000008001614                TIM4_IRQHandler
                0x0000000008001614                BDMA_Channel2_IRQHandler
                0x0000000008001614                QUADSPI_IRQHandler
                0x0000000008001614                I2C1_EV_IRQHandler
                0x0000000008001614                DMA1_Stream6_IRQHandler
                0x0000000008001614                DMAMUX1_OVR_IRQHandler
                0x0000000008001614                DMA1_Stream1_IRQHandler
                0x0000000008001614                TIM16_IRQHandler
                0x0000000008001614                UART4_IRQHandler
                0x0000000008001614                BDMA_Channel5_IRQHandler
                0x0000000008001614                RCC_IRQHandler
                0x0000000008001614                TIM8_BRK_TIM12_IRQHandler
                0x0000000008001614                TIM1_TRG_COM_IRQHandler
                0x0000000008001614                Default_Handler
                0x0000000008001614                ECC_IRQHandler
                0x0000000008001614                CEC_IRQHandler
                0x0000000008001614                EXTI15_10_IRQHandler
                0x0000000008001614                BDMA_Channel0_IRQHandler
                0x0000000008001614                ADC_IRQHandler
                0x0000000008001614                DMA1_Stream7_IRQHandler
                0x0000000008001614                HRTIM1_TIMA_IRQHandler
                0x0000000008001614                SPI5_IRQHandler
                0x0000000008001614                TIM7_IRQHandler
                0x0000000008001614                SDMMC1_IRQHandler
                0x0000000008001614                TIM5_IRQHandler
                0x0000000008001614                DMA2_Stream7_IRQHandler
                0x0000000008001614                TIM15_IRQHandler
                0x0000000008001614                PVD_AVD_IRQHandler
                0x0000000008001614                I2C3_EV_IRQHandler
                0x0000000008001614                EXTI9_5_IRQHandler
                0x0000000008001614                RTC_WKUP_IRQHandler
                0x0000000008001614                LTDC_IRQHandler
                0x0000000008001614                SAI3_IRQHandler
                0x0000000008001614                ETH_WKUP_IRQHandler
                0x0000000008001614                SPDIF_RX_IRQHandler
                0x0000000008001614                SPI2_IRQHandler
                0x0000000008001614                OTG_HS_EP1_IN_IRQHandler
                0x0000000008001614                DMA1_Stream0_IRQHandler
                0x0000000008001614                CRS_IRQHandler
                0x0000000008001614                EXTI4_IRQHandler
                0x0000000008001614                RNG_IRQHandler
                0x0000000008001614                HRTIM1_TIMB_IRQHandler
                0x0000000008001614                FDCAN2_IT1_IRQHandler
                0x0000000008001614                ETH_IRQHandler
                0x0000000008001614                TIM1_UP_IRQHandler
                0x0000000008001614                BDMA_Channel4_IRQHandler
                0x0000000008001614                OTG_HS_EP1_OUT_IRQHandler
                0x0000000008001614                WWDG_IRQHandler
                0x0000000008001614                SPI6_IRQHandler
                0x0000000008001614                MDIOS_IRQHandler
                0x0000000008001614                I2C4_EV_IRQHandler
                0x0000000008001614                FDCAN2_IT0_IRQHandler
                0x0000000008001614                LPUART1_IRQHandler
                0x0000000008001614                FDCAN1_IT0_IRQHandler
                0x0000000008001614                TIM2_IRQHandler
                0x0000000008001614                OTG_FS_WKUP_IRQHandler
                0x0000000008001614                OTG_HS_IRQHandler
                0x0000000008001614                DMA2D_IRQHandler
                0x0000000008001614                TIM1_BRK_IRQHandler
                0x0000000008001614                EXTI1_IRQHandler
                0x0000000008001614                SDMMC2_IRQHandler
                0x0000000008001614                OTG_FS_EP1_OUT_IRQHandler
                0x0000000008001614                BDMA_Channel3_IRQHandler
                0x0000000008001614                UART7_IRQHandler
                0x0000000008001614                MDIOS_WKUP_IRQHandler
                0x0000000008001614                USART2_IRQHandler
                0x0000000008001614                DFSDM1_FLT0_IRQHandler
                0x0000000008001614                SAI4_IRQHandler
                0x0000000008001614                I2C2_ER_IRQHandler
                0x0000000008001614                DMA2_Stream1_IRQHandler
                0x0000000008001614                FLASH_IRQHandler
                0x0000000008001614                DMA2_Stream4_IRQHandler
                0x0000000008001614                USART1_IRQHandler
                0x0000000008001614                OTG_FS_IRQHandler
                0x0000000008001614                SPI3_IRQHandler
                0x0000000008001614                WAKEUP_PIN_IRQHandler
                0x0000000008001614                DMA1_Stream4_IRQHandler
                0x0000000008001614                OTG_FS_EP1_IN_IRQHandler
                0x0000000008001614                I2C1_ER_IRQHandler
                0x0000000008001614                FMC_IRQHandler
                0x0000000008001614                FDCAN_CAL_IRQHandler
                0x0000000008001614                SWPMI1_IRQHandler
                0x0000000008001614                COMP1_IRQHandler
                0x0000000008001614                LPTIM1_IRQHandler
                0x0000000008001614                I2C4_ER_IRQHandler
                0x0000000008001614                DMA2_Stream6_IRQHandler
                0x0000000008001614                SAI1_IRQHandler
                0x0000000008001614                DMA1_Stream3_IRQHandler
 *fill*         0x0000000008001616        0x2 
 .text.HAL_Init
                0x0000000008001618       0x78 Drivers/STM32H7xx_HAL_Driver/Src/stm32h7xx_hal.o
                0x0000000008001618                HAL_Init
 .text.HAL_InitTick
                0x0000000008001690       0x6c Drivers/STM32H7xx_HAL_Driver/Src/stm32h7xx_hal.o
                0x0000000008001690                HAL_InitTick
 .text.HAL_IncTick
                0x00000000080016fc       0x28 Drivers/STM32H7xx_HAL_Driver/Src/stm32h7xx_hal.o
                0x00000000080016fc                HAL_IncTick
 .text.HAL_GetTick
                0x0000000008001724       0x18 Drivers/STM32H7xx_HAL_Driver/Src/stm32h7xx_hal.o
                0x0000000008001724                HAL_GetTick
 .text.HAL_Delay
                0x000000000800173c       0x48 Drivers/STM32H7xx_HAL_Driver/Src/stm32h7xx_hal.o
                0x000000000800173c                HAL_Delay
 .text.HAL_GetREVID
                0x0000000008001784       0x18 Drivers/STM32H7xx_HAL_Driver/Src/stm32h7xx_hal.o
                0x0000000008001784                HAL_GetREVID
 .text.HAL_SYSCFG_ETHInterfaceSelect
                0x000000000800179c       0x28 Drivers/STM32H7xx_HAL_Driver/Src/stm32h7xx_hal.o
                0x000000000800179c                HAL_SYSCFG_ETHInterfaceSelect
 .text.__NVIC_SetPriorityGrouping
                0x00000000080017c4       0x48 Drivers/STM32H7xx_HAL_Driver/Src/stm32h7xx_hal_cortex.o
 .text.__NVIC_GetPriorityGrouping
                0x000000000800180c       0x1c Drivers/STM32H7xx_HAL_Driver/Src/stm32h7xx_hal_cortex.o
 .text.__NVIC_EnableIRQ
                0x0000000008001828       0x3c Drivers/STM32H7xx_HAL_Driver/Src/stm32h7xx_hal_cortex.o
 .text.__NVIC_SetPriority
                0x0000000008001864       0x54 Drivers/STM32H7xx_HAL_Driver/Src/stm32h7xx_hal_cortex.o
 .text.NVIC_EncodePriority
                0x00000000080018b8       0x66 Drivers/STM32H7xx_HAL_Driver/Src/stm32h7xx_hal_cortex.o
 *fill*         0x000000000800191e        0x2 
 .text.SysTick_Config
                0x0000000008001920       0x44 Drivers/STM32H7xx_HAL_Driver/Src/stm32h7xx_hal_cortex.o
 .text.HAL_NVIC_SetPriorityGrouping
                0x0000000008001964       0x16 Drivers/STM32H7xx_HAL_Driver/Src/stm32h7xx_hal_cortex.o
                0x0000000008001964                HAL_NVIC_SetPriorityGrouping
 .text.HAL_NVIC_SetPriority
                0x000000000800197a       0x34 Drivers/STM32H7xx_HAL_Driver/Src/stm32h7xx_hal_cortex.o
                0x000000000800197a                HAL_NVIC_SetPriority
 .text.HAL_NVIC_EnableIRQ
                0x00000000080019ae       0x1c Drivers/STM32H7xx_HAL_Driver/Src/stm32h7xx_hal_cortex.o
                0x00000000080019ae                HAL_NVIC_EnableIRQ
 .text.HAL_SYSTICK_Config
                0x00000000080019ca       0x18 Drivers/STM32H7xx_HAL_Driver/Src/stm32h7xx_hal_cortex.o
                0x00000000080019ca                HAL_SYSTICK_Config
 *fill*         0x00000000080019e2        0x2 
 .text.HAL_ETH_Init
                0x00000000080019e4      0x1b4 Drivers/STM32H7xx_HAL_Driver/Src/stm32h7xx_hal_eth.o
                0x00000000080019e4                HAL_ETH_Init
 .text.ETH_SetMACConfig
                0x0000000008001b98      0x238 Drivers/STM32H7xx_HAL_Driver/Src/stm32h7xx_hal_eth.o
 .text.ETH_SetDMAConfig
                0x0000000008001dd0      0x10c Drivers/STM32H7xx_HAL_Driver/Src/stm32h7xx_hal_eth.o
 .text.ETH_MACDMAConfig
                0x0000000008001edc      0x13a Drivers/STM32H7xx_HAL_Driver/Src/stm32h7xx_hal_eth.o
 *fill*         0x0000000008002016        0x2 
 .text.ETH_MAC_MDIO_ClkConfig
                0x0000000008002018       0xb0 Drivers/STM32H7xx_HAL_Driver/Src/stm32h7xx_hal_eth.o
 .text.ETH_DMATxDescListInit
                0x00000000080020c8       0x8e Drivers/STM32H7xx_HAL_Driver/Src/stm32h7xx_hal_eth.o
 .text.ETH_DMARxDescListInit
                0x0000000008002156       0xba Drivers/STM32H7xx_HAL_Driver/Src/stm32h7xx_hal_eth.o
 .text.HAL_GPIO_Init
                0x0000000008002210      0x360 Drivers/STM32H7xx_HAL_Driver/Src/stm32h7xx_hal_gpio.o
                0x0000000008002210                HAL_GPIO_Init
 .text.HAL_GPIO_WritePin
                0x0000000008002570       0x32 Drivers/STM32H7xx_HAL_Driver/Src/stm32h7xx_hal_gpio.o
                0x0000000008002570                HAL_GPIO_WritePin
 .text.HAL_PCD_Init
                0x00000000080025a2      0x248 Drivers/STM32H7xx_HAL_Driver/Src/stm32h7xx_hal_pcd.o
                0x00000000080025a2                HAL_PCD_Init
 *fill*         0x00000000080027ea        0x2 
 .text.HAL_PCDEx_ActivateLPM
                0x00000000080027ec       0x48 Drivers/STM32H7xx_HAL_Driver/Src/stm32h7xx_hal_pcd_ex.o
                0x00000000080027ec                HAL_PCDEx_ActivateLPM
 .text.HAL_PWREx_ConfigSupply
                0x0000000008002834       0x74 Drivers/STM32H7xx_HAL_Driver/Src/stm32h7xx_hal_pwr_ex.o
                0x0000000008002834                HAL_PWREx_ConfigSupply
 .text.HAL_PWREx_EnableUSBVoltageDetector
                0x00000000080028a8       0x20 Drivers/STM32H7xx_HAL_Driver/Src/stm32h7xx_hal_pwr_ex.o
                0x00000000080028a8                HAL_PWREx_EnableUSBVoltageDetector
 .text.HAL_RCC_OscConfig
                0x00000000080028c8      0x820 Drivers/STM32H7xx_HAL_Driver/Src/stm32h7xx_hal_rcc.o
                0x00000000080028c8                HAL_RCC_OscConfig
 .text.HAL_RCC_ClockConfig
                0x00000000080030e8      0x36c Drivers/STM32H7xx_HAL_Driver/Src/stm32h7xx_hal_rcc.o
                0x00000000080030e8                HAL_RCC_ClockConfig
 .text.HAL_RCC_GetSysClockFreq
                0x0000000008003454      0x2f4 Drivers/STM32H7xx_HAL_Driver/Src/stm32h7xx_hal_rcc.o
                0x0000000008003454                HAL_RCC_GetSysClockFreq
 .text.HAL_RCC_GetHCLKFreq
                0x0000000008003748       0x60 Drivers/STM32H7xx_HAL_Driver/Src/stm32h7xx_hal_rcc.o
                0x0000000008003748                HAL_RCC_GetHCLKFreq
 .text.HAL_RCC_GetPCLK1Freq
                0x00000000080037a8       0x2c Drivers/STM32H7xx_HAL_Driver/Src/stm32h7xx_hal_rcc.o
                0x00000000080037a8                HAL_RCC_GetPCLK1Freq
 .text.HAL_RCC_GetPCLK2Freq
                0x00000000080037d4       0x2c Drivers/STM32H7xx_HAL_Driver/Src/stm32h7xx_hal_rcc.o
                0x00000000080037d4                HAL_RCC_GetPCLK2Freq
 .text.HAL_RCCEx_PeriphCLKConfig
                0x0000000008003800      0xe80 Drivers/STM32H7xx_HAL_Driver/Src/stm32h7xx_hal_rcc_ex.o
                0x0000000008003800                HAL_RCCEx_PeriphCLKConfig
 .text.HAL_RCCEx_GetD3PCLK1Freq
                0x0000000008004680       0x2c Drivers/STM32H7xx_HAL_Driver/Src/stm32h7xx_hal_rcc_ex.o
                0x0000000008004680                HAL_RCCEx_GetD3PCLK1Freq
 .text.HAL_RCCEx_GetPLL2ClockFreq
                0x00000000080046ac      0x2a8 Drivers/STM32H7xx_HAL_Driver/Src/stm32h7xx_hal_rcc_ex.o
                0x00000000080046ac                HAL_RCCEx_GetPLL2ClockFreq
 .text.HAL_RCCEx_GetPLL3ClockFreq
                0x0000000008004954      0x2a8 Drivers/STM32H7xx_HAL_Driver/Src/stm32h7xx_hal_rcc_ex.o
                0x0000000008004954                HAL_RCCEx_GetPLL3ClockFreq
 .text.RCCEx_PLL2_Config
                0x0000000008004bfc      0x164 Drivers/STM32H7xx_HAL_Driver/Src/stm32h7xx_hal_rcc_ex.o
 .text.RCCEx_PLL3_Config
                0x0000000008004d60      0x164 Drivers/STM32H7xx_HAL_Driver/Src/stm32h7xx_hal_rcc_ex.o
 .text.HAL_TIM_Base_Init
                0x0000000008004ec4       0xae Drivers/STM32H7xx_HAL_Driver/Src/stm32h7xx_hal_tim.o
                0x0000000008004ec4                HAL_TIM_Base_Init
 .text.HAL_TIM_PWM_Init
                0x0000000008004f72       0xae Drivers/STM32H7xx_HAL_Driver/Src/stm32h7xx_hal_tim.o
                0x0000000008004f72                HAL_TIM_PWM_Init
 .text.HAL_TIM_PWM_MspInit
                0x0000000008005020       0x14 Drivers/STM32H7xx_HAL_Driver/Src/stm32h7xx_hal_tim.o
                0x0000000008005020                HAL_TIM_PWM_MspInit
 .text.HAL_TIM_PWM_Start_IT
                0x0000000008005034      0x29c Drivers/STM32H7xx_HAL_Driver/Src/stm32h7xx_hal_tim.o
                0x0000000008005034                HAL_TIM_PWM_Start_IT
 .text.HAL_TIM_IRQHandler
                0x00000000080052d0      0x23e Drivers/STM32H7xx_HAL_Driver/Src/stm32h7xx_hal_tim.o
                0x00000000080052d0                HAL_TIM_IRQHandler
 *fill*         0x000000000800550e        0x2 
 .text.HAL_TIM_PWM_ConfigChannel
                0x0000000008005510      0x220 Drivers/STM32H7xx_HAL_Driver/Src/stm32h7xx_hal_tim.o
                0x0000000008005510                HAL_TIM_PWM_ConfigChannel
 .text.HAL_TIM_ConfigClockSource
                0x0000000008005730      0x1e8 Drivers/STM32H7xx_HAL_Driver/Src/stm32h7xx_hal_tim.o
                0x0000000008005730                HAL_TIM_ConfigClockSource
 .text.HAL_TIM_PeriodElapsedCallback
                0x0000000008005918       0x14 Drivers/STM32H7xx_HAL_Driver/Src/stm32h7xx_hal_tim.o
                0x0000000008005918                HAL_TIM_PeriodElapsedCallback
 .text.HAL_TIM_OC_DelayElapsedCallback
                0x000000000800592c       0x14 Drivers/STM32H7xx_HAL_Driver/Src/stm32h7xx_hal_tim.o
                0x000000000800592c                HAL_TIM_OC_DelayElapsedCallback
 .text.HAL_TIM_IC_CaptureCallback
                0x0000000008005940       0x14 Drivers/STM32H7xx_HAL_Driver/Src/stm32h7xx_hal_tim.o
                0x0000000008005940                HAL_TIM_IC_CaptureCallback
 .text.HAL_TIM_TriggerCallback
                0x0000000008005954       0x14 Drivers/STM32H7xx_HAL_Driver/Src/stm32h7xx_hal_tim.o
                0x0000000008005954                HAL_TIM_TriggerCallback
 .text.TIM_Base_SetConfig
                0x0000000008005968      0x134 Drivers/STM32H7xx_HAL_Driver/Src/stm32h7xx_hal_tim.o
                0x0000000008005968                TIM_Base_SetConfig
 .text.TIM_OC1_SetConfig
                0x0000000008005a9c      0x120 Drivers/STM32H7xx_HAL_Driver/Src/stm32h7xx_hal_tim.o
 .text.TIM_OC2_SetConfig
                0x0000000008005bbc      0x114 Drivers/STM32H7xx_HAL_Driver/Src/stm32h7xx_hal_tim.o
                0x0000000008005bbc                TIM_OC2_SetConfig
 .text.TIM_OC3_SetConfig
                0x0000000008005cd0      0x10c Drivers/STM32H7xx_HAL_Driver/Src/stm32h7xx_hal_tim.o
 .text.TIM_OC4_SetConfig
                0x0000000008005ddc       0xd0 Drivers/STM32H7xx_HAL_Driver/Src/stm32h7xx_hal_tim.o
 .text.TIM_OC5_SetConfig
                0x0000000008005eac       0xc4 Drivers/STM32H7xx_HAL_Driver/Src/stm32h7xx_hal_tim.o
 .text.TIM_OC6_SetConfig
                0x0000000008005f70       0xc8 Drivers/STM32H7xx_HAL_Driver/Src/stm32h7xx_hal_tim.o
 .text.TIM_TI1_ConfigInputStage
                0x0000000008006038       0x5e Drivers/STM32H7xx_HAL_Driver/Src/stm32h7xx_hal_tim.o
 .text.TIM_TI2_ConfigInputStage
                0x0000000008006096       0x60 Drivers/STM32H7xx_HAL_Driver/Src/stm32h7xx_hal_tim.o
 *fill*         0x00000000080060f6        0x2 
 .text.TIM_ITRx_SetConfig
                0x00000000080060f8       0x3c Drivers/STM32H7xx_HAL_Driver/Src/stm32h7xx_hal_tim.o
 .text.TIM_ETR_SetConfig
                0x0000000008006134       0x40 Drivers/STM32H7xx_HAL_Driver/Src/stm32h7xx_hal_tim.o
                0x0000000008006134                TIM_ETR_SetConfig
 .text.TIM_CCxChannelCmd
                0x0000000008006174       0x4a Drivers/STM32H7xx_HAL_Driver/Src/stm32h7xx_hal_tim.o
                0x0000000008006174                TIM_CCxChannelCmd
 *fill*         0x00000000080061be        0x2 
 .text.HAL_TIMEx_MasterConfigSynchronization
                0x00000000080061c0      0x110 Drivers/STM32H7xx_HAL_Driver/Src/stm32h7xx_hal_tim_ex.o
                0x00000000080061c0                HAL_TIMEx_MasterConfigSynchronization
 .text.HAL_TIMEx_CommutCallback
                0x00000000080062d0       0x14 Drivers/STM32H7xx_HAL_Driver/Src/stm32h7xx_hal_tim_ex.o
                0x00000000080062d0                HAL_TIMEx_CommutCallback
 .text.HAL_TIMEx_BreakCallback
                0x00000000080062e4       0x14 Drivers/STM32H7xx_HAL_Driver/Src/stm32h7xx_hal_tim_ex.o
                0x00000000080062e4                HAL_TIMEx_BreakCallback
 .text.HAL_TIMEx_Break2Callback
                0x00000000080062f8       0x14 Drivers/STM32H7xx_HAL_Driver/Src/stm32h7xx_hal_tim_ex.o
                0x00000000080062f8                HAL_TIMEx_Break2Callback
 .text.HAL_UART_Init
                0x000000000800630c       0xa0 Drivers/STM32H7xx_HAL_Driver/Src/stm32h7xx_hal_uart.o
                0x000000000800630c                HAL_UART_Init
 .text.UART_SetConfig
                0x00000000080063ac      0xac0 Drivers/STM32H7xx_HAL_Driver/Src/stm32h7xx_hal_uart.o
                0x00000000080063ac                UART_SetConfig
 .text.UART_AdvFeatureConfig
                0x0000000008006e6c      0x144 Drivers/STM32H7xx_HAL_Driver/Src/stm32h7xx_hal_uart.o
                0x0000000008006e6c                UART_AdvFeatureConfig
 .text.UART_CheckIdleState
                0x0000000008006fb0       0x96 Drivers/STM32H7xx_HAL_Driver/Src/stm32h7xx_hal_uart.o
                0x0000000008006fb0                UART_CheckIdleState
 .text.UART_WaitOnFlagUntilTimeout
                0x0000000008007046      0x100 Drivers/STM32H7xx_HAL_Driver/Src/stm32h7xx_hal_uart.o
                0x0000000008007046                UART_WaitOnFlagUntilTimeout
 .text.HAL_UARTEx_DisableFifoMode
                0x0000000008007146       0x72 Drivers/STM32H7xx_HAL_Driver/Src/stm32h7xx_hal_uart_ex.o
                0x0000000008007146                HAL_UARTEx_DisableFifoMode
 .text.HAL_UARTEx_SetTxFifoThreshold
                0x00000000080071b8       0x7c Drivers/STM32H7xx_HAL_Driver/Src/stm32h7xx_hal_uart_ex.o
                0x00000000080071b8                HAL_UARTEx_SetTxFifoThreshold
 .text.HAL_UARTEx_SetRxFifoThreshold
                0x0000000008007234       0x7c Drivers/STM32H7xx_HAL_Driver/Src/stm32h7xx_hal_uart_ex.o
                0x0000000008007234                HAL_UARTEx_SetRxFifoThreshold
 .text.UARTEx_SetNbDataToProcess
                0x00000000080072b0       0x9c Drivers/STM32H7xx_HAL_Driver/Src/stm32h7xx_hal_uart_ex.o
 .text.USB_CoreInit
                0x000000000800734c       0xdc Drivers/STM32H7xx_HAL_Driver/Src/stm32h7xx_ll_usb.o
                0x000000000800734c                USB_CoreInit
 .text.USB_DisableGlobalInt
                0x0000000008007428       0x22 Drivers/STM32H7xx_HAL_Driver/Src/stm32h7xx_ll_usb.o
                0x0000000008007428                USB_DisableGlobalInt
 .text.USB_SetCurrentMode
                0x000000000800744a       0x54 Drivers/STM32H7xx_HAL_Driver/Src/stm32h7xx_ll_usb.o
                0x000000000800744a                USB_SetCurrentMode
 *fill*         0x000000000800749e        0x2 
 .text.USB_DevInit
                0x00000000080074a0      0x2bc Drivers/STM32H7xx_HAL_Driver/Src/stm32h7xx_ll_usb.o
                0x00000000080074a0                USB_DevInit
 .text.USB_FlushTxFifo
                0x000000000800775c       0x4c Drivers/STM32H7xx_HAL_Driver/Src/stm32h7xx_ll_usb.o
                0x000000000800775c                USB_FlushTxFifo
 .text.USB_FlushRxFifo
                0x00000000080077a8       0x44 Drivers/STM32H7xx_HAL_Driver/Src/stm32h7xx_ll_usb.o
                0x00000000080077a8                USB_FlushRxFifo
 .text.USB_SetDevSpeed
                0x00000000080077ec       0x32 Drivers/STM32H7xx_HAL_Driver/Src/stm32h7xx_ll_usb.o
                0x00000000080077ec                USB_SetDevSpeed
 .text.USB_DevDisconnect
                0x000000000800781e       0x42 Drivers/STM32H7xx_HAL_Driver/Src/stm32h7xx_ll_usb.o
                0x000000000800781e                USB_DevDisconnect
 .text.USB_CoreReset
                0x0000000008007860       0x68 Drivers/STM32H7xx_HAL_Driver/Src/stm32h7xx_ll_usb.o
 .text._Znwj    0x00000000080078c8       0x22 /opt/st/stm32cubeide_1.6.0/plugins/com.st.stm32cube.ide.mcu.externaltools.gnu-tools-for-stm32.9-2020-q2-update.linux64_1.5.0.202011040924/tools/bin/../lib/gcc/arm-none-eabi/9.3.1/../../../../arm-none-eabi/lib/thumb/v7e-m+dp/hard/libstdc++_nano.a(new_op.o)
                0x00000000080078c8                operator new(unsigned int)
 *fill*         0x00000000080078ea        0x2 
 .text._ZSt15get_new_handlerv
                0x00000000080078ec       0x10 /opt/st/stm32cubeide_1.6.0/plugins/com.st.stm32cube.ide.mcu.externaltools.gnu-tools-for-stm32.9-2020-q2-update.linux64_1.5.0.202011040924/tools/bin/../lib/gcc/arm-none-eabi/9.3.1/../../../../arm-none-eabi/lib/thumb/v7e-m+dp/hard/libstdc++_nano.a(new_handler.o)
                0x00000000080078ec                std::get_new_handler()
 .text.abort    0x00000000080078fc        0xe /opt/st/stm32cubeide_1.6.0/plugins/com.st.stm32cube.ide.mcu.externaltools.gnu-tools-for-stm32.9-2020-q2-update.linux64_1.5.0.202011040924/tools/bin/../lib/gcc/arm-none-eabi/9.3.1/../../../../arm-none-eabi/lib/thumb/v7e-m+dp/hard/libc_nano.a(lib_a-abort.o)
                0x00000000080078fc                abort
 *fill*         0x000000000800790a        0x2 
 .text.__errno  0x000000000800790c        0xc /opt/st/stm32cubeide_1.6.0/plugins/com.st.stm32cube.ide.mcu.externaltools.gnu-tools-for-stm32.9-2020-q2-update.linux64_1.5.0.202011040924/tools/bin/../lib/gcc/arm-none-eabi/9.3.1/../../../../arm-none-eabi/lib/thumb/v7e-m+dp/hard/libc_nano.a(lib_a-errno.o)
                0x000000000800790c                __errno
 .text.__libc_init_array
                0x0000000008007918       0x48 /opt/st/stm32cubeide_1.6.0/plugins/com.st.stm32cube.ide.mcu.externaltools.gnu-tools-for-stm32.9-2020-q2-update.linux64_1.5.0.202011040924/tools/bin/../lib/gcc/arm-none-eabi/9.3.1/../../../../arm-none-eabi/lib/thumb/v7e-m+dp/hard/libc_nano.a(lib_a-init.o)
                0x0000000008007918                __libc_init_array
 .text.malloc   0x0000000008007960       0x10 /opt/st/stm32cubeide_1.6.0/plugins/com.st.stm32cube.ide.mcu.externaltools.gnu-tools-for-stm32.9-2020-q2-update.linux64_1.5.0.202011040924/tools/bin/../lib/gcc/arm-none-eabi/9.3.1/../../../../arm-none-eabi/lib/thumb/v7e-m+dp/hard/libc_nano.a(lib_a-malloc.o)
                0x0000000008007960                malloc
 .text.memset   0x0000000008007970       0x10 /opt/st/stm32cubeide_1.6.0/plugins/com.st.stm32cube.ide.mcu.externaltools.gnu-tools-for-stm32.9-2020-q2-update.linux64_1.5.0.202011040924/tools/bin/../lib/gcc/arm-none-eabi/9.3.1/../../../../arm-none-eabi/lib/thumb/v7e-m+dp/hard/libc_nano.a(lib_a-memset.o)
                0x0000000008007970                memset
 .text._malloc_r
                0x0000000008007980       0xb4 /opt/st/stm32cubeide_1.6.0/plugins/com.st.stm32cube.ide.mcu.externaltools.gnu-tools-for-stm32.9-2020-q2-update.linux64_1.5.0.202011040924/tools/bin/../lib/gcc/arm-none-eabi/9.3.1/../../../../arm-none-eabi/lib/thumb/v7e-m+dp/hard/libc_nano.a(lib_a-nano-mallocr.o)
                0x0000000008007980                _malloc_r
 .text._sbrk_r  0x0000000008007a34       0x20 /opt/st/stm32cubeide_1.6.0/plugins/com.st.stm32cube.ide.mcu.externaltools.gnu-tools-for-stm32.9-2020-q2-update.linux64_1.5.0.202011040924/tools/bin/../lib/gcc/arm-none-eabi/9.3.1/../../../../arm-none-eabi/lib/thumb/v7e-m+dp/hard/libc_nano.a(lib_a-sbrkr.o)
                0x0000000008007a34                _sbrk_r
 .text._raise_r
                0x0000000008007a54       0x50 /opt/st/stm32cubeide_1.6.0/plugins/com.st.stm32cube.ide.mcu.externaltools.gnu-tools-for-stm32.9-2020-q2-update.linux64_1.5.0.202011040924/tools/bin/../lib/gcc/arm-none-eabi/9.3.1/../../../../arm-none-eabi/lib/thumb/v7e-m+dp/hard/libc_nano.a(lib_a-signal.o)
                0x0000000008007a54                _raise_r
 .text.raise    0x0000000008007aa4       0x10 /opt/st/stm32cubeide_1.6.0/plugins/com.st.stm32cube.ide.mcu.externaltools.gnu-tools-for-stm32.9-2020-q2-update.linux64_1.5.0.202011040924/tools/bin/../lib/gcc/arm-none-eabi/9.3.1/../../../../arm-none-eabi/lib/thumb/v7e-m+dp/hard/libc_nano.a(lib_a-signal.o)
                0x0000000008007aa4                raise
 .text._kill_r  0x0000000008007ab4       0x24 /opt/st/stm32cubeide_1.6.0/plugins/com.st.stm32cube.ide.mcu.externaltools.gnu-tools-for-stm32.9-2020-q2-update.linux64_1.5.0.202011040924/tools/bin/../lib/gcc/arm-none-eabi/9.3.1/../../../../arm-none-eabi/lib/thumb/v7e-m+dp/hard/libc_nano.a(lib_a-signalr.o)
                0x0000000008007ab4                _kill_r
 .text._getpid_r
                0x0000000008007ad8        0x4 /opt/st/stm32cubeide_1.6.0/plugins/com.st.stm32cube.ide.mcu.externaltools.gnu-tools-for-stm32.9-2020-q2-update.linux64_1.5.0.202011040924/tools/bin/../lib/gcc/arm-none-eabi/9.3.1/../../../../arm-none-eabi/lib/thumb/v7e-m+dp/hard/libc_nano.a(lib_a-signalr.o)
                0x0000000008007ad8                _getpid_r
 .text.__malloc_lock
                0x0000000008007adc        0xc /opt/st/stm32cubeide_1.6.0/plugins/com.st.stm32cube.ide.mcu.externaltools.gnu-tools-for-stm32.9-2020-q2-update.linux64_1.5.0.202011040924/tools/bin/../lib/gcc/arm-none-eabi/9.3.1/../../../../arm-none-eabi/lib/thumb/v7e-m+dp/hard/libc_nano.a(lib_a-mlock.o)
                0x0000000008007adc                __malloc_lock
 .text.__malloc_unlock
                0x0000000008007ae8        0xc /opt/st/stm32cubeide_1.6.0/plugins/com.st.stm32cube.ide.mcu.externaltools.gnu-tools-for-stm32.9-2020-q2-update.linux64_1.5.0.202011040924/tools/bin/../lib/gcc/arm-none-eabi/9.3.1/../../../../arm-none-eabi/lib/thumb/v7e-m+dp/hard/libc_nano.a(lib_a-mlock.o)
                0x0000000008007ae8                __malloc_unlock
 .text.__retarget_lock_acquire_recursive
                0x0000000008007af4        0x2 /opt/st/stm32cubeide_1.6.0/plugins/com.st.stm32cube.ide.mcu.externaltools.gnu-tools-for-stm32.9-2020-q2-update.linux64_1.5.0.202011040924/tools/bin/../lib/gcc/arm-none-eabi/9.3.1/../../../../arm-none-eabi/lib/thumb/v7e-m+dp/hard/libc_nano.a(lib_a-lock.o)
                0x0000000008007af4                __retarget_lock_acquire_recursive
 .text.__retarget_lock_release_recursive
                0x0000000008007af6        0x2 /opt/st/stm32cubeide_1.6.0/plugins/com.st.stm32cube.ide.mcu.externaltools.gnu-tools-for-stm32.9-2020-q2-update.linux64_1.5.0.202011040924/tools/bin/../lib/gcc/arm-none-eabi/9.3.1/../../../../arm-none-eabi/lib/thumb/v7e-m+dp/hard/libc_nano.a(lib_a-lock.o)
                0x0000000008007af6                __retarget_lock_release_recursive
 *(.glue_7)
 .glue_7        0x0000000008007af8        0x0 linker stubs
 *(.glue_7t)
 .glue_7t       0x0000000008007af8        0x0 linker stubs
 *(.eh_frame)
 .eh_frame      0x0000000008007af8        0x0 /opt/st/stm32cubeide_1.6.0/plugins/com.st.stm32cube.ide.mcu.externaltools.gnu-tools-for-stm32.9-2020-q2-update.linux64_1.5.0.202011040924/tools/bin/../lib/gcc/arm-none-eabi/9.3.1/thumb/v7e-m+dp/hard/crtbegin.o
 *(.init)
 .init          0x0000000008007af8        0x4 /opt/st/stm32cubeide_1.6.0/plugins/com.st.stm32cube.ide.mcu.externaltools.gnu-tools-for-stm32.9-2020-q2-update.linux64_1.5.0.202011040924/tools/bin/../lib/gcc/arm-none-eabi/9.3.1/thumb/v7e-m+dp/hard/crti.o
                0x0000000008007af8                _init
 .init          0x0000000008007afc        0x8 /opt/st/stm32cubeide_1.6.0/plugins/com.st.stm32cube.ide.mcu.externaltools.gnu-tools-for-stm32.9-2020-q2-update.linux64_1.5.0.202011040924/tools/bin/../lib/gcc/arm-none-eabi/9.3.1/thumb/v7e-m+dp/hard/crtn.o
 *(.fini)
 .fini          0x0000000008007b04        0x4 /opt/st/stm32cubeide_1.6.0/plugins/com.st.stm32cube.ide.mcu.externaltools.gnu-tools-for-stm32.9-2020-q2-update.linux64_1.5.0.202011040924/tools/bin/../lib/gcc/arm-none-eabi/9.3.1/thumb/v7e-m+dp/hard/crti.o
                0x0000000008007b04                _fini
 .fini          0x0000000008007b08        0x8 /opt/st/stm32cubeide_1.6.0/plugins/com.st.stm32cube.ide.mcu.externaltools.gnu-tools-for-stm32.9-2020-q2-update.linux64_1.5.0.202011040924/tools/bin/../lib/gcc/arm-none-eabi/9.3.1/thumb/v7e-m+dp/hard/crtn.o
                0x0000000008007b10                . = ALIGN (0x4)
                0x0000000008007b10                _etext = .

.vfp11_veneer   0x0000000008007b10        0x0
 .vfp11_veneer  0x0000000008007b10        0x0 linker stubs

.v4_bx          0x0000000008007b10        0x0
 .v4_bx         0x0000000008007b10        0x0 linker stubs

.iplt           0x0000000008007b10        0x0
 .iplt          0x0000000008007b10        0x0 /opt/st/stm32cubeide_1.6.0/plugins/com.st.stm32cube.ide.mcu.externaltools.gnu-tools-for-stm32.9-2020-q2-update.linux64_1.5.0.202011040924/tools/bin/../lib/gcc/arm-none-eabi/9.3.1/thumb/v7e-m+dp/hard/crtbegin.o

.rodata         0x0000000008007b10       0x38
                0x0000000008007b10                . = ALIGN (0x4)
 *(.rodata)
 *(.rodata*)
 .rodata.D1CorePrescTable
                0x0000000008007b10       0x10 Core/Src/system_stm32h7xx.o
                0x0000000008007b10                D1CorePrescTable
 .rodata.UARTPrescTable
                0x0000000008007b20       0x18 Drivers/STM32H7xx_HAL_Driver/Src/stm32h7xx_hal_uart.o
                0x0000000008007b20                UARTPrescTable
 .rodata.numerator.11696
                0x0000000008007b38        0x8 Drivers/STM32H7xx_HAL_Driver/Src/stm32h7xx_hal_uart_ex.o
 .rodata.denominator.11697
                0x0000000008007b40        0x8 Drivers/STM32H7xx_HAL_Driver/Src/stm32h7xx_hal_uart_ex.o
                0x0000000008007b48                . = ALIGN (0x4)

.ARM.extab
 *(.ARM.extab* .gnu.linkonce.armextab.*)

.ARM            0x0000000008007b48        0x8
                0x0000000008007b48                __exidx_start = .
 *(.ARM.exidx*)
 .ARM.exidx     0x0000000008007b48        0x8 /opt/st/stm32cubeide_1.6.0/plugins/com.st.stm32cube.ide.mcu.externaltools.gnu-tools-for-stm32.9-2020-q2-update.linux64_1.5.0.202011040924/tools/bin/../lib/gcc/arm-none-eabi/9.3.1/thumb/v7e-m+dp/hard/libgcc.a(_udivmoddi4.o)
                0x0000000008007b50                __exidx_end = .

.rel.dyn        0x0000000008007b50        0x0
 .rel.iplt      0x0000000008007b50        0x0 /opt/st/stm32cubeide_1.6.0/plugins/com.st.stm32cube.ide.mcu.externaltools.gnu-tools-for-stm32.9-2020-q2-update.linux64_1.5.0.202011040924/tools/bin/../lib/gcc/arm-none-eabi/9.3.1/thumb/v7e-m+dp/hard/crtbegin.o

.preinit_array  0x0000000008007b50        0x0
                0x0000000008007b50                PROVIDE (__preinit_array_start = .)
 *(.preinit_array*)
                0x0000000008007b50                PROVIDE (__preinit_array_end = .)

.init_array     0x0000000008007b50        0x8
                0x0000000008007b50                PROVIDE (__init_array_start = .)
 *(SORT_BY_NAME(.init_array.*))
 *(.init_array*)
 .init_array    0x0000000008007b50        0x4 /opt/st/stm32cubeide_1.6.0/plugins/com.st.stm32cube.ide.mcu.externaltools.gnu-tools-for-stm32.9-2020-q2-update.linux64_1.5.0.202011040924/tools/bin/../lib/gcc/arm-none-eabi/9.3.1/thumb/v7e-m+dp/hard/crtbegin.o
 .init_array    0x0000000008007b54        0x4 Core/Src/main.o
                0x0000000008007b58                PROVIDE (__init_array_end = .)

.fini_array     0x0000000008007b58        0x4
                [!provide]                        PROVIDE (__fini_array_start = .)
 *(SORT_BY_NAME(.fini_array.*))
 *(.fini_array*)
 .fini_array    0x0000000008007b58        0x4 /opt/st/stm32cubeide_1.6.0/plugins/com.st.stm32cube.ide.mcu.externaltools.gnu-tools-for-stm32.9-2020-q2-update.linux64_1.5.0.202011040924/tools/bin/../lib/gcc/arm-none-eabi/9.3.1/thumb/v7e-m+dp/hard/crtbegin.o
                [!provide]                        PROVIDE (__fini_array_end = .)
                0x0000000008007b5c                _sidata = LOADADDR (.data)

.data           0x0000000020000000       0x74 load address 0x0000000008007b5c
                0x0000000020000000                . = ALIGN (0x4)
                0x0000000020000000                _sdata = .
 *(.data)
 *(.data*)
 .data.SystemCoreClock
                0x0000000020000000        0x4 Core/Src/system_stm32h7xx.o
                0x0000000020000000                SystemCoreClock
 .data.SystemD2Clock
                0x0000000020000004        0x4 Core/Src/system_stm32h7xx.o
                0x0000000020000004                SystemD2Clock
 .data.uwTickPrio
                0x0000000020000008        0x4 Drivers/STM32H7xx_HAL_Driver/Src/stm32h7xx_hal.o
                0x0000000020000008                uwTickPrio
 .data.uwTickFreq
                0x000000002000000c        0x1 Drivers/STM32H7xx_HAL_Driver/Src/stm32h7xx_hal.o
                0x000000002000000c                uwTickFreq
 *fill*         0x000000002000000d        0x3 
 .data._impure_ptr
                0x0000000020000010        0x4 /opt/st/stm32cubeide_1.6.0/plugins/com.st.stm32cube.ide.mcu.externaltools.gnu-tools-for-stm32.9-2020-q2-update.linux64_1.5.0.202011040924/tools/bin/../lib/gcc/arm-none-eabi/9.3.1/../../../../arm-none-eabi/lib/thumb/v7e-m+dp/hard/libc_nano.a(lib_a-impure.o)
                0x0000000020000010                _impure_ptr
 .data.impure_data
                0x0000000020000014       0x60 /opt/st/stm32cubeide_1.6.0/plugins/com.st.stm32cube.ide.mcu.externaltools.gnu-tools-for-stm32.9-2020-q2-update.linux64_1.5.0.202011040924/tools/bin/../lib/gcc/arm-none-eabi/9.3.1/../../../../arm-none-eabi/lib/thumb/v7e-m+dp/hard/libc_nano.a(lib_a-impure.o)
 *(.RamFunc)
 *(.RamFunc*)
                0x0000000020000074                . = ALIGN (0x4)
                0x0000000020000074                _edata = .

.igot.plt       0x0000000020000074        0x0 load address 0x0000000008007bd0
 .igot.plt      0x0000000020000074        0x0 /opt/st/stm32cubeide_1.6.0/plugins/com.st.stm32cube.ide.mcu.externaltools.gnu-tools-for-stm32.9-2020-q2-update.linux64_1.5.0.202011040924/tools/bin/../lib/gcc/arm-none-eabi/9.3.1/thumb/v7e-m+dp/hard/crtbegin.o

.RxDecripSection
                0x0000000020000074       0x60 load address 0x0000000008007bd0
 .RxDecripSection
                0x0000000020000074       0x60 Core/Src/main.o
                0x0000000020000074                DMARxDscrTab

.TxDecripSection
                0x00000000200000d4       0x60 load address 0x0000000008007c30
 .TxDecripSection
                0x00000000200000d4       0x60 Core/Src/main.o
                0x00000000200000d4                DMATxDscrTab
                0x0000000020000134                . = ALIGN (0x4)

.bss            0x0000000020000134      0x5e8 load address 0x0000000008007c90
                0x0000000020000134                _sbss = .
                0x0000000020000134                __bss_start__ = _sbss
 *(.bss)
 .bss           0x0000000020000134       0x1c /opt/st/stm32cubeide_1.6.0/plugins/com.st.stm32cube.ide.mcu.externaltools.gnu-tools-for-stm32.9-2020-q2-update.linux64_1.5.0.202011040924/tools/bin/../lib/gcc/arm-none-eabi/9.3.1/thumb/v7e-m+dp/hard/crtbegin.o
 *(.bss*)
 .bss.TxConfig  0x0000000020000150       0x34 Core/Src/main.o
                0x0000000020000150                TxConfig
 .bss.heth      0x0000000020000184       0x88 Core/Src/main.o
                0x0000000020000184                heth
 .bss.htim3     0x000000002000020c       0x4c Core/Src/main.o
                0x000000002000020c                htim3
 .bss.huart3    0x0000000020000258       0x90 Core/Src/main.o
                0x0000000020000258                huart3
 .bss.hpcd_USB_OTG_FS
                0x00000000200002e8      0x408 Core/Src/main.o
                0x00000000200002e8                hpcd_USB_OTG_FS
 .bss.Stepper   0x00000000200006f0        0x4 Core/Src/main.o
                0x00000000200006f0                Stepper
 .bss.Dial      0x00000000200006f4        0x4 Core/Src/main.o
                0x00000000200006f4                Dial
 .bss.__sbrk_heap_end
                0x00000000200006f8        0x4 Core/Src/sysmem.o
 .bss._ZN12_GLOBAL__N_113__new_handlerE
                0x00000000200006fc        0x4 /opt/st/stm32cubeide_1.6.0/plugins/com.st.stm32cube.ide.mcu.externaltools.gnu-tools-for-stm32.9-2020-q2-update.linux64_1.5.0.202011040924/tools/bin/../lib/gcc/arm-none-eabi/9.3.1/../../../../arm-none-eabi/lib/thumb/v7e-m+dp/hard/libstdc++_nano.a(new_handler.o)
 .bss.__malloc_free_list
                0x0000000020000700        0x4 /opt/st/stm32cubeide_1.6.0/plugins/com.st.stm32cube.ide.mcu.externaltools.gnu-tools-for-stm32.9-2020-q2-update.linux64_1.5.0.202011040924/tools/bin/../lib/gcc/arm-none-eabi/9.3.1/../../../../arm-none-eabi/lib/thumb/v7e-m+dp/hard/libc_nano.a(lib_a-nano-mallocr.o)
                0x0000000020000700                __malloc_free_list
 .bss.__malloc_sbrk_start
                0x0000000020000704        0x4 /opt/st/stm32cubeide_1.6.0/plugins/com.st.stm32cube.ide.mcu.externaltools.gnu-tools-for-stm32.9-2020-q2-update.linux64_1.5.0.202011040924/tools/bin/../lib/gcc/arm-none-eabi/9.3.1/../../../../arm-none-eabi/lib/thumb/v7e-m+dp/hard/libc_nano.a(lib_a-nano-mallocr.o)
                0x0000000020000704                __malloc_sbrk_start
 *(COMMON)
 COMMON         0x0000000020000708        0x4 Drivers/STM32H7xx_HAL_Driver/Src/stm32h7xx_hal.o
                0x0000000020000708                uwTick
 COMMON         0x000000002000070c        0x4 /opt/st/stm32cubeide_1.6.0/plugins/com.st.stm32cube.ide.mcu.externaltools.gnu-tools-for-stm32.9-2020-q2-update.linux64_1.5.0.202011040924/tools/bin/../lib/gcc/arm-none-eabi/9.3.1/../../../../arm-none-eabi/lib/thumb/v7e-m+dp/hard/libc_nano.a(lib_a-reent.o)
                0x000000002000070c                errno
 COMMON         0x0000000020000710        0x9 /opt/st/stm32cubeide_1.6.0/plugins/com.st.stm32cube.ide.mcu.externaltools.gnu-tools-for-stm32.9-2020-q2-update.linux64_1.5.0.202011040924/tools/bin/../lib/gcc/arm-none-eabi/9.3.1/../../../../arm-none-eabi/lib/thumb/v7e-m+dp/hard/libc_nano.a(lib_a-lock.o)
                0x0000000020000710                __lock___atexit_recursive_mutex
                0x0000000020000711                __lock___arc4random_mutex
                0x0000000020000712                __lock___env_recursive_mutex
                0x0000000020000713                __lock___sinit_recursive_mutex
                0x0000000020000714                __lock___malloc_recursive_mutex
                0x0000000020000715                __lock___at_quick_exit_mutex
                0x0000000020000716                __lock___dd_hash_mutex
                0x0000000020000717                __lock___tz_mutex
                0x0000000020000718                __lock___sfp_recursive_mutex
                0x000000002000071c                . = ALIGN (0x4)
 *fill*         0x0000000020000719        0x3 
                0x000000002000071c                _ebss = .
                0x000000002000071c                __bss_end__ = _ebss

._user_heap_stack
                0x000000002000071c      0x604 load address 0x0000000008007c90
                0x0000000020000720                . = ALIGN (0x8)
 *fill*         0x000000002000071c        0x4 
                [!provide]                        PROVIDE (end = .)
                0x0000000020000720                PROVIDE (_end = .)
                0x0000000020000920                . = (. + _Min_Heap_Size)
 *fill*         0x0000000020000720      0x200 
                0x0000000020000d20                . = (. + _Min_Stack_Size)
 *fill*         0x0000000020000920      0x400 
                0x0000000020000d20                . = ALIGN (0x8)

/DISCARD/
 libc.a(*)
 libm.a(*)
 libgcc.a(*)

.ARM.attributes
                0x0000000000000000       0x2e
 *(.ARM.attributes)
 .ARM.attributes
                0x0000000000000000       0x1e /opt/st/stm32cubeide_1.6.0/plugins/com.st.stm32cube.ide.mcu.externaltools.gnu-tools-for-stm32.9-2020-q2-update.linux64_1.5.0.202011040924/tools/bin/../lib/gcc/arm-none-eabi/9.3.1/thumb/v7e-m+dp/hard/crti.o
 .ARM.attributes
                0x000000000000001e       0x32 /opt/st/stm32cubeide_1.6.0/plugins/com.st.stm32cube.ide.mcu.externaltools.gnu-tools-for-stm32.9-2020-q2-update.linux64_1.5.0.202011040924/tools/bin/../lib/gcc/arm-none-eabi/9.3.1/thumb/v7e-m+dp/hard/crtbegin.o
 .ARM.attributes
                0x0000000000000050       0x32 Core/Inc/Dial.o
 .ARM.attributes
                0x0000000000000082       0x32 Core/Inc/Stepper.o
 .ARM.attributes
                0x00000000000000b4       0x32 Core/Src/main.o
 .ARM.attributes
                0x00000000000000e6       0x32 Core/Src/stm32h7xx_hal_msp.o
 .ARM.attributes
                0x0000000000000118       0x32 Core/Src/stm32h7xx_it.o
 .ARM.attributes
                0x000000000000014a       0x32 Core/Src/syscalls.o
 .ARM.attributes
                0x000000000000017c       0x32 Core/Src/sysmem.o
 .ARM.attributes
                0x00000000000001ae       0x32 Core/Src/system_stm32h7xx.o
 .ARM.attributes
                0x00000000000001e0       0x21 Core/Startup/startup_stm32h743zitx.o
 .ARM.attributes
                0x0000000000000201       0x32 Drivers/STM32H7xx_HAL_Driver/Src/stm32h7xx_hal.o
 .ARM.attributes
                0x0000000000000233       0x32 Drivers/STM32H7xx_HAL_Driver/Src/stm32h7xx_hal_cortex.o
 .ARM.attributes
                0x0000000000000265       0x32 Drivers/STM32H7xx_HAL_Driver/Src/stm32h7xx_hal_eth.o
 .ARM.attributes
                0x0000000000000297       0x32 Drivers/STM32H7xx_HAL_Driver/Src/stm32h7xx_hal_gpio.o
 .ARM.attributes
                0x00000000000002c9       0x32 Drivers/STM32H7xx_HAL_Driver/Src/stm32h7xx_hal_pcd.o
 .ARM.attributes
                0x00000000000002fb       0x32 Drivers/STM32H7xx_HAL_Driver/Src/stm32h7xx_hal_pcd_ex.o
 .ARM.attributes
                0x000000000000032d       0x32 Drivers/STM32H7xx_HAL_Driver/Src/stm32h7xx_hal_pwr_ex.o
 .ARM.attributes
                0x000000000000035f       0x32 Drivers/STM32H7xx_HAL_Driver/Src/stm32h7xx_hal_rcc.o
 .ARM.attributes
                0x0000000000000391       0x32 Drivers/STM32H7xx_HAL_Driver/Src/stm32h7xx_hal_rcc_ex.o
 .ARM.attributes
                0x00000000000003c3       0x32 Drivers/STM32H7xx_HAL_Driver/Src/stm32h7xx_hal_tim.o
 .ARM.attributes
                0x00000000000003f5       0x32 Drivers/STM32H7xx_HAL_Driver/Src/stm32h7xx_hal_tim_ex.o
 .ARM.attributes
                0x0000000000000427       0x32 Drivers/STM32H7xx_HAL_Driver/Src/stm32h7xx_hal_uart.o
 .ARM.attributes
                0x0000000000000459       0x32 Drivers/STM32H7xx_HAL_Driver/Src/stm32h7xx_hal_uart_ex.o
 .ARM.attributes
                0x000000000000048b       0x32 Drivers/STM32H7xx_HAL_Driver/Src/stm32h7xx_ll_usb.o
 .ARM.attributes
                0x00000000000004bd       0x32 /opt/st/stm32cubeide_1.6.0/plugins/com.st.stm32cube.ide.mcu.externaltools.gnu-tools-for-stm32.9-2020-q2-update.linux64_1.5.0.202011040924/tools/bin/../lib/gcc/arm-none-eabi/9.3.1/../../../../arm-none-eabi/lib/thumb/v7e-m+dp/hard/libstdc++_nano.a(new_op.o)
 .ARM.attributes
                0x00000000000004ef       0x32 /opt/st/stm32cubeide_1.6.0/plugins/com.st.stm32cube.ide.mcu.externaltools.gnu-tools-for-stm32.9-2020-q2-update.linux64_1.5.0.202011040924/tools/bin/../lib/gcc/arm-none-eabi/9.3.1/../../../../arm-none-eabi/lib/thumb/v7e-m+dp/hard/libstdc++_nano.a(new_handler.o)
 .ARM.attributes
                0x0000000000000521       0x32 /opt/st/stm32cubeide_1.6.0/plugins/com.st.stm32cube.ide.mcu.externaltools.gnu-tools-for-stm32.9-2020-q2-update.linux64_1.5.0.202011040924/tools/bin/../lib/gcc/arm-none-eabi/9.3.1/../../../../arm-none-eabi/lib/thumb/v7e-m+dp/hard/libc_nano.a(lib_a-abort.o)
 .ARM.attributes
                0x0000000000000553       0x32 /opt/st/stm32cubeide_1.6.0/plugins/com.st.stm32cube.ide.mcu.externaltools.gnu-tools-for-stm32.9-2020-q2-update.linux64_1.5.0.202011040924/tools/bin/../lib/gcc/arm-none-eabi/9.3.1/../../../../arm-none-eabi/lib/thumb/v7e-m+dp/hard/libc_nano.a(lib_a-errno.o)
 .ARM.attributes
                0x0000000000000585       0x30 /opt/st/stm32cubeide_1.6.0/plugins/com.st.stm32cube.ide.mcu.externaltools.gnu-tools-for-stm32.9-2020-q2-update.linux64_1.5.0.202011040924/tools/bin/../lib/gcc/arm-none-eabi/9.3.1/../../../../arm-none-eabi/lib/thumb/v7e-m+dp/hard/libc_nano.a(lib_a-impure.o)
 .ARM.attributes
                0x00000000000005b5       0x32 /opt/st/stm32cubeide_1.6.0/plugins/com.st.stm32cube.ide.mcu.externaltools.gnu-tools-for-stm32.9-2020-q2-update.linux64_1.5.0.202011040924/tools/bin/../lib/gcc/arm-none-eabi/9.3.1/../../../../arm-none-eabi/lib/thumb/v7e-m+dp/hard/libc_nano.a(lib_a-init.o)
 .ARM.attributes
                0x00000000000005e7       0x32 /opt/st/stm32cubeide_1.6.0/plugins/com.st.stm32cube.ide.mcu.externaltools.gnu-tools-for-stm32.9-2020-q2-update.linux64_1.5.0.202011040924/tools/bin/../lib/gcc/arm-none-eabi/9.3.1/../../../../arm-none-eabi/lib/thumb/v7e-m+dp/hard/libc_nano.a(lib_a-malloc.o)
 .ARM.attributes
                0x0000000000000619       0x32 /opt/st/stm32cubeide_1.6.0/plugins/com.st.stm32cube.ide.mcu.externaltools.gnu-tools-for-stm32.9-2020-q2-update.linux64_1.5.0.202011040924/tools/bin/../lib/gcc/arm-none-eabi/9.3.1/../../../../arm-none-eabi/lib/thumb/v7e-m+dp/hard/libc_nano.a(lib_a-memset.o)
 .ARM.attributes
                0x000000000000064b       0x32 /opt/st/stm32cubeide_1.6.0/plugins/com.st.stm32cube.ide.mcu.externaltools.gnu-tools-for-stm32.9-2020-q2-update.linux64_1.5.0.202011040924/tools/bin/../lib/gcc/arm-none-eabi/9.3.1/../../../../arm-none-eabi/lib/thumb/v7e-m+dp/hard/libc_nano.a(lib_a-nano-mallocr.o)
 .ARM.attributes
                0x000000000000067d       0x32 /opt/st/stm32cubeide_1.6.0/plugins/com.st.stm32cube.ide.mcu.externaltools.gnu-tools-for-stm32.9-2020-q2-update.linux64_1.5.0.202011040924/tools/bin/../lib/gcc/arm-none-eabi/9.3.1/../../../../arm-none-eabi/lib/thumb/v7e-m+dp/hard/libc_nano.a(lib_a-sbrkr.o)
 .ARM.attributes
                0x00000000000006af       0x32 /opt/st/stm32cubeide_1.6.0/plugins/com.st.stm32cube.ide.mcu.externaltools.gnu-tools-for-stm32.9-2020-q2-update.linux64_1.5.0.202011040924/tools/bin/../lib/gcc/arm-none-eabi/9.3.1/../../../../arm-none-eabi/lib/thumb/v7e-m+dp/hard/libc_nano.a(lib_a-signal.o)
 .ARM.attributes
                0x00000000000006e1       0x32 /opt/st/stm32cubeide_1.6.0/plugins/com.st.stm32cube.ide.mcu.externaltools.gnu-tools-for-stm32.9-2020-q2-update.linux64_1.5.0.202011040924/tools/bin/../lib/gcc/arm-none-eabi/9.3.1/../../../../arm-none-eabi/lib/thumb/v7e-m+dp/hard/libc_nano.a(lib_a-signalr.o)
 .ARM.attributes
                0x0000000000000713       0x32 /opt/st/stm32cubeide_1.6.0/plugins/com.st.stm32cube.ide.mcu.externaltools.gnu-tools-for-stm32.9-2020-q2-update.linux64_1.5.0.202011040924/tools/bin/../lib/gcc/arm-none-eabi/9.3.1/../../../../arm-none-eabi/lib/thumb/v7e-m+dp/hard/libc_nano.a(lib_a-mlock.o)
 .ARM.attributes
                0x0000000000000745       0x32 /opt/st/stm32cubeide_1.6.0/plugins/com.st.stm32cube.ide.mcu.externaltools.gnu-tools-for-stm32.9-2020-q2-update.linux64_1.5.0.202011040924/tools/bin/../lib/gcc/arm-none-eabi/9.3.1/../../../../arm-none-eabi/lib/thumb/v7e-m+dp/hard/libc_nano.a(lib_a-reent.o)
 .ARM.attributes
                0x0000000000000777       0x32 /opt/st/stm32cubeide_1.6.0/plugins/com.st.stm32cube.ide.mcu.externaltools.gnu-tools-for-stm32.9-2020-q2-update.linux64_1.5.0.202011040924/tools/bin/../lib/gcc/arm-none-eabi/9.3.1/../../../../arm-none-eabi/lib/thumb/v7e-m+dp/hard/libc_nano.a(lib_a-lock.o)
 .ARM.attributes
                0x00000000000007a9       0x1e /opt/st/stm32cubeide_1.6.0/plugins/com.st.stm32cube.ide.mcu.externaltools.gnu-tools-for-stm32.9-2020-q2-update.linux64_1.5.0.202011040924/tools/bin/../lib/gcc/arm-none-eabi/9.3.1/thumb/v7e-m+dp/hard/libgcc.a(_aeabi_uldivmod.o)
 .ARM.attributes
                0x00000000000007c7       0x32 /opt/st/stm32cubeide_1.6.0/plugins/com.st.stm32cube.ide.mcu.externaltools.gnu-tools-for-stm32.9-2020-q2-update.linux64_1.5.0.202011040924/tools/bin/../lib/gcc/arm-none-eabi/9.3.1/thumb/v7e-m+dp/hard/libgcc.a(_udivmoddi4.o)
 .ARM.attributes
                0x00000000000007f9       0x1e /opt/st/stm32cubeide_1.6.0/plugins/com.st.stm32cube.ide.mcu.externaltools.gnu-tools-for-stm32.9-2020-q2-update.linux64_1.5.0.202011040924/tools/bin/../lib/gcc/arm-none-eabi/9.3.1/thumb/v7e-m+dp/hard/libgcc.a(_dvmd_tls.o)
 .ARM.attributes
                0x0000000000000817       0x1e /opt/st/stm32cubeide_1.6.0/plugins/com.st.stm32cube.ide.mcu.externaltools.gnu-tools-for-stm32.9-2020-q2-update.linux64_1.5.0.202011040924/tools/bin/../lib/gcc/arm-none-eabi/9.3.1/thumb/v7e-m+dp/hard/crtn.o
OUTPUT(dial.elf elf32-littlearm)
LOAD linker stubs
LOAD /opt/st/stm32cubeide_1.6.0/plugins/com.st.stm32cube.ide.mcu.externaltools.gnu-tools-for-stm32.9-2020-q2-update.linux64_1.5.0.202011040924/tools/bin/../lib/gcc/arm-none-eabi/9.3.1/../../../../arm-none-eabi/lib/thumb/v7e-m+dp/hard/libc.a
LOAD /opt/st/stm32cubeide_1.6.0/plugins/com.st.stm32cube.ide.mcu.externaltools.gnu-tools-for-stm32.9-2020-q2-update.linux64_1.5.0.202011040924/tools/bin/../lib/gcc/arm-none-eabi/9.3.1/../../../../arm-none-eabi/lib/thumb/v7e-m+dp/hard/libm.a
LOAD /opt/st/stm32cubeide_1.6.0/plugins/com.st.stm32cube.ide.mcu.externaltools.gnu-tools-for-stm32.9-2020-q2-update.linux64_1.5.0.202011040924/tools/bin/../lib/gcc/arm-none-eabi/9.3.1/thumb/v7e-m+dp/hard/libgcc.a

.debug_info     0x0000000000000000    0x2f404
 .debug_info    0x0000000000000000     0x2bb3 Core/Inc/Dial.o
 .debug_info    0x0000000000002bb3     0x2f2c Core/Inc/Stepper.o
 .debug_info    0x0000000000005adf     0x590f Core/Src/main.o
 .debug_info    0x000000000000b3ee     0x3670 Core/Src/stm32h7xx_hal_msp.o
 .debug_info    0x000000000000ea5e     0x12f0 Core/Src/stm32h7xx_it.o
 .debug_info    0x000000000000fd4e      0xfa8 Core/Src/syscalls.o
 .debug_info    0x0000000000010cf6      0xa25 Core/Src/sysmem.o
 .debug_info    0x000000000001171b     0x1787 Core/Src/system_stm32h7xx.o
 .debug_info    0x0000000000012ea2       0x22 Core/Startup/startup_stm32h743zitx.o
 .debug_info    0x0000000000012ec4     0x1f9d Drivers/STM32H7xx_HAL_Driver/Src/stm32h7xx_hal.o
 .debug_info    0x0000000000014e61     0x1c13 Drivers/STM32H7xx_HAL_Driver/Src/stm32h7xx_hal_cortex.o
 .debug_info    0x0000000000016a74     0x3294 Drivers/STM32H7xx_HAL_Driver/Src/stm32h7xx_hal_eth.o
 .debug_info    0x0000000000019d08     0x17e6 Drivers/STM32H7xx_HAL_Driver/Src/stm32h7xx_hal_gpio.o
 .debug_info    0x000000000001b4ee     0x1c76 Drivers/STM32H7xx_HAL_Driver/Src/stm32h7xx_hal_pcd.o
 .debug_info    0x000000000001d164     0x1333 Drivers/STM32H7xx_HAL_Driver/Src/stm32h7xx_hal_pcd_ex.o
 .debug_info    0x000000000001e497     0x1b45 Drivers/STM32H7xx_HAL_Driver/Src/stm32h7xx_hal_pwr_ex.o
 .debug_info    0x000000000001ffdc     0x1951 Drivers/STM32H7xx_HAL_Driver/Src/stm32h7xx_hal_rcc.o
 .debug_info    0x000000000002192d     0x1d01 Drivers/STM32H7xx_HAL_Driver/Src/stm32h7xx_hal_rcc_ex.o
 .debug_info    0x000000000002362e     0x3639 Drivers/STM32H7xx_HAL_Driver/Src/stm32h7xx_hal_tim.o
 .debug_info    0x0000000000026c67     0x21cf Drivers/STM32H7xx_HAL_Driver/Src/stm32h7xx_hal_tim_ex.o
 .debug_info    0x0000000000028e36     0x2937 Drivers/STM32H7xx_HAL_Driver/Src/stm32h7xx_hal_uart.o
 .debug_info    0x000000000002b76d     0x178e Drivers/STM32H7xx_HAL_Driver/Src/stm32h7xx_hal_uart_ex.o
 .debug_info    0x000000000002cefb     0x2509 Drivers/STM32H7xx_HAL_Driver/Src/stm32h7xx_ll_usb.o

.debug_abbrev   0x0000000000000000     0x44bb
 .debug_abbrev  0x0000000000000000      0x3e1 Core/Inc/Dial.o
 .debug_abbrev  0x00000000000003e1      0x42c Core/Inc/Stepper.o
 .debug_abbrev  0x000000000000080d      0x574 Core/Src/main.o
 .debug_abbrev  0x0000000000000d81      0x2b6 Core/Src/stm32h7xx_hal_msp.o
 .debug_abbrev  0x0000000000001037      0x211 Core/Src/stm32h7xx_it.o
 .debug_abbrev  0x0000000000001248      0x286 Core/Src/syscalls.o
 .debug_abbrev  0x00000000000014ce      0x1bf Core/Src/sysmem.o
 .debug_abbrev  0x000000000000168d      0x262 Core/Src/system_stm32h7xx.o
 .debug_abbrev  0x00000000000018ef       0x12 Core/Startup/startup_stm32h743zitx.o
 .debug_abbrev  0x0000000000001901      0x31b Drivers/STM32H7xx_HAL_Driver/Src/stm32h7xx_hal.o
 .debug_abbrev  0x0000000000001c1c      0x409 Drivers/STM32H7xx_HAL_Driver/Src/stm32h7xx_hal_cortex.o
 .debug_abbrev  0x0000000000002025      0x328 Drivers/STM32H7xx_HAL_Driver/Src/stm32h7xx_hal_eth.o
 .debug_abbrev  0x000000000000234d      0x2cb Drivers/STM32H7xx_HAL_Driver/Src/stm32h7xx_hal_gpio.o
 .debug_abbrev  0x0000000000002618      0x33a Drivers/STM32H7xx_HAL_Driver/Src/stm32h7xx_hal_pcd.o
 .debug_abbrev  0x0000000000002952      0x2e0 Drivers/STM32H7xx_HAL_Driver/Src/stm32h7xx_hal_pcd_ex.o
 .debug_abbrev  0x0000000000002c32      0x350 Drivers/STM32H7xx_HAL_Driver/Src/stm32h7xx_hal_pwr_ex.o
 .debug_abbrev  0x0000000000002f82      0x322 Drivers/STM32H7xx_HAL_Driver/Src/stm32h7xx_hal_rcc.o
 .debug_abbrev  0x00000000000032a4      0x31d Drivers/STM32H7xx_HAL_Driver/Src/stm32h7xx_hal_rcc_ex.o
 .debug_abbrev  0x00000000000035c1      0x2f9 Drivers/STM32H7xx_HAL_Driver/Src/stm32h7xx_hal_tim.o
 .debug_abbrev  0x00000000000038ba      0x301 Drivers/STM32H7xx_HAL_Driver/Src/stm32h7xx_hal_tim_ex.o
 .debug_abbrev  0x0000000000003bbb      0x309 Drivers/STM32H7xx_HAL_Driver/Src/stm32h7xx_hal_uart.o
 .debug_abbrev  0x0000000000003ec4      0x2a5 Drivers/STM32H7xx_HAL_Driver/Src/stm32h7xx_hal_uart_ex.o
 .debug_abbrev  0x0000000000004169      0x352 Drivers/STM32H7xx_HAL_Driver/Src/stm32h7xx_ll_usb.o

.debug_aranges  0x0000000000000000     0x1608
 .debug_aranges
                0x0000000000000000       0x40 Core/Inc/Dial.o
 .debug_aranges
                0x0000000000000040       0x58 Core/Inc/Stepper.o
 .debug_aranges
                0x0000000000000098       0x78 Core/Src/main.o
 .debug_aranges
                0x0000000000000110       0x68 Core/Src/stm32h7xx_hal_msp.o
 .debug_aranges
                0x0000000000000178       0x68 Core/Src/stm32h7xx_it.o
 .debug_aranges
                0x00000000000001e0       0xa8 Core/Src/syscalls.o
 .debug_aranges
                0x0000000000000288       0x20 Core/Src/sysmem.o
 .debug_aranges
                0x00000000000002a8       0x28 Core/Src/system_stm32h7xx.o
 .debug_aranges
                0x00000000000002d0       0x28 Core/Startup/startup_stm32h743zitx.o
 .debug_aranges
                0x00000000000002f8      0x198 Drivers/STM32H7xx_HAL_Driver/Src/stm32h7xx_hal.o
 .debug_aranges
                0x0000000000000490      0x120 Drivers/STM32H7xx_HAL_Driver/Src/stm32h7xx_hal_cortex.o
 .debug_aranges
                0x00000000000005b0      0x1b0 Drivers/STM32H7xx_HAL_Driver/Src/stm32h7xx_hal_eth.o
 .debug_aranges
                0x0000000000000760       0x58 Drivers/STM32H7xx_HAL_Driver/Src/stm32h7xx_hal_gpio.o
 .debug_aranges
                0x00000000000007b8      0x130 Drivers/STM32H7xx_HAL_Driver/Src/stm32h7xx_hal_pcd.o
 .debug_aranges
                0x00000000000008e8       0x60 Drivers/STM32H7xx_HAL_Driver/Src/stm32h7xx_hal_pcd_ex.o
 .debug_aranges
                0x0000000000000948      0x158 Drivers/STM32H7xx_HAL_Driver/Src/stm32h7xx_hal_pwr_ex.o
 .debug_aranges
                0x0000000000000aa0       0x88 Drivers/STM32H7xx_HAL_Driver/Src/stm32h7xx_hal_rcc.o
 .debug_aranges
                0x0000000000000b28       0xf8 Drivers/STM32H7xx_HAL_Driver/Src/stm32h7xx_hal_rcc_ex.o
 .debug_aranges
                0x0000000000000c20      0x3e0 Drivers/STM32H7xx_HAL_Driver/Src/stm32h7xx_hal_tim.o
 .debug_aranges
                0x0000000000001000      0x188 Drivers/STM32H7xx_HAL_Driver/Src/stm32h7xx_hal_tim_ex.o
 .debug_aranges
                0x0000000000001188      0x248 Drivers/STM32H7xx_HAL_Driver/Src/stm32h7xx_hal_uart.o
 .debug_aranges
                0x00000000000013d0       0xa0 Drivers/STM32H7xx_HAL_Driver/Src/stm32h7xx_hal_uart_ex.o
 .debug_aranges
                0x0000000000001470      0x198 Drivers/STM32H7xx_HAL_Driver/Src/stm32h7xx_ll_usb.o

.debug_ranges   0x0000000000000000     0x14d0
 .debug_ranges  0x0000000000000000       0x30 Core/Inc/Dial.o
 .debug_ranges  0x0000000000000030       0x48 Core/Inc/Stepper.o
 .debug_ranges  0x0000000000000078       0x68 Core/Src/main.o
 .debug_ranges  0x00000000000000e0       0x58 Core/Src/stm32h7xx_hal_msp.o
 .debug_ranges  0x0000000000000138       0x58 Core/Src/stm32h7xx_it.o
 .debug_ranges  0x0000000000000190       0x98 Core/Src/syscalls.o
 .debug_ranges  0x0000000000000228       0x10 Core/Src/sysmem.o
 .debug_ranges  0x0000000000000238       0x18 Core/Src/system_stm32h7xx.o
 .debug_ranges  0x0000000000000250       0x20 Core/Startup/startup_stm32h743zitx.o
 .debug_ranges  0x0000000000000270      0x188 Drivers/STM32H7xx_HAL_Driver/Src/stm32h7xx_hal.o
 .debug_ranges  0x00000000000003f8      0x110 Drivers/STM32H7xx_HAL_Driver/Src/stm32h7xx_hal_cortex.o
 .debug_ranges  0x0000000000000508      0x1a0 Drivers/STM32H7xx_HAL_Driver/Src/stm32h7xx_hal_eth.o
 .debug_ranges  0x00000000000006a8       0x48 Drivers/STM32H7xx_HAL_Driver/Src/stm32h7xx_hal_gpio.o
 .debug_ranges  0x00000000000006f0      0x120 Drivers/STM32H7xx_HAL_Driver/Src/stm32h7xx_hal_pcd.o
 .debug_ranges  0x0000000000000810       0x50 Drivers/STM32H7xx_HAL_Driver/Src/stm32h7xx_hal_pcd_ex.o
 .debug_ranges  0x0000000000000860      0x148 Drivers/STM32H7xx_HAL_Driver/Src/stm32h7xx_hal_pwr_ex.o
 .debug_ranges  0x00000000000009a8       0x78 Drivers/STM32H7xx_HAL_Driver/Src/stm32h7xx_hal_rcc.o
 .debug_ranges  0x0000000000000a20       0xe8 Drivers/STM32H7xx_HAL_Driver/Src/stm32h7xx_hal_rcc_ex.o
 .debug_ranges  0x0000000000000b08      0x3d0 Drivers/STM32H7xx_HAL_Driver/Src/stm32h7xx_hal_tim.o
 .debug_ranges  0x0000000000000ed8      0x178 Drivers/STM32H7xx_HAL_Driver/Src/stm32h7xx_hal_tim_ex.o
 .debug_ranges  0x0000000000001050      0x268 Drivers/STM32H7xx_HAL_Driver/Src/stm32h7xx_hal_uart.o
 .debug_ranges  0x00000000000012b8       0x90 Drivers/STM32H7xx_HAL_Driver/Src/stm32h7xx_hal_uart_ex.o
 .debug_ranges  0x0000000000001348      0x188 Drivers/STM32H7xx_HAL_Driver/Src/stm32h7xx_ll_usb.o

.debug_macro    0x0000000000000000    0x3cb1c
 .debug_macro   0x0000000000000000      0x39d Core/Inc/Dial.o
 .debug_macro   0x000000000000039d      0xb98 Core/Inc/Dial.o
 .debug_macro   0x0000000000000f35      0x244 Core/Inc/Dial.o
 .debug_macro   0x0000000000001179       0x2e Core/Inc/Dial.o
 .debug_macro   0x00000000000011a7       0x3b Core/Inc/Dial.o
 .debug_macro   0x00000000000011e2       0x1c Core/Inc/Dial.o
 .debug_macro   0x00000000000011fe       0x22 Core/Inc/Dial.o
 .debug_macro   0x0000000000001220       0x8e Core/Inc/Dial.o
 .debug_macro   0x00000000000012ae       0x51 Core/Inc/Dial.o
 .debug_macro   0x00000000000012ff      0x103 Core/Inc/Dial.o
 .debug_macro   0x0000000000001402       0x6a Core/Inc/Dial.o
 .debug_macro   0x000000000000146c      0x1df Core/Inc/Dial.o
 .debug_macro   0x000000000000164b       0x1c Core/Inc/Dial.o
 .debug_macro   0x0000000000001667       0x22 Core/Inc/Dial.o
 .debug_macro   0x0000000000001689      0x101 Core/Inc/Dial.o
 .debug_macro   0x000000000000178a     0x1305 Core/Inc/Dial.o
 .debug_macro   0x0000000000002a8f      0x11f Core/Inc/Dial.o
 .debug_macro   0x0000000000002bae       0x27 Core/Inc/Dial.o
 .debug_macro   0x0000000000002bd5    0x253d1 Core/Inc/Dial.o
 .debug_macro   0x0000000000027fa6       0x43 Core/Inc/Dial.o
 .debug_macro   0x0000000000027fe9     0x3cd3 Core/Inc/Dial.o
 .debug_macro   0x000000000002bcbc      0x17b Core/Inc/Dial.o
 .debug_macro   0x000000000002be37      0x17c Core/Inc/Dial.o
 .debug_macro   0x000000000002bfb3       0x10 Core/Inc/Dial.o
 .debug_macro   0x000000000002bfc3      0x41e Core/Inc/Dial.o
 .debug_macro   0x000000000002c3e1       0x18 Core/Inc/Dial.o
 .debug_macro   0x000000000002c3f9       0x52 Core/Inc/Dial.o
 .debug_macro   0x000000000002c44b       0x17 Core/Inc/Dial.o
 .debug_macro   0x000000000002c462       0x3c Core/Inc/Dial.o
 .debug_macro   0x000000000002c49e       0x34 Core/Inc/Dial.o
 .debug_macro   0x000000000002c4d2       0x16 Core/Inc/Dial.o
 .debug_macro   0x000000000002c4e8       0x43 Core/Inc/Dial.o
 .debug_macro   0x000000000002c52b       0x34 Core/Inc/Dial.o
 .debug_macro   0x000000000002c55f       0x10 Core/Inc/Dial.o
 .debug_macro   0x000000000002c56f       0x58 Core/Inc/Dial.o
 .debug_macro   0x000000000002c5c7       0x71 Core/Inc/Dial.o
 .debug_macro   0x000000000002c638       0x16 Core/Inc/Dial.o
 .debug_macro   0x000000000002c64e      0x12a Core/Inc/Dial.o
 .debug_macro   0x000000000002c778      0x356 Core/Inc/Dial.o
 .debug_macro   0x000000000002cace      0x1a2 Core/Inc/Dial.o
 .debug_macro   0x000000000002cc70       0x10 Core/Inc/Dial.o
 .debug_macro   0x000000000002cc80       0x16 Core/Inc/Dial.o
 .debug_macro   0x000000000002cc96       0x35 Core/Inc/Dial.o
 .debug_macro   0x000000000002cccb       0x16 Core/Inc/Dial.o
 .debug_macro   0x000000000002cce1       0x29 Core/Inc/Dial.o
 .debug_macro   0x000000000002cd0a       0x10 Core/Inc/Dial.o
 .debug_macro   0x000000000002cd1a      0x3c7 Core/Inc/Dial.o
 .debug_macro   0x000000000002d0e1       0x5d Core/Inc/Dial.o
 .debug_macro   0x000000000002d13e     0x2382 Core/Inc/Dial.o
 .debug_macro   0x000000000002f4c0     0x1002 Core/Inc/Dial.o
 .debug_macro   0x00000000000304c2      0x14d Core/Inc/Dial.o
 .debug_macro   0x000000000003060f      0x117 Core/Inc/Dial.o
 .debug_macro   0x0000000000030726      0x3b2 Core/Inc/Dial.o
 .debug_macro   0x0000000000030ad8       0x27 Core/Inc/Dial.o
 .debug_macro   0x0000000000030aff      0x72d Core/Inc/Dial.o
 .debug_macro   0x000000000003122c      0x229 Core/Inc/Dial.o
 .debug_macro   0x0000000000031455       0x66 Core/Inc/Dial.o
 .debug_macro   0x00000000000314bb      0x3bb Core/Inc/Dial.o
 .debug_macro   0x0000000000031876      0xa59 Core/Inc/Dial.o
 .debug_macro   0x00000000000322cf      0x129 Core/Inc/Dial.o
 .debug_macro   0x00000000000323f8      0x3e5 Core/Inc/Dial.o
 .debug_macro   0x00000000000327dd      0x275 Core/Inc/Dial.o
 .debug_macro   0x0000000000032a52      0x3cb Core/Inc/Dial.o
 .debug_macro   0x0000000000032e1d      0x408 Core/Inc/Dial.o
 .debug_macro   0x0000000000033225       0x51 Core/Inc/Dial.o
 .debug_macro   0x0000000000033276       0x4a Core/Inc/Dial.o
 .debug_macro   0x00000000000332c0      0x22c Core/Inc/Dial.o
 .debug_macro   0x00000000000334ec       0x67 Core/Inc/Dial.o
 .debug_macro   0x0000000000033553       0xa5 Core/Inc/Dial.o
 .debug_macro   0x00000000000335f8      0x1c5 Core/Inc/Dial.o
 .debug_macro   0x00000000000337bd      0x25f Core/Inc/Dial.o
 .debug_macro   0x0000000000033a1c       0x35 Core/Inc/Dial.o
 .debug_macro   0x0000000000033a51      0xad7 Core/Inc/Dial.o
 .debug_macro   0x0000000000034528      0x2a0 Core/Inc/Dial.o
 .debug_macro   0x00000000000347c8      0x67e Core/Inc/Dial.o
 .debug_macro   0x0000000000034e46       0xa6 Core/Inc/Dial.o
 .debug_macro   0x0000000000034eec      0x21e Core/Inc/Dial.o
 .debug_macro   0x000000000003510a       0x90 Core/Inc/Dial.o
 .debug_macro   0x000000000003519a      0x5a0 Core/Inc/Dial.o
 .debug_macro   0x000000000003573a       0x7c Core/Inc/Dial.o
 .debug_macro   0x00000000000357b6       0x2e Core/Inc/Dial.o
 .debug_macro   0x00000000000357e4      0x39d Core/Inc/Stepper.o
 .debug_macro   0x0000000000035b81      0x3df Core/Src/main.o
 .debug_macro   0x0000000000035f60       0x16 Core/Src/main.o
 .debug_macro   0x0000000000035f76       0x20 Core/Src/main.o
 .debug_macro   0x0000000000035f96      0x2ee Core/Src/stm32h7xx_hal_msp.o
 .debug_macro   0x0000000000036284      0xac0 Core/Src/stm32h7xx_hal_msp.o
 .debug_macro   0x0000000000036d44     0x1305 Core/Src/stm32h7xx_hal_msp.o
 .debug_macro   0x0000000000038049      0x174 Core/Src/stm32h7xx_hal_msp.o
 .debug_macro   0x00000000000381bd       0x34 Core/Src/stm32h7xx_hal_msp.o
 .debug_macro   0x00000000000381f1       0x43 Core/Src/stm32h7xx_hal_msp.o
 .debug_macro   0x0000000000038234       0x1c Core/Src/stm32h7xx_hal_msp.o
 .debug_macro   0x0000000000038250      0x333 Core/Src/stm32h7xx_hal_msp.o
 .debug_macro   0x0000000000038583      0x1a9 Core/Src/stm32h7xx_hal_msp.o
 .debug_macro   0x000000000003872c      0x2f8 Core/Src/stm32h7xx_it.o
 .debug_macro   0x0000000000038a24      0x24c Core/Src/syscalls.o
 .debug_macro   0x0000000000038c70       0x4c Core/Src/syscalls.o
 .debug_macro   0x0000000000038cbc       0x94 Core/Src/syscalls.o
 .debug_macro   0x0000000000038d50       0x57 Core/Src/syscalls.o
 .debug_macro   0x0000000000038da7      0x339 Core/Src/syscalls.o
 .debug_macro   0x00000000000390e0       0x10 Core/Src/syscalls.o
 .debug_macro   0x00000000000390f0       0x35 Core/Src/syscalls.o
 .debug_macro   0x0000000000039125       0x10 Core/Src/syscalls.o
 .debug_macro   0x0000000000039135       0x10 Core/Src/syscalls.o
 .debug_macro   0x0000000000039145       0x10 Core/Src/syscalls.o
 .debug_macro   0x0000000000039155       0x1c Core/Src/syscalls.o
 .debug_macro   0x0000000000039171       0x52 Core/Src/syscalls.o
 .debug_macro   0x00000000000391c3       0x22 Core/Src/syscalls.o
 .debug_macro   0x00000000000391e5       0x10 Core/Src/syscalls.o
 .debug_macro   0x00000000000391f5       0x40 Core/Src/syscalls.o
 .debug_macro   0x0000000000039235       0xd5 Core/Src/syscalls.o
 .debug_macro   0x000000000003930a       0x1c Core/Src/syscalls.o
 .debug_macro   0x0000000000039326       0x3d Core/Src/syscalls.o
 .debug_macro   0x0000000000039363       0x35 Core/Src/syscalls.o
 .debug_macro   0x0000000000039398      0x12c Core/Src/syscalls.o
 .debug_macro   0x00000000000394c4       0x10 Core/Src/syscalls.o
 .debug_macro   0x00000000000394d4      0x241 Core/Src/syscalls.o
 .debug_macro   0x0000000000039715       0x1c Core/Src/syscalls.o
 .debug_macro   0x0000000000039731       0x10 Core/Src/syscalls.o
 .debug_macro   0x0000000000039741       0x10 Core/Src/syscalls.o
 .debug_macro   0x0000000000039751       0x16 Core/Src/syscalls.o
 .debug_macro   0x0000000000039767      0x145 Core/Src/syscalls.o
 .debug_macro   0x00000000000398ac      0x189 Core/Src/syscalls.o
 .debug_macro   0x0000000000039a35       0x16 Core/Src/syscalls.o
 .debug_macro   0x0000000000039a4b       0xce Core/Src/syscalls.o
 .debug_macro   0x0000000000039b19       0xff Core/Src/sysmem.o
 .debug_macro   0x0000000000039c18      0x23b Core/Src/sysmem.o
 .debug_macro   0x0000000000039e53      0x2e5 Core/Src/system_stm32h7xx.o
 .debug_macro   0x000000000003a138      0x309 Drivers/STM32H7xx_HAL_Driver/Src/stm32h7xx_hal.o
 .debug_macro   0x000000000003a441      0x2df Drivers/STM32H7xx_HAL_Driver/Src/stm32h7xx_hal_cortex.o
 .debug_macro   0x000000000003a720      0x36c Drivers/STM32H7xx_HAL_Driver/Src/stm32h7xx_hal_eth.o
 .debug_macro   0x000000000003aa8c      0x31b Drivers/STM32H7xx_HAL_Driver/Src/stm32h7xx_hal_gpio.o
 .debug_macro   0x000000000003ada7      0x2eb Drivers/STM32H7xx_HAL_Driver/Src/stm32h7xx_hal_pcd.o
 .debug_macro   0x000000000003b092      0x2df Drivers/STM32H7xx_HAL_Driver/Src/stm32h7xx_hal_pcd_ex.o
 .debug_macro   0x000000000003b371      0x318 Drivers/STM32H7xx_HAL_Driver/Src/stm32h7xx_hal_pwr_ex.o
 .debug_macro   0x000000000003b689      0x303 Drivers/STM32H7xx_HAL_Driver/Src/stm32h7xx_hal_rcc.o
 .debug_macro   0x000000000003b98c      0x2fd Drivers/STM32H7xx_HAL_Driver/Src/stm32h7xx_hal_rcc_ex.o
 .debug_macro   0x000000000003bc89      0x2e0 Drivers/STM32H7xx_HAL_Driver/Src/stm32h7xx_hal_tim.o
 .debug_macro   0x000000000003bf69      0x2df Drivers/STM32H7xx_HAL_Driver/Src/stm32h7xx_hal_tim_ex.o
 .debug_macro   0x000000000003c248      0x30a Drivers/STM32H7xx_HAL_Driver/Src/stm32h7xx_hal_uart.o
 .debug_macro   0x000000000003c552      0x2eb Drivers/STM32H7xx_HAL_Driver/Src/stm32h7xx_hal_uart_ex.o
 .debug_macro   0x000000000003c83d      0x2df Drivers/STM32H7xx_HAL_Driver/Src/stm32h7xx_ll_usb.o

.debug_line     0x0000000000000000    0x1a2bc
 .debug_line    0x0000000000000000      0xcd2 Core/Inc/Dial.o
 .debug_line    0x0000000000000cd2      0xd50 Core/Inc/Stepper.o
 .debug_line    0x0000000000001a22      0xfef Core/Src/main.o
 .debug_line    0x0000000000002a11      0xa64 Core/Src/stm32h7xx_hal_msp.o
 .debug_line    0x0000000000003475      0x97f Core/Src/stm32h7xx_it.o
 .debug_line    0x0000000000003df4      0x7d5 Core/Src/syscalls.o
 .debug_line    0x00000000000045c9      0x4cb Core/Src/sysmem.o
 .debug_line    0x0000000000004a94      0xa5b Core/Src/system_stm32h7xx.o
 .debug_line    0x00000000000054ef       0x88 Core/Startup/startup_stm32h743zitx.o
 .debug_line    0x0000000000005577      0xe52 Drivers/STM32H7xx_HAL_Driver/Src/stm32h7xx_hal.o
 .debug_line    0x00000000000063c9      0xe58 Drivers/STM32H7xx_HAL_Driver/Src/stm32h7xx_hal_cortex.o
 .debug_line    0x0000000000007221     0x1c63 Drivers/STM32H7xx_HAL_Driver/Src/stm32h7xx_hal_eth.o
 .debug_line    0x0000000000008e84      0xd1d Drivers/STM32H7xx_HAL_Driver/Src/stm32h7xx_hal_gpio.o
 .debug_line    0x0000000000009ba1     0x14d4 Drivers/STM32H7xx_HAL_Driver/Src/stm32h7xx_hal_pcd.o
 .debug_line    0x000000000000b075      0xa80 Drivers/STM32H7xx_HAL_Driver/Src/stm32h7xx_hal_pcd_ex.o
 .debug_line    0x000000000000baf5      0xf6c Drivers/STM32H7xx_HAL_Driver/Src/stm32h7xx_hal_pwr_ex.o
 .debug_line    0x000000000000ca61     0x139e Drivers/STM32H7xx_HAL_Driver/Src/stm32h7xx_hal_rcc.o
 .debug_line    0x000000000000ddff     0x1b6b Drivers/STM32H7xx_HAL_Driver/Src/stm32h7xx_hal_rcc_ex.o
 .debug_line    0x000000000000f96a     0x3e23 Drivers/STM32H7xx_HAL_Driver/Src/stm32h7xx_hal_tim.o
 .debug_line    0x000000000001378d     0x1d8d Drivers/STM32H7xx_HAL_Driver/Src/stm32h7xx_hal_tim_ex.o
 .debug_line    0x000000000001551a     0x2490 Drivers/STM32H7xx_HAL_Driver/Src/stm32h7xx_hal_uart.o
 .debug_line    0x00000000000179aa      0xe40 Drivers/STM32H7xx_HAL_Driver/Src/stm32h7xx_hal_uart_ex.o
 .debug_line    0x00000000000187ea     0x1ad2 Drivers/STM32H7xx_HAL_Driver/Src/stm32h7xx_ll_usb.o

.debug_str      0x0000000000000000   0x16db4c
 .debug_str     0x0000000000000000   0x162bdf Core/Inc/Dial.o
                                     0x163285 (size before relaxing)
 .debug_str     0x0000000000162bdf      0x276 Core/Inc/Stepper.o
                                     0x163457 (size before relaxing)
 .debug_str     0x0000000000162e55     0x1b28 Core/Src/main.o
                                     0x1654b3 (size before relaxing)
 .debug_str     0x000000000016497d      0xe46 Core/Src/stm32h7xx_hal_msp.o
                                     0x162839 (size before relaxing)
 .debug_str     0x00000000001657c3       0xcd Core/Src/stm32h7xx_it.o
                                     0x160cb6 (size before relaxing)
 .debug_str     0x0000000000165890     0x2583 Core/Src/syscalls.o
                                       0x8f14 (size before relaxing)
 .debug_str     0x0000000000167e13       0x6b Core/Src/sysmem.o
                                       0x62e7 (size before relaxing)
 .debug_str     0x0000000000167e7e      0x316 Core/Src/system_stm32h7xx.o
                                     0x16095c (size before relaxing)
 .debug_str     0x0000000000168194       0x36 Core/Startup/startup_stm32h743zitx.o
                                         0x6f (size before relaxing)
 .debug_str     0x00000000001681ca      0x740 Drivers/STM32H7xx_HAL_Driver/Src/stm32h7xx_hal.o
                                     0x16176d (size before relaxing)
 .debug_str     0x000000000016890a      0x396 Drivers/STM32H7xx_HAL_Driver/Src/stm32h7xx_hal_cortex.o
                                     0x161275 (size before relaxing)
 .debug_str     0x0000000000168ca0     0x1023 Drivers/STM32H7xx_HAL_Driver/Src/stm32h7xx_hal_eth.o
                                     0x16202e (size before relaxing)
 .debug_str     0x0000000000169cc3      0x1e8 Drivers/STM32H7xx_HAL_Driver/Src/stm32h7xx_hal_gpio.o
                                     0x1609f8 (size before relaxing)
 .debug_str     0x0000000000169eab      0x530 Drivers/STM32H7xx_HAL_Driver/Src/stm32h7xx_hal_pcd.o
                                     0x160d58 (size before relaxing)
 .debug_str     0x000000000016a3db      0x1b4 Drivers/STM32H7xx_HAL_Driver/Src/stm32h7xx_hal_pcd_ex.o
                                     0x1609d1 (size before relaxing)
 .debug_str     0x000000000016a58f      0x63e Drivers/STM32H7xx_HAL_Driver/Src/stm32h7xx_hal_pwr_ex.o
                                     0x160dc6 (size before relaxing)
 .debug_str     0x000000000016abcd      0x26c Drivers/STM32H7xx_HAL_Driver/Src/stm32h7xx_hal_rcc.o
                                     0x160c87 (size before relaxing)
 .debug_str     0x000000000016ae39      0x665 Drivers/STM32H7xx_HAL_Driver/Src/stm32h7xx_hal_rcc_ex.o
                                     0x16114d (size before relaxing)
 .debug_str     0x000000000016b49e      0xd69 Drivers/STM32H7xx_HAL_Driver/Src/stm32h7xx_hal_tim.o
                                     0x1619b6 (size before relaxing)
 .debug_str     0x000000000016c207      0x604 Drivers/STM32H7xx_HAL_Driver/Src/stm32h7xx_hal_tim_ex.o
                                     0x1612a3 (size before relaxing)
 .debug_str     0x000000000016c80b      0x9cf Drivers/STM32H7xx_HAL_Driver/Src/stm32h7xx_hal_uart.o
                                     0x16167f (size before relaxing)
 .debug_str     0x000000000016d1da      0x2d4 Drivers/STM32H7xx_HAL_Driver/Src/stm32h7xx_hal_uart_ex.o
                                     0x160ca7 (size before relaxing)
 .debug_str     0x000000000016d4ae      0x69e Drivers/STM32H7xx_HAL_Driver/Src/stm32h7xx_ll_usb.o
                                     0x160efb (size before relaxing)

.comment        0x0000000000000000       0x53
 .comment       0x0000000000000000       0x53 Core/Inc/Dial.o
                                         0x54 (size before relaxing)
 .comment       0x0000000000000053       0x54 Core/Inc/Stepper.o
 .comment       0x0000000000000053       0x54 Core/Src/main.o
 .comment       0x0000000000000053       0x54 Core/Src/stm32h7xx_hal_msp.o
 .comment       0x0000000000000053       0x54 Core/Src/stm32h7xx_it.o