Archive member included to satisfy reference by file (symbol)

/opt/st/stm32cubeide_1.6.0/plugins/com.st.stm32cube.ide.mcu.externaltools.gnu-tools-for-stm32.9-2020-q2-update.linux64_1.5.0.202011040924/tools/bin/../lib/gcc/arm-none-eabi/9.3.1/../../../../arm-none-eabi/lib/thumb/v7e-m+dp/hard/libstdc++_nano.a(new_op.o)
                              Core/Src/main.o (operator new(unsigned int))
/opt/st/stm32cubeide_1.6.0/plugins/com.st.stm32cube.ide.mcu.externaltools.gnu-tools-for-stm32.9-2020-q2-update.linux64_1.5.0.202011040924/tools/bin/../lib/gcc/arm-none-eabi/9.3.1/../../../../arm-none-eabi/lib/thumb/v7e-m+dp/hard/libstdc++_nano.a(new_handler.o)
                              /opt/st/stm32cubeide_1.6.0/plugins/com.st.stm32cube.ide.mcu.externaltools.gnu-tools-for-stm32.9-2020-q2-update.linux64_1.5.0.202011040924/tools/bin/../lib/gcc/arm-none-eabi/9.3.1/../../../../arm-none-eabi/lib/thumb/v7e-m+dp/hard/libstdc++_nano.a(new_op.o) (std::get_new_handler())
/opt/st/stm32cubeide_1.6.0/plugins/com.st.stm32cube.ide.mcu.externaltools.gnu-tools-for-stm32.9-2020-q2-update.linux64_1.5.0.202011040924/tools/bin/../lib/gcc/arm-none-eabi/9.3.1/../../../../arm-none-eabi/lib/thumb/v7e-m+dp/hard/libm.a(lib_a-s_round.o)
                              Core/Inc/Encoder.o (round)
/opt/st/stm32cubeide_1.6.0/plugins/com.st.stm32cube.ide.mcu.externaltools.gnu-tools-for-stm32.9-2020-q2-update.linux64_1.5.0.202011040924/tools/bin/../lib/gcc/arm-none-eabi/9.3.1/../../../../arm-none-eabi/lib/thumb/v7e-m+dp/hard/libc_nano.a(lib_a-abort.o)
                              /opt/st/stm32cubeide_1.6.0/plugins/com.st.stm32cube.ide.mcu.externaltools.gnu-tools-for-stm32.9-2020-q2-update.linux64_1.5.0.202011040924/tools/bin/../lib/gcc/arm-none-eabi/9.3.1/../../../../arm-none-eabi/lib/thumb/v7e-m+dp/hard/libstdc++_nano.a(new_op.o) (abort)
/opt/st/stm32cubeide_1.6.0/plugins/com.st.stm32cube.ide.mcu.externaltools.gnu-tools-for-stm32.9-2020-q2-update.linux64_1.5.0.202011040924/tools/bin/../lib/gcc/arm-none-eabi/9.3.1/../../../../arm-none-eabi/lib/thumb/v7e-m+dp/hard/libc_nano.a(lib_a-errno.o)
                              Core/Src/syscalls.o (__errno)
/opt/st/stm32cubeide_1.6.0/plugins/com.st.stm32cube.ide.mcu.externaltools.gnu-tools-for-stm32.9-2020-q2-update.linux64_1.5.0.202011040924/tools/bin/../lib/gcc/arm-none-eabi/9.3.1/../../../../arm-none-eabi/lib/thumb/v7e-m+dp/hard/libc_nano.a(lib_a-exit.o)
                              /opt/st/stm32cubeide_1.6.0/plugins/com.st.stm32cube.ide.mcu.externaltools.gnu-tools-for-stm32.9-2020-q2-update.linux64_1.5.0.202011040924/tools/bin/../lib/gcc/arm-none-eabi/9.3.1/../../../../arm-none-eabi/lib/thumb/v7e-m+dp/hard/crt0.o (exit)
/opt/st/stm32cubeide_1.6.0/plugins/com.st.stm32cube.ide.mcu.externaltools.gnu-tools-for-stm32.9-2020-q2-update.linux64_1.5.0.202011040924/tools/bin/../lib/gcc/arm-none-eabi/9.3.1/../../../../arm-none-eabi/lib/thumb/v7e-m+dp/hard/libc_nano.a(lib_a-impure.o)
                              /opt/st/stm32cubeide_1.6.0/plugins/com.st.stm32cube.ide.mcu.externaltools.gnu-tools-for-stm32.9-2020-q2-update.linux64_1.5.0.202011040924/tools/bin/../lib/gcc/arm-none-eabi/9.3.1/../../../../arm-none-eabi/lib/thumb/v7e-m+dp/hard/libc_nano.a(lib_a-exit.o) (_global_impure_ptr)
/opt/st/stm32cubeide_1.6.0/plugins/com.st.stm32cube.ide.mcu.externaltools.gnu-tools-for-stm32.9-2020-q2-update.linux64_1.5.0.202011040924/tools/bin/../lib/gcc/arm-none-eabi/9.3.1/../../../../arm-none-eabi/lib/thumb/v7e-m+dp/hard/libc_nano.a(lib_a-init.o)
                              /opt/st/stm32cubeide_1.6.0/plugins/com.st.stm32cube.ide.mcu.externaltools.gnu-tools-for-stm32.9-2020-q2-update.linux64_1.5.0.202011040924/tools/bin/../lib/gcc/arm-none-eabi/9.3.1/../../../../arm-none-eabi/lib/thumb/v7e-m+dp/hard/crt0.o (__libc_init_array)
/opt/st/stm32cubeide_1.6.0/plugins/com.st.stm32cube.ide.mcu.externaltools.gnu-tools-for-stm32.9-2020-q2-update.linux64_1.5.0.202011040924/tools/bin/../lib/gcc/arm-none-eabi/9.3.1/../../../../arm-none-eabi/lib/thumb/v7e-m+dp/hard/libc_nano.a(lib_a-malloc.o)
                              /opt/st/stm32cubeide_1.6.0/plugins/com.st.stm32cube.ide.mcu.externaltools.gnu-tools-for-stm32.9-2020-q2-update.linux64_1.5.0.202011040924/tools/bin/../lib/gcc/arm-none-eabi/9.3.1/../../../../arm-none-eabi/lib/thumb/v7e-m+dp/hard/libstdc++_nano.a(new_op.o) (malloc)
/opt/st/stm32cubeide_1.6.0/plugins/com.st.stm32cube.ide.mcu.externaltools.gnu-tools-for-stm32.9-2020-q2-update.linux64_1.5.0.202011040924/tools/bin/../lib/gcc/arm-none-eabi/9.3.1/../../../../arm-none-eabi/lib/thumb/v7e-m+dp/hard/libc_nano.a(lib_a-memset.o)
                              /opt/st/stm32cubeide_1.6.0/plugins/com.st.stm32cube.ide.mcu.externaltools.gnu-tools-for-stm32.9-2020-q2-update.linux64_1.5.0.202011040924/tools/bin/../lib/gcc/arm-none-eabi/9.3.1/../../../../arm-none-eabi/lib/thumb/v7e-m+dp/hard/crt0.o (memset)
[...]
Memory Configuration

Name             Origin             Length             Attributes
FLASH            0x0000000008000000 0x0000000000200000 xr
RAM              0x0000000020000000 0x0000000000020000 xrw
RAM_D1           0x0000000024000000 0x0000000000080000 xrw
RAM_D2           0x0000000030000000 0x0000000000048000 xrw
RAM_D3           0x0000000038000000 0x0000000000010000 xrw
ITCMRAM          0x0000000000000000 0x0000000000010000 xrw
*default*        0x0000000000000000 0xffffffffffffffff

Linker script and memory map

LOAD /opt/st/stm32cubeide_1.6.0/plugins/com.st.stm32cube.ide.mcu.externaltools.gnu-tools-for-stm32.9-2020-q2-update.linux64_1.5.0.202011040924/tools/bin/../lib/gcc/arm-none-eabi/9.3.1/thumb/v7e-m+dp/hard/crti.o
LOAD /opt/st/stm32cubeide_1.6.0/plugins/com.st.stm32cube.ide.mcu.externaltools.gnu-tools-for-stm32.9-2020-q2-update.linux64_1.5.0.202011040924/tools/bin/../lib/gcc/arm-none-eabi/9.3.1/thumb/v7e-m+dp/hard/crtbegin.o
LOAD /opt/st/stm32cubeide_1.6.0/plugins/com.st.stm32cube.ide.mcu.externaltools.gnu-tools-for-stm32.9-2020-q2-update.linux64_1.5.0.202011040924/tools/bin/../lib/gcc/arm-none-eabi/9.3.1/../../../../arm-none-eabi/lib/thumb/v7e-m+dp/hard/crt0.o
LOAD Core/Inc/Dial.o
LOAD Core/Inc/Encoder.o
LOAD Core/Inc/Stepper.o
LOAD Core/Inc/Stepper_test.o
LOAD Core/Src/main.o
LOAD Core/Src/stm32h7xx_hal_msp.o
LOAD Core/Src/stm32h7xx_it.o
LOAD Core/Src/syscalls.o
LOAD Core/Src/sysmem.o
LOAD Core/Src/system_stm32h7xx.o
LOAD Core/Startup/startup_stm32h743zitx.o
LOAD Drivers/STM32H7xx_HAL_Driver/Src/stm32h7xx_hal.o
LOAD Drivers/STM32H7xx_HAL_Driver/Src/stm32h7xx_hal_cortex.o
LOAD Drivers/STM32H7xx_HAL_Driver/Src/stm32h7xx_hal_dma.o
LOAD Drivers/STM32H7xx_HAL_Driver/Src/stm32h7xx_hal_dma_ex.o
LOAD Drivers/STM32H7xx_HAL_Driver/Src/stm32h7xx_hal_eth.o
LOAD Drivers/STM32H7xx_HAL_Driver/Src/stm32h7xx_hal_eth_ex.o
LOAD Drivers/STM32H7xx_HAL_Driver/Src/stm32h7xx_hal_exti.o
LOAD Drivers/STM32H7xx_HAL_Driver/Src/stm32h7xx_hal_flash.o
LOAD Drivers/STM32H7xx_HAL_Driver/Src/stm32h7xx_hal_flash_ex.o
LOAD Drivers/STM32H7xx_HAL_Driver/Src/stm32h7xx_hal_gpio.o
LOAD Drivers/STM32H7xx_HAL_Driver/Src/stm32h7xx_hal_hsem.o
LOAD Drivers/STM32H7xx_HAL_Driver/Src/stm32h7xx_hal_i2c.o
LOAD Drivers/STM32H7xx_HAL_Driver/Src/stm32h7xx_hal_i2c_ex.o
LOAD Drivers/STM32H7xx_HAL_Driver/Src/stm32h7xx_hal_mdma.o
LOAD Drivers/STM32H7xx_HAL_Driver/Src/stm32h7xx_hal_pcd.o
LOAD Drivers/STM32H7xx_HAL_Driver/Src/stm32h7xx_hal_pcd_ex.o
LOAD Drivers/STM32H7xx_HAL_Driver/Src/stm32h7xx_hal_pwr.o
LOAD Drivers/STM32H7xx_HAL_Driver/Src/stm32h7xx_hal_pwr_ex.o
LOAD Drivers/STM32H7xx_HAL_Driver/Src/stm32h7xx_hal_rcc.o
LOAD Drivers/STM32H7xx_HAL_Driver/Src/stm32h7xx_hal_rcc_ex.o
LOAD Drivers/STM32H7xx_HAL_Driver/Src/stm32h7xx_hal_tim.o
LOAD Drivers/STM32H7xx_HAL_Driver/Src/stm32h7xx_hal_tim_ex.o
LOAD Drivers/STM32H7xx_HAL_Driver/Src/stm32h7xx_hal_uart.o
LOAD Drivers/STM32H7xx_HAL_Driver/Src/stm32h7xx_hal_uart_ex.o
LOAD Drivers/STM32H7xx_HAL_Driver/Src/stm32h7xx_ll_usb.o
START GROUP
LOAD /opt/st/stm32cubeide_1.6.0/plugins/com.st.stm32cube.ide.mcu.externaltools.gnu-tools-for-stm32.9-2020-q2-update.linux64_1.5.0.202011040924/tools/bin/../lib/gcc/arm-none-eabi/9.3.1/../../../../arm-none-eabi/lib/thumb/v7e-m+dp/hard/libstdc++_nano.a
LOAD /opt/st/stm32cubeide_1.6.0/plugins/com.st.stm32cube.ide.mcu.externaltools.gnu-tools-for-stm32.9-2020-q2-update.linux64_1.5.0.202011040924/tools/bin/../lib/gcc/arm-none-eabi/9.3.1/../../../../arm-none-eabi/lib/thumb/v7e-m+dp/hard/libsupc++_nano.a
END GROUP
LOAD /opt/st/stm32cubeide_1.6.0/plugins/com.st.stm32cube.ide.mcu.externaltools.gnu-tools-for-stm32.9-2020-q2-update.linux64_1.5.0.202011040924/tools/bin/../lib/gcc/arm-none-eabi/9.3.1/../../../../arm-none-eabi/lib/thumb/v7e-m+dp/hard/libstdc++_nano.a
LOAD /opt/st/stm32cubeide_1.6.0/plugins/com.st.stm32cube.ide.mcu.externaltools.gnu-tools-for-stm32.9-2020-q2-update.linux64_1.5.0.202011040924/tools/bin/../lib/gcc/arm-none-eabi/9.3.1/../../../../arm-none-eabi/lib/thumb/v7e-m+dp/hard/libm.a
LOAD /opt/st/stm32cubeide_1.6.0/plugins/com.st.stm32cube.ide.mcu.externaltools.gnu-tools-for-stm32.9-2020-q2-update.linux64_1.5.0.202011040924/tools/bin/../lib/gcc/arm-none-eabi/9.3.1/../../../../arm-none-eabi/lib/thumb/v7e-m+dp/hard/libc_nano.a
START GROUP
LOAD /opt/st/stm32cubeide_1.6.0/plugins/com.st.stm32cube.ide.mcu.externaltools.gnu-tools-for-stm32.9-2020-q2-update.linux64_1.5.0.202011040924/tools/bin/../lib/gcc/arm-none-eabi/9.3.1/thumb/v7e-m+dp/hard/libgcc.a
LOAD /opt/st/stm32cubeide_1.6.0/plugins/com.st.stm32cube.ide.mcu.externaltools.gnu-tools-for-stm32.9-2020-q2-update.linux64_1.5.0.202011040924/tools/bin/../lib/gcc/arm-none-eabi/9.3.1/../../../../arm-none-eabi/lib/thumb/v7e-m+dp/hard/libc_nano.a
END GROUP
START GROUP
LOAD /opt/st/stm32cubeide_1.6.0/plugins/com.st.stm32cube.ide.mcu.externaltools.gnu-tools-for-stm32.9-2020-q2-update.linux64_1.5.0.202011040924/tools/bin/../lib/gcc/arm-none-eabi/9.3.1/thumb/v7e-m+dp/hard/libgcc.a
LOAD /opt/st/stm32cubeide_1.6.0/plugins/com.st.stm32cube.ide.mcu.externaltools.gnu-tools-for-stm32.9-2020-q2-update.linux64_1.5.0.202011040924/tools/bin/../lib/gcc/arm-none-eabi/9.3.1/../../../../arm-none-eabi/lib/thumb/v7e-m+dp/hard/libc_nano.a
LOAD /opt/st/stm32cubeide_1.6.0/plugins/com.st.stm32cube.ide.mcu.externaltools.gnu-tools-for-stm32.9-2020-q2-update.linux64_1.5.0.202011040924/tools/bin/../lib/gcc/arm-none-eabi/9.3.1/../../../../arm-none-eabi/lib/thumb/v7e-m+dp/hard/libnosys.a
END GROUP
START GROUP
LOAD /opt/st/stm32cubeide_1.6.0/plugins/com.st.stm32cube.ide.mcu.externaltools.gnu-tools-for-stm32.9-2020-q2-update.linux64_1.5.0.202011040924/tools/bin/../lib/gcc/arm-none-eabi/9.3.1/thumb/v7e-m+dp/hard/libgcc.a
LOAD /opt/st/stm32cubeide_1.6.0/plugins/com.st.stm32cube.ide.mcu.externaltools.gnu-tools-for-stm32.9-2020-q2-update.linux64_1.5.0.202011040924/tools/bin/../lib/gcc/arm-none-eabi/9.3.1/../../../../arm-none-eabi/lib/thumb/v7e-m+dp/hard/libc_nano.a
LOAD /opt/st/stm32cubeide_1.6.0/plugins/com.st.stm32cube.ide.mcu.externaltools.gnu-tools-for-stm32.9-2020-q2-update.linux64_1.5.0.202011040924/tools/bin/../lib/gcc/arm-none-eabi/9.3.1/../../../../arm-none-eabi/lib/thumb/v7e-m+dp/hard/libnosys.a
END GROUP
LOAD /opt/st/stm32cubeide_1.6.0/plugins/com.st.stm32cube.ide.mcu.externaltools.gnu-tools-for-stm32.9-2020-q2-update.linux64_1.5.0.202011040924/tools/bin/../lib/gcc/arm-none-eabi/9.3.1/thumb/v7e-m+dp/hard/crtend.o
LOAD /opt/st/stm32cubeide_1.6.0/plugins/com.st.stm32cube.ide.mcu.externaltools.gnu-tools-for-stm32.9-2020-q2-update.linux64_1.5.0.202011040924/tools/bin/../lib/gcc/arm-none-eabi/9.3.1/thumb/v7e-m+dp/hard/crtn.o
                0x0000000020020000                _estack = 0x20020000
                0x0000000000000200                _Min_Heap_Size = 0x200
                0x0000000000000400                _Min_Stack_Size = 0x400

.isr_vector     0x0000000008000000      0x298
                0x0000000008000000                . = ALIGN (0x4)
 *(.isr_vector)
 .isr_vector    0x0000000008000000      0x298 Core/Startup/startup_stm32h743zitx.o
                0x0000000008000000                g_pfnVectors
                0x0000000008000298                . = ALIGN (0x4)

.text           0x00000000080002a0     0xb4c0
                0x00000000080002a0                . = ALIGN (0x4)
 *(.text)
 .text          0x00000000080002a0       0x40 /opt/st/stm32cubeide_1.6.0/plugins/com.st.stm32cube.ide.mcu.externaltools.gnu-tools-for-stm32.9-2020-q2-update.linux64_1.5.0.202011040924/tools/bin/../lib/gcc/arm-none-eabi/9.3.1/thumb/v7e-m+dp/hard/crtbegin.o
 .text          0x00000000080002e0       0x10 /opt/st/stm32cubeide_1.6.0/plugins/com.st.stm32cube.ide.mcu.externaltools.gnu-tools-for-stm32.9-2020-q2-update.linux64_1.5.0.202011040924/tools/bin/../lib/gcc/arm-none-eabi/9.3.1/../../../../arm-none-eabi/lib/thumb/v7e-m+dp/hard/libc_nano.a(lib_a-strlen.o)
                0x00000000080002e0                strlen
 .text          0x00000000080002f0       0xa0 /opt/st/stm32cubeide_1.6.0/plugins/com.st.stm32cube.ide.mcu.externaltools.gnu-tools-for-stm32.9-2020-q2-update.linux64_1.5.0.202011040924/tools/bin/../lib/gcc/arm-none-eabi/9.3.1/../../../../arm-none-eabi/lib/thumb/v7e-m+dp/hard/libc_nano.a(lib_a-memchr.o)
                0x00000000080002f0                memchr
 .text          0x0000000008000390       0x30 /opt/st/stm32cubeide_1.6.0/plugins/com.st.stm32cube.ide.mcu.externaltools.gnu-tools-for-stm32.9-2020-q2-update.linux64_1.5.0.202011040924/tools/bin/../lib/gcc/arm-none-eabi/9.3.1/thumb/v7e-m+dp/hard/libgcc.a(_aeabi_uldivmod.o)
                0x0000000008000390                __aeabi_uldivmod
 .text          0x00000000080003c0      0x2c4 /opt/st/stm32cubeide_1.6.0/plugins/com.st.stm32cube.ide.mcu.externaltools.gnu-tools-for-stm32.9-2020-q2-update.linux64_1.5.0.202011040924/tools/bin/../lib/gcc/arm-none-eabi/9.3.1/thumb/v7e-m+dp/hard/libgcc.a(_udivmoddi4.o)
                0x00000000080003c0                __udivmoddi4
 .text          0x0000000008000684        0x4 /opt/st/stm32cubeide_1.6.0/plugins/com.st.stm32cube.ide.mcu.externaltools.gnu-tools-for-stm32.9-2020-q2-update.linux64_1.5.0.202011040924/tools/bin/../lib/gcc/arm-none-eabi/9.3.1/thumb/v7e-m+dp/hard/libgcc.a(_dvmd_tls.o)
                0x0000000008000684                __aeabi_ldiv0
                0x0000000008000684                __aeabi_idiv0
 *(.text*)
 .text._ZSt5roundf
                0x0000000008000688       0x20 Core/Inc/Dial.o
                0x0000000008000688                std::round(float)
 .text._ZNSt4DialC2Ev
                0x00000000080006a8       0x24 Core/Inc/Dial.o
                0x00000000080006a8                std::Dial::Dial()
                0x00000000080006a8                std::Dial::Dial()
 .text._ZNSt4Dial14CalculateStepsE9Directionhf
                0x00000000080006cc       0xc4 Core/Inc/Dial.o
                0x00000000080006cc                std::Dial::CalculateSteps(Direction, unsigned char, float)
 .text._ZNSt4Dial14UpdatePositionEf
                0x0000000008000790       0x1e Core/Inc/Dial.o
                0x0000000008000790                std::Dial::UpdatePosition(float)
 .text._ZNSt4Dial11GetPositionEv
                0x00000000080007ae       0x1e Core/Inc/Dial.o
                0x00000000080007ae                std::Dial::GetPosition()
 .text._ZNSt7EncoderC2EP19__I2C_HandleTypeDefi
                0x00000000080007cc      0x14a Core/Inc/Encoder.o
                0x00000000080007cc                std::Encoder::Encoder(__I2C_HandleTypeDef*, int)
                0x00000000080007cc                std::Encoder::Encoder(__I2C_HandleTypeDef*, int)
 *fill*         0x0000000008000916        0x2 
 .text._ZNSt7Encoder11GetLocationEv
                0x0000000008000918      0x104 Core/Inc/Encoder.o
                0x0000000008000918                std::Encoder::GetLocation()
 .text._ZNSt12StepperMotorC2EP11TIM_TypeDef
                0x0000000008000a1c       0x30 Core/Inc/Stepper.o
                0x0000000008000a1c                std::StepperMotor::StepperMotor(TIM_TypeDef*)
                0x0000000008000a1c                std::StepperMotor::StepperMotor(TIM_TypeDef*)
 .text._ZNSt12StepperMotor10UpdateStepEv
                0x0000000008000a4c       0x2c Core/Inc/Stepper.o
                0x0000000008000a4c                std::StepperMotor::UpdateStep()
 .text._ZNSt12StepperMotor4StopEv
                0x0000000008000a78       0x38 Core/Inc/Stepper.o
                0x0000000008000a78                std::StepperMotor::Stop()
 .text._ZNSt12StepperMotor4MoveEi9Direction
                0x0000000008000ab0       0x68 Core/Inc/Stepper.o
                0x0000000008000ab0                std::StepperMotor::Move(int, Direction)
 .text._ZNSt12StepperMotor6StatusEv
                0x0000000008000b18       0x18 Core/Inc/Stepper.o
                0x0000000008000b18                std::StepperMotor::Status()
 .text._ZNSt12StepperMotor12MoveCompleteEv
                0x0000000008000b30       0x18 Core/Inc/Stepper.o
                0x0000000008000b30                std::StepperMotor::MoveComplete()
 .text._ZSt3absf
                0x0000000008000b48       0x20 Core/Src/main.o
                0x0000000008000b48                std::abs(float)
 .text.main     0x0000000008000b68       0xc0 Core/Src/main.o
                0x0000000008000b68                main
 .text._Z18SystemClock_Configv
                0x0000000008000c28      0x11c Core/Src/main.o
                0x0000000008000c28                SystemClock_Config()
 .text._ZL11MX_ETH_Initv
                0x0000000008000d44       0xb0 Core/Src/main.o
 .text._ZL12MX_I2C1_Initv
                0x0000000008000df4       0x9c Core/Src/main.o
 .text._ZL12MX_TIM3_Initv
                0x0000000008000e90      0x120 Core/Src/main.o
 .text._ZL19MX_USART3_UART_Initv
                0x0000000008000fb0       0xc0 Core/Src/main.o
 .text._ZL22MX_USB_OTG_FS_PCD_Initv
                0x0000000008001070       0x6c Core/Src/main.o
 .text._ZL12MX_GPIO_Initv
                0x00000000080010dc      0x1e4 Core/Src/main.o
 .text._Z10Stop_TimerP11TIM_TypeDef
                0x00000000080012c0       0x20 Core/Src/main.o
                0x00000000080012c0                Stop_Timer(TIM_TypeDef*)
 .text._Z11Start_TimerP11TIM_TypeDef
                0x00000000080012e0       0x20 Core/Src/main.o
                0x00000000080012e0                Start_Timer(TIM_TypeDef*)
 .text.HAL_TIM_PWM_PulseFinishedCallback
                0x0000000008001300       0x54 Core/Src/main.o
                0x0000000008001300                HAL_TIM_PWM_PulseFinishedCallback
 .text._Z12Move_Stepper9Directionii
                0x0000000008001354      0x1b8 Core/Src/main.o
                0x0000000008001354                Move_Stepper(Direction, int, int)
 .text.Error_Handler
                0x000000000800150c       0x38 Core/Src/main.o
                0x000000000800150c                Error_Handler
 .text._Z41__static_initialization_and_destruction_0ii
                0x0000000008001544       0x58 Core/Src/main.o
 .text._GLOBAL__sub_I_DMARxDscrTab
                0x000000000800159c       0x10 Core/Src/main.o
 .text.HAL_MspInit
                0x00000000080015ac       0x34 Core/Src/stm32h7xx_hal_msp.o
                0x00000000080015ac                HAL_MspInit
 .text.HAL_ETH_MspInit
                0x00000000080015e0      0x19c Core/Src/stm32h7xx_hal_msp.o
                0x00000000080015e0                HAL_ETH_MspInit
 .text.HAL_I2C_MspInit
                0x000000000800177c       0xcc Core/Src/stm32h7xx_hal_msp.o
                0x000000000800177c                HAL_I2C_MspInit
 .text.HAL_TIM_Base_MspInit
                0x0000000008001848       0x50 Core/Src/stm32h7xx_hal_msp.o
                0x0000000008001848                HAL_TIM_Base_MspInit
 .text.HAL_TIM_MspPostInit
                0x0000000008001898       0x78 Core/Src/stm32h7xx_hal_msp.o
                0x0000000008001898                HAL_TIM_MspPostInit
 .text.HAL_UART_MspInit
                0x0000000008001910       0xcc Core/Src/stm32h7xx_hal_msp.o
                0x0000000008001910                HAL_UART_MspInit
 .text.HAL_PCD_MspInit
                0x00000000080019dc       0xf4 Core/Src/stm32h7xx_hal_msp.o
                0x00000000080019dc                HAL_PCD_MspInit
 .text.NMI_Handler
                0x0000000008001ad0        0x6 Core/Src/stm32h7xx_it.o
                0x0000000008001ad0                NMI_Handler
 .text.HardFault_Handler
                0x0000000008001ad6        0x6 Core/Src/stm32h7xx_it.o
                0x0000000008001ad6                HardFault_Handler
 .text.MemManage_Handler
                0x0000000008001adc        0x6 Core/Src/stm32h7xx_it.o
                0x0000000008001adc                MemManage_Handler
 .text.BusFault_Handler
                0x0000000008001ae2        0x6 Core/Src/stm32h7xx_it.o
                0x0000000008001ae2                BusFault_Handler
 .text.UsageFault_Handler
                0x0000000008001ae8        0x6 Core/Src/stm32h7xx_it.o
                0x0000000008001ae8                UsageFault_Handler
 .text.SVC_Handler
                0x0000000008001aee        0xe Core/Src/stm32h7xx_it.o
                0x0000000008001aee                SVC_Handler
 .text.DebugMon_Handler
                0x0000000008001afc        0xe Core/Src/stm32h7xx_it.o
                0x0000000008001afc                DebugMon_Handler
 .text.PendSV_Handler
                0x0000000008001b0a        0xe Core/Src/stm32h7xx_it.o
                0x0000000008001b0a                PendSV_Handler
 .text.SysTick_Handler
                0x0000000008001b18        0xc Core/Src/stm32h7xx_it.o
                0x0000000008001b18                SysTick_Handler
 .text.TIM3_IRQHandler
                0x0000000008001b24       0x14 Core/Src/stm32h7xx_it.o
                0x0000000008001b24                TIM3_IRQHandler
 .text._getpid  0x0000000008001b38       0x10 Core/Src/syscalls.o
                0x0000000008001b38                _getpid
 .text._kill    0x0000000008001b48       0x20 Core/Src/syscalls.o
                0x0000000008001b48                _kill
 .text._exit    0x0000000008001b68       0x14 Core/Src/syscalls.o
                0x0000000008001b68                _exit
 .text._read    0x0000000008001b7c       0x3a Core/Src/syscalls.o
                0x0000000008001b7c                _read
 .text._write   0x0000000008001bb6       0x38 Core/Src/syscalls.o
                0x0000000008001bb6                _write
 .text._close   0x0000000008001bee       0x18 Core/Src/syscalls.o
                0x0000000008001bee                _close
 .text._fstat   0x0000000008001c06       0x20 Core/Src/syscalls.o
                0x0000000008001c06                _fstat
 .text._isatty  0x0000000008001c26       0x16 Core/Src/syscalls.o
                0x0000000008001c26                _isatty
 .text._lseek   0x0000000008001c3c       0x1a Core/Src/syscalls.o
                0x0000000008001c3c                _lseek
 *fill*         0x0000000008001c56        0x2 
 .text._sbrk    0x0000000008001c58       0x6c Core/Src/sysmem.o
                0x0000000008001c58                _sbrk
 .text.SystemInit
                0x0000000008001cc4      0x118 Core/Src/system_stm32h7xx.o
                0x0000000008001cc4                SystemInit
 .text.Reset_Handler
                0x0000000008001ddc       0x50 Core/Startup/startup_stm32h743zitx.o
                0x0000000008001ddc                Reset_Handler
 .text.Default_Handler
                0x0000000008001e2c        0x2 Core/Startup/startup_stm32h743zitx.o
                0x0000000008001e2c                RTC_Alarm_IRQHandler
                0x0000000008001e2c                EXTI2_IRQHandler
                0x0000000008001e2c                TIM8_CC_IRQHandler
                0x0000000008001e2c                HRTIM1_Master_IRQHandler
                0x0000000008001e2c                UART8_IRQHandler
                0x0000000008001e2c                SPI4_IRQHandler
                0x0000000008001e2c                TIM1_CC_IRQHandler
                0x0000000008001e2c                BDMA_Channel6_IRQHandler
                0x0000000008001e2c                DMA2_Stream5_IRQHandler
                0x0000000008001e2c                HRTIM1_FLT_IRQHandler
                0x0000000008001e2c                JPEG_IRQHandler
                0x0000000008001e2c                DMA1_Stream5_IRQHandler
                0x0000000008001e2c                BDMA_Channel1_IRQHandler
                0x0000000008001e2c                HRTIM1_TIMD_IRQHandler
                0x0000000008001e2c                TAMP_STAMP_IRQHandler
                0x0000000008001e2c                EXTI3_IRQHandler
                0x0000000008001e2c                LPTIM4_IRQHandler
                0x0000000008001e2c                TIM8_TRG_COM_TIM14_IRQHandler
                0x0000000008001e2c                LPTIM2_IRQHandler
                0x0000000008001e2c                DFSDM1_FLT1_IRQHandler
                0x0000000008001e2c                DMAMUX2_OVR_IRQHandler
                0x0000000008001e2c                TIM8_UP_TIM13_IRQHandler
                0x0000000008001e2c                I2C3_ER_IRQHandler
                0x0000000008001e2c                DFSDM1_FLT2_IRQHandler
                0x0000000008001e2c                MDMA_IRQHandler
                0x0000000008001e2c                LPTIM3_IRQHandler
                0x0000000008001e2c                HSEM1_IRQHandler
                0x0000000008001e2c                EXTI0_IRQHandler
                0x0000000008001e2c                I2C2_EV_IRQHandler
                0x0000000008001e2c                DMA1_Stream2_IRQHandler
                0x0000000008001e2c                FPU_IRQHandler
                0x0000000008001e2c                OTG_HS_WKUP_IRQHandler
                0x0000000008001e2c                FDCAN1_IT1_IRQHandler
                0x0000000008001e2c                LTDC_ER_IRQHandler
                0x0000000008001e2c                DMA2_Stream2_IRQHandler
                0x0000000008001e2c                HRTIM1_TIME_IRQHandler
                0x0000000008001e2c                SPI1_IRQHandler
                0x0000000008001e2c                TIM6_DAC_IRQHandler
                0x0000000008001e2c                DCMI_IRQHandler
                0x0000000008001e2c                HRTIM1_TIMC_IRQHandler
                0x0000000008001e2c                DMA2_Stream3_IRQHandler
                0x0000000008001e2c                SAI2_IRQHandler
                0x0000000008001e2c                DFSDM1_FLT3_IRQHandler
                0x0000000008001e2c                USART6_IRQHandler
                0x0000000008001e2c                TIM17_IRQHandler
                0x0000000008001e2c                USART3_IRQHandler
                0x0000000008001e2c                BDMA_Channel7_IRQHandler
                0x0000000008001e2c                LPTIM5_IRQHandler
                0x0000000008001e2c                UART5_IRQHandler
                0x0000000008001e2c                ADC3_IRQHandler
                0x0000000008001e2c                DMA2_Stream0_IRQHandler
                0x0000000008001e2c                TIM4_IRQHandler
                0x0000000008001e2c                BDMA_Channel2_IRQHandler
                0x0000000008001e2c                QUADSPI_IRQHandler
                0x0000000008001e2c                I2C1_EV_IRQHandler
                0x0000000008001e2c                DMA1_Stream6_IRQHandler
                0x0000000008001e2c                DMAMUX1_OVR_IRQHandler
                0x0000000008001e2c                DMA1_Stream1_IRQHandler
                0x0000000008001e2c                TIM16_IRQHandler
                0x0000000008001e2c                UART4_IRQHandler
                0x0000000008001e2c                BDMA_Channel5_IRQHandler
                0x0000000008001e2c                RCC_IRQHandler
                0x0000000008001e2c                TIM8_BRK_TIM12_IRQHandler
                0x0000000008001e2c                TIM1_TRG_COM_IRQHandler
                0x0000000008001e2c                Default_Handler
                0x0000000008001e2c                ECC_IRQHandler
                0x0000000008001e2c                CEC_IRQHandler
                0x0000000008001e2c                EXTI15_10_IRQHandler
                0x0000000008001e2c                BDMA_Channel0_IRQHandler
                0x0000000008001e2c                ADC_IRQHandler
                0x0000000008001e2c                DMA1_Stream7_IRQHandler
                0x0000000008001e2c                HRTIM1_TIMA_IRQHandler
                0x0000000008001e2c                SPI5_IRQHandler
                0x0000000008001e2c                TIM7_IRQHandler
                0x0000000008001e2c                SDMMC1_IRQHandler
                0x0000000008001e2c                TIM5_IRQHandler
                0x0000000008001e2c                DMA2_Stream7_IRQHandler
                0x0000000008001e2c                TIM15_IRQHandler
                0x0000000008001e2c                PVD_AVD_IRQHandler
                0x0000000008001e2c                I2C3_EV_IRQHandler
                0x0000000008001e2c                EXTI9_5_IRQHandler
                0x0000000008001e2c                RTC_WKUP_IRQHandler
                0x0000000008001e2c                LTDC_IRQHandler
                0x0000000008001e2c                SAI3_IRQHandler
                0x0000000008001e2c                ETH_WKUP_IRQHandler
                0x0000000008001e2c                SPDIF_RX_IRQHandler
                0x0000000008001e2c                SPI2_IRQHandler
                0x0000000008001e2c                OTG_HS_EP1_IN_IRQHandler
                0x0000000008001e2c                DMA1_Stream0_IRQHandler
                0x0000000008001e2c                CRS_IRQHandler
                0x0000000008001e2c                EXTI4_IRQHandler
                0x0000000008001e2c                RNG_IRQHandler
                0x0000000008001e2c                HRTIM1_TIMB_IRQHandler
                0x0000000008001e2c                FDCAN2_IT1_IRQHandler
                0x0000000008001e2c                ETH_IRQHandler
                0x0000000008001e2c                TIM1_UP_IRQHandler
                0x0000000008001e2c                BDMA_Channel4_IRQHandler
                0x0000000008001e2c                OTG_HS_EP1_OUT_IRQHandler
                0x0000000008001e2c                WWDG_IRQHandler
                0x0000000008001e2c                SPI6_IRQHandler
                0x0000000008001e2c                MDIOS_IRQHandler
                0x0000000008001e2c                I2C4_EV_IRQHandler
                0x0000000008001e2c                FDCAN2_IT0_IRQHandler
                0x0000000008001e2c                LPUART1_IRQHandler
                0x0000000008001e2c                FDCAN1_IT0_IRQHandler
                0x0000000008001e2c                TIM2_IRQHandler
                0x0000000008001e2c                OTG_FS_WKUP_IRQHandler
                0x0000000008001e2c                OTG_HS_IRQHandler
                0x0000000008001e2c                DMA2D_IRQHandler
                0x0000000008001e2c                TIM1_BRK_IRQHandler
                0x0000000008001e2c                EXTI1_IRQHandler
                0x0000000008001e2c                SDMMC2_IRQHandler
                0x0000000008001e2c                OTG_FS_EP1_OUT_IRQHandler
                0x0000000008001e2c                BDMA_Channel3_IRQHandler
                0x0000000008001e2c                UART7_IRQHandler
                0x0000000008001e2c                MDIOS_WKUP_IRQHandler
                0x0000000008001e2c                USART2_IRQHandler
                0x0000000008001e2c                DFSDM1_FLT0_IRQHandler
                0x0000000008001e2c                SAI4_IRQHandler
                0x0000000008001e2c                I2C2_ER_IRQHandler
                0x0000000008001e2c                DMA2_Stream1_IRQHandler
                0x0000000008001e2c                FLASH_IRQHandler
                0x0000000008001e2c                DMA2_Stream4_IRQHandler
                0x0000000008001e2c                USART1_IRQHandler
                0x0000000008001e2c                OTG_FS_IRQHandler
                0x0000000008001e2c                SPI3_IRQHandler
                0x0000000008001e2c                WAKEUP_PIN_IRQHandler
                0x0000000008001e2c                DMA1_Stream4_IRQHandler
                0x0000000008001e2c                OTG_FS_EP1_IN_IRQHandler
                0x0000000008001e2c                I2C1_ER_IRQHandler
                0x0000000008001e2c                FMC_IRQHandler
                0x0000000008001e2c                FDCAN_CAL_IRQHandler
                0x0000000008001e2c                SWPMI1_IRQHandler
                0x0000000008001e2c                COMP1_IRQHandler
                0x0000000008001e2c                LPTIM1_IRQHandler
                0x0000000008001e2c                I2C4_ER_IRQHandler
                0x0000000008001e2c                DMA2_Stream6_IRQHandler
                0x0000000008001e2c                SAI1_IRQHandler
                0x0000000008001e2c                DMA1_Stream3_IRQHandler
 *fill*         0x0000000008001e2e        0x2 
 .text.HAL_Init
                0x0000000008001e30       0x78 Drivers/STM32H7xx_HAL_Driver/Src/stm32h7xx_hal.o
                0x0000000008001e30                HAL_Init
 .text.HAL_InitTick
                0x0000000008001ea8       0x6c Drivers/STM32H7xx_HAL_Driver/Src/stm32h7xx_hal.o
                0x0000000008001ea8                HAL_InitTick
 .text.HAL_IncTick
                0x0000000008001f14       0x28 Drivers/STM32H7xx_HAL_Driver/Src/stm32h7xx_hal.o
                0x0000000008001f14                HAL_IncTick
 .text.HAL_GetTick
                0x0000000008001f3c       0x18 Drivers/STM32H7xx_HAL_Driver/Src/stm32h7xx_hal.o
                0x0000000008001f3c                HAL_GetTick
 .text.HAL_Delay
                0x0000000008001f54       0x48 Drivers/STM32H7xx_HAL_Driver/Src/stm32h7xx_hal.o
                0x0000000008001f54                HAL_Delay
 .text.HAL_GetREVID
                0x0000000008001f9c       0x18 Drivers/STM32H7xx_HAL_Driver/Src/stm32h7xx_hal.o
                0x0000000008001f9c                HAL_GetREVID
 .text.HAL_SYSCFG_ETHInterfaceSelect
                0x0000000008001fb4       0x28 Drivers/STM32H7xx_HAL_Driver/Src/stm32h7xx_hal.o
                0x0000000008001fb4                HAL_SYSCFG_ETHInterfaceSelect
 .text.__NVIC_SetPriorityGrouping
                0x0000000008001fdc       0x48 Drivers/STM32H7xx_HAL_Driver/Src/stm32h7xx_hal_cortex.o
 .text.__NVIC_GetPriorityGrouping
                0x0000000008002024       0x1c Drivers/STM32H7xx_HAL_Driver/Src/stm32h7xx_hal_cortex.o
 .text.__NVIC_EnableIRQ
                0x0000000008002040       0x3c Drivers/STM32H7xx_HAL_Driver/Src/stm32h7xx_hal_cortex.o
 .text.__NVIC_SetPriority
                0x000000000800207c       0x54 Drivers/STM32H7xx_HAL_Driver/Src/stm32h7xx_hal_cortex.o
 .text.NVIC_EncodePriority
                0x00000000080020d0       0x66 Drivers/STM32H7xx_HAL_Driver/Src/stm32h7xx_hal_cortex.o
 *fill*         0x0000000008002136        0x2 
 .text.SysTick_Config
                0x0000000008002138       0x44 Drivers/STM32H7xx_HAL_Driver/Src/stm32h7xx_hal_cortex.o
 .text.HAL_NVIC_SetPriorityGrouping
                0x000000000800217c       0x16 Drivers/STM32H7xx_HAL_Driver/Src/stm32h7xx_hal_cortex.o
                0x000000000800217c                HAL_NVIC_SetPriorityGrouping
 .text.HAL_NVIC_SetPriority
                0x0000000008002192       0x34 Drivers/STM32H7xx_HAL_Driver/Src/stm32h7xx_hal_cortex.o
                0x0000000008002192                HAL_NVIC_SetPriority
 .text.HAL_NVIC_EnableIRQ
                0x00000000080021c6       0x1c Drivers/STM32H7xx_HAL_Driver/Src/stm32h7xx_hal_cortex.o
                0x00000000080021c6                HAL_NVIC_EnableIRQ
 .text.HAL_SYSTICK_Config
                0x00000000080021e2       0x18 Drivers/STM32H7xx_HAL_Driver/Src/stm32h7xx_hal_cortex.o
                0x00000000080021e2                HAL_SYSTICK_Config
 *fill*         0x00000000080021fa        0x2 
 .text.HAL_ETH_Init
                0x00000000080021fc      0x1b4 Drivers/STM32H7xx_HAL_Driver/Src/stm32h7xx_hal_eth.o
                0x00000000080021fc                HAL_ETH_Init
 .text.ETH_SetMACConfig
                0x00000000080023b0      0x238 Drivers/STM32H7xx_HAL_Driver/Src/stm32h7xx_hal_eth.o
 .text.ETH_SetDMAConfig
                0x00000000080025e8      0x10c Drivers/STM32H7xx_HAL_Driver/Src/stm32h7xx_hal_eth.o
 .text.ETH_MACDMAConfig
                0x00000000080026f4      0x13a Drivers/STM32H7xx_HAL_Driver/Src/stm32h7xx_hal_eth.o
 *fill*         0x000000000800282e        0x2 
 .text.ETH_MAC_MDIO_ClkConfig
                0x0000000008002830       0xb0 Drivers/STM32H7xx_HAL_Driver/Src/stm32h7xx_hal_eth.o
 .text.ETH_DMATxDescListInit
                0x00000000080028e0       0x8e Drivers/STM32H7xx_HAL_Driver/Src/stm32h7xx_hal_eth.o
 .text.ETH_DMARxDescListInit
                0x000000000800296e       0xba Drivers/STM32H7xx_HAL_Driver/Src/stm32h7xx_hal_eth.o
 .text.HAL_GPIO_Init
                0x0000000008002a28      0x360 Drivers/STM32H7xx_HAL_Driver/Src/stm32h7xx_hal_gpio.o
                0x0000000008002a28                HAL_GPIO_Init
 .text.HAL_GPIO_WritePin
                0x0000000008002d88       0x32 Drivers/STM32H7xx_HAL_Driver/Src/stm32h7xx_hal_gpio.o
                0x0000000008002d88                HAL_GPIO_WritePin
 *fill*         0x0000000008002dba        0x2 
 .text.HAL_I2C_Init
                0x0000000008002dbc      0x120 Drivers/STM32H7xx_HAL_Driver/Src/stm32h7xx_hal_i2c.o
                0x0000000008002dbc                HAL_I2C_Init
 .text.HAL_I2C_Mem_Read
                0x0000000008002edc      0x234 Drivers/STM32H7xx_HAL_Driver/Src/stm32h7xx_hal_i2c.o
                0x0000000008002edc                HAL_I2C_Mem_Read
 .text.I2C_RequestMemoryRead
                0x0000000008003110       0xa8 Drivers/STM32H7xx_HAL_Driver/Src/stm32h7xx_hal_i2c.o
 .text.I2C_Flush_TXDR
                0x00000000080031b8       0x48 Drivers/STM32H7xx_HAL_Driver/Src/stm32h7xx_hal_i2c.o
 .text.I2C_WaitOnFlagUntilTimeout
                0x0000000008003200       0x80 Drivers/STM32H7xx_HAL_Driver/Src/stm32h7xx_hal_i2c.o
 .text.I2C_WaitOnTXISFlagUntilTimeout
                0x0000000008003280       0x80 Drivers/STM32H7xx_HAL_Driver/Src/stm32h7xx_hal_i2c.o
 .text.I2C_WaitOnSTOPFlagUntilTimeout
                0x0000000008003300       0x78 Drivers/STM32H7xx_HAL_Driver/Src/stm32h7xx_hal_i2c.o
 .text.I2C_IsAcknowledgeFailed
                0x0000000008003378       0xcc Drivers/STM32H7xx_HAL_Driver/Src/stm32h7xx_hal_i2c.o
 .text.I2C_TransferConfig
                0x0000000008003444       0x5c Drivers/STM32H7xx_HAL_Driver/Src/stm32h7xx_hal_i2c.o
 .text.HAL_I2CEx_ConfigAnalogFilter
                0x00000000080034a0       0x96 Drivers/STM32H7xx_HAL_Driver/Src/stm32h7xx_hal_i2c_ex.o
                0x00000000080034a0                HAL_I2CEx_ConfigAnalogFilter
 .text.HAL_I2CEx_ConfigDigitalFilter
                0x0000000008003536       0x98 Drivers/STM32H7xx_HAL_Driver/Src/stm32h7xx_hal_i2c_ex.o
                0x0000000008003536                HAL_I2CEx_ConfigDigitalFilter
 .text.HAL_PCD_Init
                0x00000000080035ce      0x248 Drivers/STM32H7xx_HAL_Driver/Src/stm32h7xx_hal_pcd.o
                0x00000000080035ce                HAL_PCD_Init
 *fill*         0x0000000008003816        0x2 
 .text.HAL_PCDEx_ActivateLPM
                0x0000000008003818       0x48 Drivers/STM32H7xx_HAL_Driver/Src/stm32h7xx_hal_pcd_ex.o
                0x0000000008003818                HAL_PCDEx_ActivateLPM
 .text.HAL_PWREx_ConfigSupply
                0x0000000008003860       0x74 Drivers/STM32H7xx_HAL_Driver/Src/stm32h7xx_hal_pwr_ex.o
                0x0000000008003860                HAL_PWREx_ConfigSupply
 .text.HAL_PWREx_EnableUSBVoltageDetector
                0x00000000080038d4       0x20 Drivers/STM32H7xx_HAL_Driver/Src/stm32h7xx_hal_pwr_ex.o
                0x00000000080038d4                HAL_PWREx_EnableUSBVoltageDetector
 .text.HAL_RCC_OscConfig
                0x00000000080038f4      0x820 Drivers/STM32H7xx_HAL_Driver/Src/stm32h7xx_hal_rcc.o
                0x00000000080038f4                HAL_RCC_OscConfig
 .text.HAL_RCC_ClockConfig
                0x0000000008004114      0x36c Drivers/STM32H7xx_HAL_Driver/Src/stm32h7xx_hal_rcc.o
                0x0000000008004114                HAL_RCC_ClockConfig
 .text.HAL_RCC_GetSysClockFreq
                0x0000000008004480      0x2f4 Drivers/STM32H7xx_HAL_Driver/Src/stm32h7xx_hal_rcc.o
                0x0000000008004480                HAL_RCC_GetSysClockFreq
 .text.HAL_RCC_GetHCLKFreq
                0x0000000008004774       0x60 Drivers/STM32H7xx_HAL_Driver/Src/stm32h7xx_hal_rcc.o
                0x0000000008004774                HAL_RCC_GetHCLKFreq
 .text.HAL_RCC_GetPCLK1Freq
                0x00000000080047d4       0x2c Drivers/STM32H7xx_HAL_Driver/Src/stm32h7xx_hal_rcc.o
                0x00000000080047d4                HAL_RCC_GetPCLK1Freq
 .text.HAL_RCC_GetPCLK2Freq
                0x0000000008004800       0x2c Drivers/STM32H7xx_HAL_Driver/Src/stm32h7xx_hal_rcc.o
                0x0000000008004800                HAL_RCC_GetPCLK2Freq
 .text.HAL_RCCEx_PeriphCLKConfig
                0x000000000800482c      0xe80 Drivers/STM32H7xx_HAL_Driver/Src/stm32h7xx_hal_rcc_ex.o
                0x000000000800482c                HAL_RCCEx_PeriphCLKConfig
 .text.HAL_RCCEx_GetD3PCLK1Freq
                0x00000000080056ac       0x2c Drivers/STM32H7xx_HAL_Driver/Src/stm32h7xx_hal_rcc_ex.o
                0x00000000080056ac                HAL_RCCEx_GetD3PCLK1Freq
 .text.HAL_RCCEx_GetPLL2ClockFreq
                0x00000000080056d8      0x2a8 Drivers/STM32H7xx_HAL_Driver/Src/stm32h7xx_hal_rcc_ex.o
                0x00000000080056d8                HAL_RCCEx_GetPLL2ClockFreq
 .text.HAL_RCCEx_GetPLL3ClockFreq
                0x0000000008005980      0x2a8 Drivers/STM32H7xx_HAL_Driver/Src/stm32h7xx_hal_rcc_ex.o
                0x0000000008005980                HAL_RCCEx_GetPLL3ClockFreq
 .text.RCCEx_PLL2_Config
                0x0000000008005c28      0x164 Drivers/STM32H7xx_HAL_Driver/Src/stm32h7xx_hal_rcc_ex.o
 .text.RCCEx_PLL3_Config
                0x0000000008005d8c      0x164 Drivers/STM32H7xx_HAL_Driver/Src/stm32h7xx_hal_rcc_ex.o
 .text.HAL_TIM_Base_Init
                0x0000000008005ef0       0xae Drivers/STM32H7xx_HAL_Driver/Src/stm32h7xx_hal_tim.o
                0x0000000008005ef0                HAL_TIM_Base_Init
 .text.HAL_TIM_PWM_Init
                0x0000000008005f9e       0xae Drivers/STM32H7xx_HAL_Driver/Src/stm32h7xx_hal_tim.o
                0x0000000008005f9e                HAL_TIM_PWM_Init
 .text.HAL_TIM_PWM_MspInit
                0x000000000800604c       0x14 Drivers/STM32H7xx_HAL_Driver/Src/stm32h7xx_hal_tim.o
                0x000000000800604c                HAL_TIM_PWM_MspInit
 .text.HAL_TIM_PWM_Start_IT
                0x0000000008006060      0x29c Drivers/STM32H7xx_HAL_Driver/Src/stm32h7xx_hal_tim.o
                0x0000000008006060                HAL_TIM_PWM_Start_IT
 .text.HAL_TIM_IRQHandler
                0x00000000080062fc      0x23e Drivers/STM32H7xx_HAL_Driver/Src/stm32h7xx_hal_tim.o
                0x00000000080062fc                HAL_TIM_IRQHandler
 *fill*         0x000000000800653a        0x2 
 .text.HAL_TIM_PWM_ConfigChannel
                0x000000000800653c      0x220 Drivers/STM32H7xx_HAL_Driver/Src/stm32h7xx_hal_tim.o
                0x000000000800653c                HAL_TIM_PWM_ConfigChannel
 .text.HAL_TIM_ConfigClockSource
                0x000000000800675c      0x1e8 Drivers/STM32H7xx_HAL_Driver/Src/stm32h7xx_hal_tim.o
                0x000000000800675c                HAL_TIM_ConfigClockSource
 .text.HAL_TIM_PeriodElapsedCallback
                0x0000000008006944       0x14 Drivers/STM32H7xx_HAL_Driver/Src/stm32h7xx_hal_tim.o
                0x0000000008006944                HAL_TIM_PeriodElapsedCallback
 .text.HAL_TIM_OC_DelayElapsedCallback
                0x0000000008006958       0x14 Drivers/STM32H7xx_HAL_Driver/Src/stm32h7xx_hal_tim.o
                0x0000000008006958                HAL_TIM_OC_DelayElapsedCallback
 .text.HAL_TIM_IC_CaptureCallback
                0x000000000800696c       0x14 Drivers/STM32H7xx_HAL_Driver/Src/stm32h7xx_hal_tim.o
                0x000000000800696c                HAL_TIM_IC_CaptureCallback
 .text.HAL_TIM_TriggerCallback
                0x0000000008006980       0x14 Drivers/STM32H7xx_HAL_Driver/Src/stm32h7xx_hal_tim.o
                0x0000000008006980                HAL_TIM_TriggerCallback
 .text.TIM_Base_SetConfig
                0x0000000008006994      0x134 Drivers/STM32H7xx_HAL_Driver/Src/stm32h7xx_hal_tim.o
                0x0000000008006994                TIM_Base_SetConfig
 .text.TIM_OC1_SetConfig
                0x0000000008006ac8      0x120 Drivers/STM32H7xx_HAL_Driver/Src/stm32h7xx_hal_tim.o
 .text.TIM_OC2_SetConfig
                0x0000000008006be8      0x114 Drivers/STM32H7xx_HAL_Driver/Src/stm32h7xx_hal_tim.o
                0x0000000008006be8                TIM_OC2_SetConfig
 .text.TIM_OC3_SetConfig
                0x0000000008006cfc      0x10c Drivers/STM32H7xx_HAL_Driver/Src/stm32h7xx_hal_tim.o
 .text.TIM_OC4_SetConfig
                0x0000000008006e08       0xd0 Drivers/STM32H7xx_HAL_Driver/Src/stm32h7xx_hal_tim.o
 .text.TIM_OC5_SetConfig
                0x0000000008006ed8       0xc4 Drivers/STM32H7xx_HAL_Driver/Src/stm32h7xx_hal_tim.o
 .text.TIM_OC6_SetConfig
                0x0000000008006f9c       0xc8 Drivers/STM32H7xx_HAL_Driver/Src/stm32h7xx_hal_tim.o
 .text.TIM_TI1_ConfigInputStage
                0x0000000008007064       0x5e Drivers/STM32H7xx_HAL_Driver/Src/stm32h7xx_hal_tim.o
 .text.TIM_TI2_ConfigInputStage
                0x00000000080070c2       0x60 Drivers/STM32H7xx_HAL_Driver/Src/stm32h7xx_hal_tim.o
 *fill*         0x0000000008007122        0x2 
 .text.TIM_ITRx_SetConfig
                0x0000000008007124       0x3c Drivers/STM32H7xx_HAL_Driver/Src/stm32h7xx_hal_tim.o
 .text.TIM_ETR_SetConfig
                0x0000000008007160       0x40 Drivers/STM32H7xx_HAL_Driver/Src/stm32h7xx_hal_tim.o
                0x0000000008007160                TIM_ETR_SetConfig
 .text.TIM_CCxChannelCmd
                0x00000000080071a0       0x4a Drivers/STM32H7xx_HAL_Driver/Src/stm32h7xx_hal_tim.o
                0x00000000080071a0                TIM_CCxChannelCmd
 *fill*         0x00000000080071ea        0x2 
 .text.HAL_TIMEx_MasterConfigSynchronization
                0x00000000080071ec      0x110 Drivers/STM32H7xx_HAL_Driver/Src/stm32h7xx_hal_tim_ex.o
                0x00000000080071ec                HAL_TIMEx_MasterConfigSynchronization
 .text.HAL_TIMEx_CommutCallback
                0x00000000080072fc       0x14 Drivers/STM32H7xx_HAL_Driver/Src/stm32h7xx_hal_tim_ex.o
                0x00000000080072fc                HAL_TIMEx_CommutCallback
 .text.HAL_TIMEx_BreakCallback
                0x0000000008007310       0x14 Drivers/STM32H7xx_HAL_Driver/Src/stm32h7xx_hal_tim_ex.o
                0x0000000008007310                HAL_TIMEx_BreakCallback
 .text.HAL_TIMEx_Break2Callback
                0x0000000008007324       0x14 Drivers/STM32H7xx_HAL_Driver/Src/stm32h7xx_hal_tim_ex.o
                0x0000000008007324                HAL_TIMEx_Break2Callback
 .text.HAL_UART_Init
                0x0000000008007338       0xa0 Drivers/STM32H7xx_HAL_Driver/Src/stm32h7xx_hal_uart.o
                0x0000000008007338                HAL_UART_Init
 .text.HAL_UART_Transmit
                0x00000000080073d8      0x12c Drivers/STM32H7xx_HAL_Driver/Src/stm32h7xx_hal_uart.o
                0x00000000080073d8                HAL_UART_Transmit
 .text.UART_SetConfig
                0x0000000008007504      0xac0 Drivers/STM32H7xx_HAL_Driver/Src/stm32h7xx_hal_uart.o
                0x0000000008007504                UART_SetConfig
 .text.UART_AdvFeatureConfig
                0x0000000008007fc4      0x144 Drivers/STM32H7xx_HAL_Driver/Src/stm32h7xx_hal_uart.o
                0x0000000008007fc4                UART_AdvFeatureConfig
 .text.UART_CheckIdleState
                0x0000000008008108       0x96 Drivers/STM32H7xx_HAL_Driver/Src/stm32h7xx_hal_uart.o
                0x0000000008008108                UART_CheckIdleState
 .text.UART_WaitOnFlagUntilTimeout
                0x000000000800819e      0x100 Drivers/STM32H7xx_HAL_Driver/Src/stm32h7xx_hal_uart.o
                0x000000000800819e                UART_WaitOnFlagUntilTimeout
 .text.HAL_UARTEx_DisableFifoMode
                0x000000000800829e       0x72 Drivers/STM32H7xx_HAL_Driver/Src/stm32h7xx_hal_uart_ex.o
                0x000000000800829e                HAL_UARTEx_DisableFifoMode
 .text.HAL_UARTEx_SetTxFifoThreshold
                0x0000000008008310       0x7c Drivers/STM32H7xx_HAL_Driver/Src/stm32h7xx_hal_uart_ex.o
                0x0000000008008310                HAL_UARTEx_SetTxFifoThreshold
 .text.HAL_UARTEx_SetRxFifoThreshold
                0x000000000800838c       0x7c Drivers/STM32H7xx_HAL_Driver/Src/stm32h7xx_hal_uart_ex.o
                0x000000000800838c                HAL_UARTEx_SetRxFifoThreshold
 .text.UARTEx_SetNbDataToProcess
                0x0000000008008408       0x9c Drivers/STM32H7xx_HAL_Driver/Src/stm32h7xx_hal_uart_ex.o
 .text.USB_CoreInit
                0x00000000080084a4       0xdc Drivers/STM32H7xx_HAL_Driver/Src/stm32h7xx_ll_usb.o
                0x00000000080084a4                USB_CoreInit
 .text.USB_DisableGlobalInt
                0x0000000008008580       0x22 Drivers/STM32H7xx_HAL_Driver/Src/stm32h7xx_ll_usb.o
                0x0000000008008580                USB_DisableGlobalInt
 .text.USB_SetCurrentMode
                0x00000000080085a2       0x54 Drivers/STM32H7xx_HAL_Driver/Src/stm32h7xx_ll_usb.o
                0x00000000080085a2                USB_SetCurrentMode
 *fill*         0x00000000080085f6        0x2 
 .text.USB_DevInit
                0x00000000080085f8      0x2bc Drivers/STM32H7xx_HAL_Driver/Src/stm32h7xx_ll_usb.o
                0x00000000080085f8                USB_DevInit
 .text.USB_FlushTxFifo
                0x00000000080088b4       0x4c Drivers/STM32H7xx_HAL_Driver/Src/stm32h7xx_ll_usb.o
                0x00000000080088b4                USB_FlushTxFifo
 .text.USB_FlushRxFifo
                0x0000000008008900       0x44 Drivers/STM32H7xx_HAL_Driver/Src/stm32h7xx_ll_usb.o
                0x0000000008008900                USB_FlushRxFifo
 .text.USB_SetDevSpeed
                0x0000000008008944       0x32 Drivers/STM32H7xx_HAL_Driver/Src/stm32h7xx_ll_usb.o
                0x0000000008008944                USB_SetDevSpeed
 .text.USB_DevDisconnect
                0x0000000008008976       0x42 Drivers/STM32H7xx_HAL_Driver/Src/stm32h7xx_ll_usb.o
                0x0000000008008976                USB_DevDisconnect
 .text.USB_CoreReset
                0x00000000080089b8       0x68 Drivers/STM32H7xx_HAL_Driver/Src/stm32h7xx_ll_usb.o
 .text._Znwj    0x0000000008008a20       0x22 /opt/st/stm32cubeide_1.6.0/plugins/com.st.stm32cube.ide.mcu.externaltools.gnu-tools-for-stm32.9-2020-q2-update.linux64_1.5.0.202011040924/tools/bin/../lib/gcc/arm-none-eabi/9.3.1/../../../../arm-none-eabi/lib/thumb/v7e-m+dp/hard/libstdc++_nano.a(new_op.o)
                0x0000000008008a20                operator new(unsigned int)
 *fill*         0x0000000008008a42        0x2 
 .text._ZSt15get_new_handlerv
                0x0000000008008a44       0x10 /opt/st/stm32cubeide_1.6.0/plugins/com.st.stm32cube.ide.mcu.externaltools.gnu-tools-for-stm32.9-2020-q2-update.linux64_1.5.0.202011040924/tools/bin/../lib/gcc/arm-none-eabi/9.3.1/../../../../arm-none-eabi/lib/thumb/v7e-m+dp/hard/libstdc++_nano.a(new_handler.o)
                0x0000000008008a44                std::get_new_handler()
 .text.round    0x0000000008008a54       0x8c /opt/st/stm32cubeide_1.6.0/plugins/com.st.stm32cube.ide.mcu.externaltools.gnu-tools-for-stm32.9-2020-q2-update.linux64_1.5.0.202011040924/tools/bin/../lib/gcc/arm-none-eabi/9.3.1/../../../../arm-none-eabi/lib/thumb/v7e-m+dp/hard/libm.a(lib_a-s_round.o)
                0x0000000008008a54                round
 .text.abort    0x0000000008008ae0        0xe /opt/st/stm32cubeide_1.6.0/plugins/com.st.stm32cube.ide.mcu.externaltools.gnu-tools-for-stm32.9-2020-q2-update.linux64_1.5.0.202011040924/tools/bin/../lib/gcc/arm-none-eabi/9.3.1/../../../../arm-none-eabi/lib/thumb/v7e-m+dp/hard/libc_nano.a(lib_a-abort.o)
                0x0000000008008ae0                abort
 *fill*         0x0000000008008aee        0x2 
 .text.__errno  0x0000000008008af0        0xc /opt/st/stm32cubeide_1.6.0/plugins/com.st.stm32cube.ide.mcu.externaltools.gnu-tools-for-stm32.9-2020-q2-update.linux64_1.5.0.202011040924/tools/bin/../lib/gcc/arm-none-eabi/9.3.1/../../../../arm-none-eabi/lib/thumb/v7e-m+dp/hard/libc_nano.a(lib_a-errno.o)
                0x0000000008008af0                __errno
 .text.__libc_init_array
                0x0000000008008afc       0x48 /opt/st/stm32cubeide_1.6.0/plugins/com.st.stm32cube.ide.mcu.externaltools.gnu-tools-for-stm32.9-2020-q2-update.linux64_1.5.0.202011040924/tools/bin/../lib/gcc/arm-none-eabi/9.3.1/../../../../arm-none-eabi/lib/thumb/v7e-m+dp/hard/libc_nano.a(lib_a-init.o)
                0x0000000008008afc                __libc_init_array
 .text.malloc   0x0000000008008b44       0x10 /opt/st/stm32cubeide_1.6.0/plugins/com.st.stm32cube.ide.mcu.externaltools.gnu-tools-for-stm32.9-2020-q2-update.linux64_1.5.0.202011040924/tools/bin/../lib/gcc/arm-none-eabi/9.3.1/../../../../arm-none-eabi/lib/thumb/v7e-m+dp/hard/libc_nano.a(lib_a-malloc.o)
                0x0000000008008b44                malloc
 .text.memset   0x0000000008008b54       0x10 /opt/st/stm32cubeide_1.6.0/plugins/com.st.stm32cube.ide.mcu.externaltools.gnu-tools-for-stm32.9-2020-q2-update.linux64_1.5.0.202011040924/tools/bin/../lib/gcc/arm-none-eabi/9.3.1/../../../../arm-none-eabi/lib/thumb/v7e-m+dp/hard/libc_nano.a(lib_a-memset.o)
                0x0000000008008b54                memset
 .text._free_r  0x0000000008008b64       0xa0 /opt/st/stm32cubeide_1.6.0/plugins/com.st.stm32cube.ide.mcu.externaltools.gnu-tools-for-stm32.9-2020-q2-update.linux64_1.5.0.202011040924/tools/bin/../lib/gcc/arm-none-eabi/9.3.1/../../../../arm-none-eabi/lib/thumb/v7e-m+dp/hard/libc_nano.a(lib_a-nano-freer.o)
                0x0000000008008b64                _free_r
 .text._malloc_r
                0x0000000008008c04       0xb4 /opt/st/stm32cubeide_1.6.0/plugins/com.st.stm32cube.ide.mcu.externaltools.gnu-tools-for-stm32.9-2020-q2-update.linux64_1.5.0.202011040924/tools/bin/../lib/gcc/arm-none-eabi/9.3.1/../../../../arm-none-eabi/lib/thumb/v7e-m+dp/hard/libc_nano.a(lib_a-nano-mallocr.o)
                0x0000000008008c04                _malloc_r
 .text.__cvt    0x0000000008008cb8       0xa4 /opt/st/stm32cubeide_1.6.0/plugins/com.st.stm32cube.ide.mcu.externaltools.gnu-tools-for-stm32.9-2020-q2-update.linux64_1.5.0.202011040924/tools/bin/../lib/gcc/arm-none-eabi/9.3.1/../../../../arm-none-eabi/lib/thumb/v7e-m+dp/hard/libc_nano.a(lib_a-nano-vfprintf_float.o)
                0x0000000008008cb8                __cvt
 .text.__exponent
                0x0000000008008d5c       0x7c /opt/st/stm32cubeide_1.6.0/plugins/com.st.stm32cube.ide.mcu.externaltools.gnu-tools-for-stm32.9-2020-q2-update.linux64_1.5.0.202011040924/tools/bin/../lib/gcc/arm-none-eabi/9.3.1/../../../../arm-none-eabi/lib/thumb/v7e-m+dp/hard/libc_nano.a(lib_a-nano-vfprintf_float.o)
                0x0000000008008d5c                __exponent
 .text._printf_float
                0x0000000008008dd8      0x43c /opt/st/stm32cubeide_1.6.0/plugins/com.st.stm32cube.ide.mcu.externaltools.gnu-tools-for-stm32.9-2020-q2-update.linux64_1.5.0.202011040924/tools/bin/../lib/gcc/arm-none-eabi/9.3.1/../../../../arm-none-eabi/lib/thumb/v7e-m+dp/hard/libc_nano.a(lib_a-nano-vfprintf_float.o)
                0x0000000008008dd8                _printf_float
 .text._printf_common
                0x0000000008009214       0xda /opt/st/stm32cubeide_1.6.0/plugins/com.st.stm32cube.ide.mcu.externaltools.gnu-tools-for-stm32.9-2020-q2-update.linux64_1.5.0.202011040924/tools/bin/../lib/gcc/arm-none-eabi/9.3.1/../../../../arm-none-eabi/lib/thumb/v7e-m+dp/hard/libc_nano.a(lib_a-nano-vfprintf_i.o)
                0x0000000008009214                _printf_common
 *fill*         0x00000000080092ee        0x2 
 .text._printf_i
                0x00000000080092f0      0x24c /opt/st/stm32cubeide_1.6.0/plugins/com.st.stm32cube.ide.mcu.externaltools.gnu-tools-for-stm32.9-2020-q2-update.linux64_1.5.0.202011040924/tools/bin/../lib/gcc/arm-none-eabi/9.3.1/../../../../arm-none-eabi/lib/thumb/v7e-m+dp/hard/libc_nano.a(lib_a-nano-vfprintf_i.o)
                0x00000000080092f0                _printf_i
 .text._sbrk_r  0x000000000800953c       0x20 /opt/st/stm32cubeide_1.6.0/plugins/com.st.stm32cube.ide.mcu.externaltools.gnu-tools-for-stm32.9-2020-q2-update.linux64_1.5.0.202011040924/tools/bin/../lib/gcc/arm-none-eabi/9.3.1/../../../../arm-none-eabi/lib/thumb/v7e-m+dp/hard/libc_nano.a(lib_a-sbrkr.o)
                0x000000000800953c                _sbrk_r
 .text._raise_r
                0x000000000800955c       0x50 /opt/st/stm32cubeide_1.6.0/plugins/com.st.stm32cube.ide.mcu.externaltools.gnu-tools-for-stm32.9-2020-q2-update.linux64_1.5.0.202011040924/tools/bin/../lib/gcc/arm-none-eabi/9.3.1/../../../../arm-none-eabi/lib/thumb/v7e-m+dp/hard/libc_nano.a(lib_a-signal.o)
                0x000000000800955c                _raise_r
 .text.raise    0x00000000080095ac       0x10 /opt/st/stm32cubeide_1.6.0/plugins/com.st.stm32cube.ide.mcu.externaltools.gnu-tools-for-stm32.9-2020-q2-update.linux64_1.5.0.202011040924/tools/bin/../lib/gcc/arm-none-eabi/9.3.1/../../../../arm-none-eabi/lib/thumb/v7e-m+dp/hard/libc_nano.a(lib_a-signal.o)
                0x00000000080095ac                raise
 .text._kill_r  0x00000000080095bc       0x24 /opt/st/stm32cubeide_1.6.0/plugins/com.st.stm32cube.ide.mcu.externaltools.gnu-tools-for-stm32.9-2020-q2-update.linux64_1.5.0.202011040924/tools/bin/../lib/gcc/arm-none-eabi/9.3.1/../../../../arm-none-eabi/lib/thumb/v7e-m+dp/hard/libc_nano.a(lib_a-signalr.o)
                0x00000000080095bc                _kill_r
 .text._getpid_r
                0x00000000080095e0        0x4 /opt/st/stm32cubeide_1.6.0/plugins/com.st.stm32cube.ide.mcu.externaltools.gnu-tools-for-stm32.9-2020-q2-update.linux64_1.5.0.202011040924/tools/bin/../lib/gcc/arm-none-eabi/9.3.1/../../../../arm-none-eabi/lib/thumb/v7e-m+dp/hard/libc_nano.a(lib_a-signalr.o)
                0x00000000080095e0                _getpid_r
 .text.sprintf  0x00000000080095e4       0x40 /opt/st/stm32cubeide_1.6.0/plugins/com.st.stm32cube.ide.mcu.externaltools.gnu-tools-for-stm32.9-2020-q2-update.linux64_1.5.0.202011040924/tools/bin/../lib/gcc/arm-none-eabi/9.3.1/../../../../arm-none-eabi/lib/thumb/v7e-m+dp/hard/libc_nano.a(lib_a-sprintf.o)
                0x00000000080095e4                sprintf
                0x00000000080095e4                siprintf
 .text.quorem   0x0000000008009624      0x116 /opt/st/stm32cubeide_1.6.0/plugins/com.st.stm32cube.ide.mcu.externaltools.gnu-tools-for-stm32.9-2020-q2-update.linux64_1.5.0.202011040924/tools/bin/../lib/gcc/arm-none-eabi/9.3.1/../../../../arm-none-eabi/lib/thumb/v7e-m+dp/hard/libc_nano.a(lib_a-dtoa.o)
 *fill*         0x000000000800973a        0x6 
 .text._dtoa_r  0x0000000008009740      0xb04 /opt/st/stm32cubeide_1.6.0/plugins/com.st.stm32cube.ide.mcu.externaltools.gnu-tools-for-stm32.9-2020-q2-update.linux64_1.5.0.202011040924/tools/bin/../lib/gcc/arm-none-eabi/9.3.1/../../../../arm-none-eabi/lib/thumb/v7e-m+dp/hard/libc_nano.a(lib_a-dtoa.o)
                0x0000000008009740                _dtoa_r
 .text._localeconv_r
                0x000000000800a244        0x8 /opt/st/stm32cubeide_1.6.0/plugins/com.st.stm32cube.ide.mcu.externaltools.gnu-tools-for-stm32.9-2020-q2-update.linux64_1.5.0.202011040924/tools/bin/../lib/gcc/arm-none-eabi/9.3.1/../../../../arm-none-eabi/lib/thumb/v7e-m+dp/hard/libc_nano.a(lib_a-localeconv.o)
                0x000000000800a244                _localeconv_r
 .text.memcpy   0x000000000800a24c       0x1c /opt/st/stm32cubeide_1.6.0/plugins/com.st.stm32cube.ide.mcu.externaltools.gnu-tools-for-stm32.9-2020-q2-update.linux64_1.5.0.202011040924/tools/bin/../lib/gcc/arm-none-eabi/9.3.1/../../../../arm-none-eabi/lib/thumb/v7e-m+dp/hard/libc_nano.a(lib_a-memcpy-stub.o)
                0x000000000800a24c                memcpy
 .text.__malloc_lock
                0x000000000800a268        0xc /opt/st/stm32cubeide_1.6.0/plugins/com.st.stm32cube.ide.mcu.externaltools.gnu-tools-for-stm32.9-2020-q2-update.linux64_1.5.0.202011040924/tools/bin/../lib/gcc/arm-none-eabi/9.3.1/../../../../arm-none-eabi/lib/thumb/v7e-m+dp/hard/libc_nano.a(lib_a-mlock.o)
                0x000000000800a268                __malloc_lock
 .text.__malloc_unlock
                0x000000000800a274        0xc /opt/st/stm32cubeide_1.6.0/plugins/com.st.stm32cube.ide.mcu.externaltools.gnu-tools-for-stm32.9-2020-q2-update.linux64_1.5.0.202011040924/tools/bin/../lib/gcc/arm-none-eabi/9.3.1/../../../../arm-none-eabi/lib/thumb/v7e-m+dp/hard/libc_nano.a(lib_a-mlock.o)
                0x000000000800a274                __malloc_unlock
 .text._Balloc  0x000000000800a280       0x80 /opt/st/stm32cubeide_1.6.0/plugins/com.st.stm32cube.ide.mcu.externaltools.gnu-tools-for-stm32.9-2020-q2-update.linux64_1.5.0.202011040924/tools/bin/../lib/gcc/arm-none-eabi/9.3.1/../../../../arm-none-eabi/lib/thumb/v7e-m+dp/hard/libc_nano.a(lib_a-mprec.o)
                0x000000000800a280                _Balloc
 .text._Bfree   0x000000000800a300       0x44 /opt/st/stm32cubeide_1.6.0/plugins/com.st.stm32cube.ide.mcu.externaltools.gnu-tools-for-stm32.9-2020-q2-update.linux64_1.5.0.202011040924/tools/bin/../lib/gcc/arm-none-eabi/9.3.1/../../../../arm-none-eabi/lib/thumb/v7e-m+dp/hard/libc_nano.a(lib_a-mprec.o)
                0x000000000800a300                _Bfree
 .text.__multadd
                0x000000000800a344       0x94 /opt/st/stm32cubeide_1.6.0/plugins/com.st.stm32cube.ide.mcu.externaltools.gnu-tools-for-stm32.9-2020-q2-update.linux64_1.5.0.202011040924/tools/bin/../lib/gcc/arm-none-eabi/9.3.1/../../../../arm-none-eabi/lib/thumb/v7e-m+dp/hard/libc_nano.a(lib_a-mprec.o)
                0x000000000800a344                __multadd
 .text.__hi0bits
                0x000000000800a3d8       0x40 /opt/st/stm32cubeide_1.6.0/plugins/com.st.stm32cube.ide.mcu.externaltools.gnu-tools-for-stm32.9-2020-q2-update.linux64_1.5.0.202011040924/tools/bin/../lib/gcc/arm-none-eabi/9.3.1/../../../../arm-none-eabi/lib/thumb/v7e-m+dp/hard/libc_nano.a(lib_a-mprec.o)
                0x000000000800a3d8                __hi0bits
 .text.__lo0bits
                0x000000000800a418       0x60 /opt/st/stm32cubeide_1.6.0/plugins/com.st.stm32cube.ide.mcu.externaltools.gnu-tools-for-stm32.9-2020-q2-update.linux64_1.5.0.202011040924/tools/bin/../lib/gcc/arm-none-eabi/9.3.1/../../../../arm-none-eabi/lib/thumb/v7e-m+dp/hard/libc_nano.a(lib_a-mprec.o)
                0x000000000800a418                __lo0bits
 .text.__i2b    0x000000000800a478       0x2c /opt/st/stm32cubeide_1.6.0/plugins/com.st.stm32cube.ide.mcu.externaltools.gnu-tools-for-stm32.9-2020-q2-update.linux64_1.5.0.202011040924/tools/bin/../lib/gcc/arm-none-eabi/9.3.1/../../../../arm-none-eabi/lib/thumb/v7e-m+dp/hard/libc_nano.a(lib_a-mprec.o)
                0x000000000800a478                __i2b
 .text.__multiply
                0x000000000800a4a4      0x14c /opt/st/stm32cubeide_1.6.0/plugins/com.st.stm32cube.ide.mcu.externaltools.gnu-tools-for-stm32.9-2020-q2-update.linux64_1.5.0.202011040924/tools/bin/../lib/gcc/arm-none-eabi/9.3.1/../../../../arm-none-eabi/lib/thumb/v7e-m+dp/hard/libc_nano.a(lib_a-mprec.o)
                0x000000000800a4a4                __multiply
 .text.__pow5mult
                0x000000000800a5f0       0xb4 /opt/st/stm32cubeide_1.6.0/plugins/com.st.stm32cube.ide.mcu.externaltools.gnu-tools-for-stm32.9-2020-q2-update.linux64_1.5.0.202011040924/tools/bin/../lib/gcc/arm-none-eabi/9.3.1/../../../../arm-none-eabi/lib/thumb/v7e-m+dp/hard/libc_nano.a(lib_a-mprec.o)
                0x000000000800a5f0                __pow5mult
 .text.__lshift
                0x000000000800a6a4       0xd8 /opt/st/stm32cubeide_1.6.0/plugins/com.st.stm32cube.ide.mcu.externaltools.gnu-tools-for-stm32.9-2020-q2-update.linux64_1.5.0.202011040924/tools/bin/../lib/gcc/arm-none-eabi/9.3.1/../../../../arm-none-eabi/lib/thumb/v7e-m+dp/hard/libc_nano.a(lib_a-mprec.o)
                0x000000000800a6a4                __lshift
 .text.__mcmp   0x000000000800a77c       0x38 /opt/st/stm32cubeide_1.6.0/plugins/com.st.stm32cube.ide.mcu.externaltools.gnu-tools-for-stm32.9-2020-q2-update.linux64_1.5.0.202011040924/tools/bin/../lib/gcc/arm-none-eabi/9.3.1/../../../../arm-none-eabi/lib/thumb/v7e-m+dp/hard/libc_nano.a(lib_a-mprec.o)
                0x000000000800a77c                __mcmp
 .text.__mdiff  0x000000000800a7b4      0x110 /opt/st/stm32cubeide_1.6.0/plugins/com.st.stm32cube.ide.mcu.externaltools.gnu-tools-for-stm32.9-2020-q2-update.linux64_1.5.0.202011040924/tools/bin/../lib/gcc/arm-none-eabi/9.3.1/../../../../arm-none-eabi/lib/thumb/v7e-m+dp/hard/libc_nano.a(lib_a-mprec.o)
                0x000000000800a7b4                __mdiff
 .text.__d2b    0x000000000800a8c4       0xb8 /opt/st/stm32cubeide_1.6.0/plugins/com.st.stm32cube.ide.mcu.externaltools.gnu-tools-for-stm32.9-2020-q2-update.linux64_1.5.0.202011040924/tools/bin/../lib/gcc/arm-none-eabi/9.3.1/../../../../arm-none-eabi/lib/thumb/v7e-m+dp/hard/libc_nano.a(lib_a-mprec.o)
                0x000000000800a8c4                __d2b
 .text._calloc_r
                0x000000000800a97c       0x1e /opt/st/stm32cubeide_1.6.0/plugins/com.st.stm32cube.ide.mcu.externaltools.gnu-tools-for-stm32.9-2020-q2-update.linux64_1.5.0.202011040924/tools/bin/../lib/gcc/arm-none-eabi/9.3.1/../../../../arm-none-eabi/lib/thumb/v7e-m+dp/hard/libc_nano.a(lib_a-nano-callocr.o)
                0x000000000800a97c                _calloc_r
 .text.__ssputs_r
                0x000000000800a99a       0xb6 /opt/st/stm32cubeide_1.6.0/plugins/com.st.stm32cube.ide.mcu.externaltools.gnu-tools-for-stm32.9-2020-q2-update.linux64_1.5.0.202011040924/tools/bin/../lib/gcc/arm-none-eabi/9.3.1/../../../../arm-none-eabi/lib/thumb/v7e-m+dp/hard/libc_nano.a(lib_a-nano-svfprintf.o)
                0x000000000800a99a                __ssputs_r
 .text._svfprintf_r
                0x000000000800aa50      0x200 /opt/st/stm32cubeide_1.6.0/plugins/com.st.stm32cube.ide.mcu.externaltools.gnu-tools-for-stm32.9-2020-q2-update.linux64_1.5.0.202011040924/tools/bin/../lib/gcc/arm-none-eabi/9.3.1/../../../../arm-none-eabi/lib/thumb/v7e-m+dp/hard/libc_nano.a(lib_a-nano-svfprintf.o)
                0x000000000800aa50                _svfprintf_r
                0x000000000800aa50                _svfiprintf_r
 .text.__assert_func
                0x000000000800ac50       0x3c /opt/st/stm32cubeide_1.6.0/plugins/com.st.stm32cube.ide.mcu.externaltools.gnu-tools-for-stm32.9-2020-q2-update.linux64_1.5.0.202011040924/tools/bin/../lib/gcc/arm-none-eabi/9.3.1/../../../../arm-none-eabi/lib/thumb/v7e-m+dp/hard/libc_nano.a(lib_a-assert.o)
                0x000000000800ac50                __assert_func
 .text.fprintf  0x000000000800ac8c       0x24 /opt/st/stm32cubeide_1.6.0/plugins/com.st.stm32cube.ide.mcu.externaltools.gnu-tools-for-stm32.9-2020-q2-update.linux64_1.5.0.202011040924/tools/bin/../lib/gcc/arm-none-eabi/9.3.1/../../../../arm-none-eabi/lib/thumb/v7e-m+dp/hard/libc_nano.a(lib_a-fprintf.o)
                0x000000000800ac8c                fprintf
                0x000000000800ac8c                fiprintf
 .text.__retarget_lock_init_recursive
                0x000000000800acb0        0x2 /opt/st/stm32cubeide_1.6.0/plugins/com.st.stm32cube.ide.mcu.externaltools.gnu-tools-for-stm32.9-2020-q2-update.linux64_1.5.0.202011040924/tools/bin/../lib/gcc/arm-none-eabi/9.3.1/../../../../arm-none-eabi/lib/thumb/v7e-m+dp/hard/libc_nano.a(lib_a-lock.o)
                0x000000000800acb0                __retarget_lock_init_recursive
 .text.__retarget_lock_acquire_recursive
                0x000000000800acb2        0x2 /opt/st/stm32cubeide_1.6.0/plugins/com.st.stm32cube.ide.mcu.externaltools.gnu-tools-for-stm32.9-2020-q2-update.linux64_1.5.0.202011040924/tools/bin/../lib/gcc/arm-none-eabi/9.3.1/../../../../arm-none-eabi/lib/thumb/v7e-m+dp/hard/libc_nano.a(lib_a-lock.o)
                0x000000000800acb2                __retarget_lock_acquire_recursive
 .text.__retarget_lock_release_recursive
                0x000000000800acb4        0x2 /opt/st/stm32cubeide_1.6.0/plugins/com.st.stm32cube.ide.mcu.externaltools.gnu-tools-for-stm32.9-2020-q2-update.linux64_1.5.0.202011040924/tools/bin/../lib/gcc/arm-none-eabi/9.3.1/../../../../arm-none-eabi/lib/thumb/v7e-m+dp/hard/libc_nano.a(lib_a-lock.o)
                0x000000000800acb4                __retarget_lock_release_recursive
 .text.__ascii_mbtowc
                0x000000000800acb6       0x24 /opt/st/stm32cubeide_1.6.0/plugins/com.st.stm32cube.ide.mcu.externaltools.gnu-tools-for-stm32.9-2020-q2-update.linux64_1.5.0.202011040924/tools/bin/../lib/gcc/arm-none-eabi/9.3.1/../../../../arm-none-eabi/lib/thumb/v7e-m+dp/hard/libc_nano.a(lib_a-mbtowc_r.o)
                0x000000000800acb6                __ascii_mbtowc
 .text.memmove  0x000000000800acda       0x34 /opt/st/stm32cubeide_1.6.0/plugins/com.st.stm32cube.ide.mcu.externaltools.gnu-tools-for-stm32.9-2020-q2-update.linux64_1.5.0.202011040924/tools/bin/../lib/gcc/arm-none-eabi/9.3.1/../../../../arm-none-eabi/lib/thumb/v7e-m+dp/hard/libc_nano.a(lib_a-memmove.o)
                0x000000000800acda                memmove
 .text._realloc_r
                0x000000000800ad0e       0x4c /opt/st/stm32cubeide_1.6.0/plugins/com.st.stm32cube.ide.mcu.externaltools.gnu-tools-for-stm32.9-2020-q2-update.linux64_1.5.0.202011040924/tools/bin/../lib/gcc/arm-none-eabi/9.3.1/../../../../arm-none-eabi/lib/thumb/v7e-m+dp/hard/libc_nano.a(lib_a-nano-reallocr.o)
                0x000000000800ad0e                _realloc_r
 .text.__sfputc_r
                0x000000000800ad5a       0x2e /opt/st/stm32cubeide_1.6.0/plugins/com.st.stm32cube.ide.mcu.externaltools.gnu-tools-for-stm32.9-2020-q2-update.linux64_1.5.0.202011040924/tools/bin/../lib/gcc/arm-none-eabi/9.3.1/../../../../arm-none-eabi/lib/thumb/v7e-m+dp/hard/libc_nano.a(lib_a-nano-vfprintf.o)
 .text.__sfputs_r
                0x000000000800ad88       0x24 /opt/st/stm32cubeide_1.6.0/plugins/com.st.stm32cube.ide.mcu.externaltools.gnu-tools-for-stm32.9-2020-q2-update.linux64_1.5.0.202011040924/tools/bin/../lib/gcc/arm-none-eabi/9.3.1/../../../../arm-none-eabi/lib/thumb/v7e-m+dp/hard/libc_nano.a(lib_a-nano-vfprintf.o)
                0x000000000800ad88                __sfputs_r
 .text._vfprintf_r
                0x000000000800adac      0x260 /opt/st/stm32cubeide_1.6.0/plugins/com.st.stm32cube.ide.mcu.externaltools.gnu-tools-for-stm32.9-2020-q2-update.linux64_1.5.0.202011040924/tools/bin/../lib/gcc/arm-none-eabi/9.3.1/../../../../arm-none-eabi/lib/thumb/v7e-m+dp/hard/libc_nano.a(lib_a-nano-vfprintf.o)
                0x000000000800adac                _vfiprintf_r
                0x000000000800adac                _vfprintf_r
 .text.__swbuf_r
                0x000000000800b00c       0xa4 /opt/st/stm32cubeide_1.6.0/plugins/com.st.stm32cube.ide.mcu.externaltools.gnu-tools-for-stm32.9-2020-q2-update.linux64_1.5.0.202011040924/tools/bin/../lib/gcc/arm-none-eabi/9.3.1/../../../../arm-none-eabi/lib/thumb/v7e-m+dp/hard/libc_nano.a(lib_a-wbuf.o)
                0x000000000800b00c                __swbuf_r
 .text.__ascii_wctomb
                0x000000000800b0b0       0x1a /opt/st/stm32cubeide_1.6.0/plugins/com.st.stm32cube.ide.mcu.externaltools.gnu-tools-for-stm32.9-2020-q2-update.linux64_1.5.0.202011040924/tools/bin/../lib/gcc/arm-none-eabi/9.3.1/../../../../arm-none-eabi/lib/thumb/v7e-m+dp/hard/libc_nano.a(lib_a-wctomb_r.o)
                0x000000000800b0b0                __ascii_wctomb
 *fill*         0x000000000800b0ca        0x2 
 .text.__swsetup_r
                0x000000000800b0cc       0xdc /opt/st/stm32cubeide_1.6.0/plugins/com.st.stm32cube.ide.mcu.externaltools.gnu-tools-for-stm32.9-2020-q2-update.linux64_1.5.0.202011040924/tools/bin/../lib/gcc/arm-none-eabi/9.3.1/../../../../arm-none-eabi/lib/thumb/v7e-m+dp/hard/libc_nano.a(lib_a-wsetup.o)
                0x000000000800b0cc                __swsetup_r
 .text.__sflush_r
                0x000000000800b1a8      0x10c /opt/st/stm32cubeide_1.6.0/plugins/com.st.stm32cube.ide.mcu.externaltools.gnu-tools-for-stm32.9-2020-q2-update.linux64_1.5.0.202011040924/tools/bin/../lib/gcc/arm-none-eabi/9.3.1/../../../../arm-none-eabi/lib/thumb/v7e-m+dp/hard/libc_nano.a(lib_a-fflush.o)
                0x000000000800b1a8                __sflush_r
 .text._fflush_r
                0x000000000800b2b4       0x78 /opt/st/stm32cubeide_1.6.0/plugins/com.st.stm32cube.ide.mcu.externaltools.gnu-tools-for-stm32.9-2020-q2-update.linux64_1.5.0.202011040924/tools/bin/../lib/gcc/arm-none-eabi/9.3.1/../../../../arm-none-eabi/lib/thumb/v7e-m+dp/hard/libc_nano.a(lib_a-fflush.o)
                0x000000000800b2b4                _fflush_r
 .text.std      0x000000000800b32c       0x48 /opt/st/stm32cubeide_1.6.0/plugins/com.st.stm32cube.ide.mcu.externaltools.gnu-tools-for-stm32.9-2020-q2-update.linux64_1.5.0.202011040924/tools/bin/../lib/gcc/arm-none-eabi/9.3.1/../../../../arm-none-eabi/lib/thumb/v7e-m+dp/hard/libc_nano.a(lib_a-findfp.o)
 .text._cleanup_r
                0x000000000800b374        0xc /opt/st/stm32cubeide_1.6.0/plugins/com.st.stm32cube.ide.mcu.externaltools.gnu-tools-for-stm32.9-2020-q2-update.linux64_1.5.0.202011040924/tools/bin/../lib/gcc/arm-none-eabi/9.3.1/../../../../arm-none-eabi/lib/thumb/v7e-m+dp/hard/libc_nano.a(lib_a-findfp.o)
                0x000000000800b374                _cleanup_r
 .text.__sfmoreglue
                0x000000000800b380       0x2c /opt/st/stm32cubeide_1.6.0/plugins/com.st.stm32cube.ide.mcu.externaltools.gnu-tools-for-stm32.9-2020-q2-update.linux64_1.5.0.202011040924/tools/bin/../lib/gcc/arm-none-eabi/9.3.1/../../../../arm-none-eabi/lib/thumb/v7e-m+dp/hard/libc_nano.a(lib_a-findfp.o)
                0x000000000800b380                __sfmoreglue
 .text.__sfp_lock_acquire
                0x000000000800b3ac        0xc /opt/st/stm32cubeide_1.6.0/plugins/com.st.stm32cube.ide.mcu.externaltools.gnu-tools-for-stm32.9-2020-q2-update.linux64_1.5.0.202011040924/tools/bin/../lib/gcc/arm-none-eabi/9.3.1/../../../../arm-none-eabi/lib/thumb/v7e-m+dp/hard/libc_nano.a(lib_a-findfp.o)
                0x000000000800b3ac                __sfp_lock_acquire
 .text.__sfp_lock_release
                0x000000000800b3b8        0xc /opt/st/stm32cubeide_1.6.0/plugins/com.st.stm32cube.ide.mcu.externaltools.gnu-tools-for-stm32.9-2020-q2-update.linux64_1.5.0.202011040924/tools/bin/../lib/gcc/arm-none-eabi/9.3.1/../../../../arm-none-eabi/lib/thumb/v7e-m+dp/hard/libc_nano.a(lib_a-findfp.o)
                0x000000000800b3b8                __sfp_lock_release
 .text.__sinit_lock_acquire
                0x000000000800b3c4        0xc /opt/st/stm32cubeide_1.6.0/plugins/com.st.stm32cube.ide.mcu.externaltools.gnu-tools-for-stm32.9-2020-q2-update.linux64_1.5.0.202011040924/tools/bin/../lib/gcc/arm-none-eabi/9.3.1/../../../../arm-none-eabi/lib/thumb/v7e-m+dp/hard/libc_nano.a(lib_a-findfp.o)
                0x000000000800b3c4                __sinit_lock_acquire
 .text.__sinit_lock_release
                0x000000000800b3d0        0xc /opt/st/stm32cubeide_1.6.0/plugins/com.st.stm32cube.ide.mcu.externaltools.gnu-tools-for-stm32.9-2020-q2-update.linux64_1.5.0.202011040924/tools/bin/../lib/gcc/arm-none-eabi/9.3.1/../../../../arm-none-eabi/lib/thumb/v7e-m+dp/hard/libc_nano.a(lib_a-findfp.o)
                0x000000000800b3d0                __sinit_lock_release
 .text.__sinit  0x000000000800b3dc       0x70 /opt/st/stm32cubeide_1.6.0/plugins/com.st.stm32cube.ide.mcu.externaltools.gnu-tools-for-stm32.9-2020-q2-update.linux64_1.5.0.202011040924/tools/bin/../lib/gcc/arm-none-eabi/9.3.1/../../../../arm-none-eabi/lib/thumb/v7e-m+dp/hard/libc_nano.a(lib_a-findfp.o)
                0x000000000800b3dc                __sinit
 .text.__sfp    0x000000000800b44c       0x8c /opt/st/stm32cubeide_1.6.0/plugins/com.st.stm32cube.ide.mcu.externaltools.gnu-tools-for-stm32.9-2020-q2-update.linux64_1.5.0.202011040924/tools/bin/../lib/gcc/arm-none-eabi/9.3.1/../../../../arm-none-eabi/lib/thumb/v7e-m+dp/hard/libc_nano.a(lib_a-findfp.o)
                0x000000000800b44c                __sfp
 .text._fwalk_reent
                0x000000000800b4d8       0x3e /opt/st/stm32cubeide_1.6.0/plugins/com.st.stm32cube.ide.mcu.externaltools.gnu-tools-for-stm32.9-2020-q2-update.linux64_1.5.0.202011040924/tools/bin/../lib/gcc/arm-none-eabi/9.3.1/../../../../arm-none-eabi/lib/thumb/v7e-m+dp/hard/libc_nano.a(lib_a-fwalk.o)
                0x000000000800b4d8                _fwalk_reent
 .text.__swhatbuf_r
                0x000000000800b516       0x48 /opt/st/stm32cubeide_1.6.0/plugins/com.st.stm32cube.ide.mcu.externaltools.gnu-tools-for-stm32.9-2020-q2-update.linux64_1.5.0.202011040924/tools/bin/../lib/gcc/arm-none-eabi/9.3.1/../../../../arm-none-eabi/lib/thumb/v7e-m+dp/hard/libc_nano.a(lib_a-makebuf.o)
                0x000000000800b516                __swhatbuf_r
 *fill*         0x000000000800b55e        0x2 
 .text.__smakebuf_r
                0x000000000800b560       0x80 /opt/st/stm32cubeide_1.6.0/plugins/com.st.stm32cube.ide.mcu.externaltools.gnu-tools-for-stm32.9-2020-q2-update.linux64_1.5.0.202011040924/tools/bin/../lib/gcc/arm-none-eabi/9.3.1/../../../../arm-none-eabi/lib/thumb/v7e-m+dp/hard/libc_nano.a(lib_a-makebuf.o)
                0x000000000800b560                __smakebuf_r
 .text._malloc_usable_size_r
                0x000000000800b5e0       0x10 /opt/st/stm32cubeide_1.6.0/plugins/com.st.stm32cube.ide.mcu.externaltools.gnu-tools-for-stm32.9-2020-q2-update.linux64_1.5.0.202011040924/tools/bin/../lib/gcc/arm-none-eabi/9.3.1/../../../../arm-none-eabi/lib/thumb/v7e-m+dp/hard/libc_nano.a(lib_a-nano-msizer.o)
                0x000000000800b5e0                _malloc_usable_size_r
 .text.__sread  0x000000000800b5f0       0x22 /opt/st/stm32cubeide_1.6.0/plugins/com.st.stm32cube.ide.mcu.externaltools.gnu-tools-for-stm32.9-2020-q2-update.linux64_1.5.0.202011040924/tools/bin/../lib/gcc/arm-none-eabi/9.3.1/../../../../arm-none-eabi/lib/thumb/v7e-m+dp/hard/libc_nano.a(lib_a-stdio.o)
                0x000000000800b5f0                __sread
 .text.__swrite
                0x000000000800b612       0x38 /opt/st/stm32cubeide_1.6.0/plugins/com.st.stm32cube.ide.mcu.externaltools.gnu-tools-for-stm32.9-2020-q2-update.linux64_1.5.0.202011040924/tools/bin/../lib/gcc/arm-none-eabi/9.3.1/../../../../arm-none-eabi/lib/thumb/v7e-m+dp/hard/libc_nano.a(lib_a-stdio.o)
                0x000000000800b612                __swrite
 .text.__sseek  0x000000000800b64a       0x24 /opt/st/stm32cubeide_1.6.0/plugins/com.st.stm32cube.ide.mcu.externaltools.gnu-tools-for-stm32.9-2020-q2-update.linux64_1.5.0.202011040924/tools/bin/../lib/gcc/arm-none-eabi/9.3.1/../../../../arm-none-eabi/lib/thumb/v7e-m+dp/hard/libc_nano.a(lib_a-stdio.o)
                0x000000000800b64a                __sseek
 .text.__sclose
                0x000000000800b66e        0x8 /opt/st/stm32cubeide_1.6.0/plugins/com.st.stm32cube.ide.mcu.externaltools.gnu-tools-for-stm32.9-2020-q2-update.linux64_1.5.0.202011040924/tools/bin/../lib/gcc/arm-none-eabi/9.3.1/../../../../arm-none-eabi/lib/thumb/v7e-m+dp/hard/libc_nano.a(lib_a-stdio.o)
                0x000000000800b66e                __sclose
 *fill*         0x000000000800b676        0x2 
 .text._write_r
                0x000000000800b678       0x24 /opt/st/stm32cubeide_1.6.0/plugins/com.st.stm32cube.ide.mcu.externaltools.gnu-tools-for-stm32.9-2020-q2-update.linux64_1.5.0.202011040924/tools/bin/../lib/gcc/arm-none-eabi/9.3.1/../../../../arm-none-eabi/lib/thumb/v7e-m+dp/hard/libc_nano.a(lib_a-writer.o)
                0x000000000800b678                _write_r
 .text._close_r
                0x000000000800b69c       0x20 /opt/st/stm32cubeide_1.6.0/plugins/com.st.stm32cube.ide.mcu.externaltools.gnu-tools-for-stm32.9-2020-q2-update.linux64_1.5.0.202011040924/tools/bin/../lib/gcc/arm-none-eabi/9.3.1/../../../../arm-none-eabi/lib/thumb/v7e-m+dp/hard/libc_nano.a(lib_a-closer.o)
                0x000000000800b69c                _close_r
 .text._fstat_r
                0x000000000800b6bc       0x24 /opt/st/stm32cubeide_1.6.0/plugins/com.st.stm32cube.ide.mcu.externaltools.gnu-tools-for-stm32.9-2020-q2-update.linux64_1.5.0.202011040924/tools/bin/../lib/gcc/arm-none-eabi/9.3.1/../../../../arm-none-eabi/lib/thumb/v7e-m+dp/hard/libc_nano.a(lib_a-fstatr.o)
                0x000000000800b6bc                _fstat_r
 .text._isatty_r
                0x000000000800b6e0       0x20 /opt/st/stm32cubeide_1.6.0/plugins/com.st.stm32cube.ide.mcu.externaltools.gnu-tools-for-stm32.9-2020-q2-update.linux64_1.5.0.202011040924/tools/bin/../lib/gcc/arm-none-eabi/9.3.1/../../../../arm-none-eabi/lib/thumb/v7e-m+dp/hard/libc_nano.a(lib_a-isattyr.o)
                0x000000000800b6e0                _isatty_r
 .text._lseek_r
                0x000000000800b700       0x24 /opt/st/stm32cubeide_1.6.0/plugins/com.st.stm32cube.ide.mcu.externaltools.gnu-tools-for-stm32.9-2020-q2-update.linux64_1.5.0.202011040924/tools/bin/../lib/gcc/arm-none-eabi/9.3.1/../../../../arm-none-eabi/lib/thumb/v7e-m+dp/hard/libc_nano.a(lib_a-lseekr.o)
                0x000000000800b700                _lseek_r
 .text._read_r  0x000000000800b724       0x24 /opt/st/stm32cubeide_1.6.0/plugins/com.st.stm32cube.ide.mcu.externaltools.gnu-tools-for-stm32.9-2020-q2-update.linux64_1.5.0.202011040924/tools/bin/../lib/gcc/arm-none-eabi/9.3.1/../../../../arm-none-eabi/lib/thumb/v7e-m+dp/hard/libc_nano.a(lib_a-readr.o)
                0x000000000800b724                _read_r
 *(.glue_7)
 .glue_7        0x000000000800b748        0x0 linker stubs
 *(.glue_7t)
 .glue_7t       0x000000000800b748        0x0 linker stubs
 *(.eh_frame)
 .eh_frame      0x000000000800b748        0x0 /opt/st/stm32cubeide_1.6.0/plugins/com.st.stm32cube.ide.mcu.externaltools.gnu-tools-for-stm32.9-2020-q2-update.linux64_1.5.0.202011040924/tools/bin/../lib/gcc/arm-none-eabi/9.3.1/thumb/v7e-m+dp/hard/crtbegin.o
 *(.init)
 .init          0x000000000800b748        0x4 /opt/st/stm32cubeide_1.6.0/plugins/com.st.stm32cube.ide.mcu.externaltools.gnu-tools-for-stm32.9-2020-q2-update.linux64_1.5.0.202011040924/tools/bin/../lib/gcc/arm-none-eabi/9.3.1/thumb/v7e-m+dp/hard/crti.o
                0x000000000800b748                _init
 .init          0x000000000800b74c        0x8 /opt/st/stm32cubeide_1.6.0/plugins/com.st.stm32cube.ide.mcu.externaltools.gnu-tools-for-stm32.9-2020-q2-update.linux64_1.5.0.202011040924/tools/bin/../lib/gcc/arm-none-eabi/9.3.1/thumb/v7e-m+dp/hard/crtn.o
 *(.fini)
 .fini          0x000000000800b754        0x4 /opt/st/stm32cubeide_1.6.0/plugins/com.st.stm32cube.ide.mcu.externaltools.gnu-tools-for-stm32.9-2020-q2-update.linux64_1.5.0.202011040924/tools/bin/../lib/gcc/arm-none-eabi/9.3.1/thumb/v7e-m+dp/hard/crti.o
                0x000000000800b754                _fini
 .fini          0x000000000800b758        0x8 /opt/st/stm32cubeide_1.6.0/plugins/com.st.stm32cube.ide.mcu.externaltools.gnu-tools-for-stm32.9-2020-q2-update.linux64_1.5.0.202011040924/tools/bin/../lib/gcc/arm-none-eabi/9.3.1/thumb/v7e-m+dp/hard/crtn.o
                0x000000000800b760                . = ALIGN (0x4)
                0x000000000800b760                _etext = .

.vfp11_veneer   0x000000000800b760        0x0
 .vfp11_veneer  0x000000000800b760        0x0 linker stubs

.v4_bx          0x000000000800b760        0x0
 .v4_bx         0x000000000800b760        0x0 linker stubs

.iplt           0x000000000800b760        0x0
 .iplt          0x000000000800b760        0x0 /opt/st/stm32cubeide_1.6.0/plugins/com.st.stm32cube.ide.mcu.externaltools.gnu-tools-for-stm32.9-2020-q2-update.linux64_1.5.0.202011040924/tools/bin/../lib/gcc/arm-none-eabi/9.3.1/thumb/v7e-m+dp/hard/crtbegin.o

.rodata         0x000000000800b760      0x4b4
                0x000000000800b760                . = ALIGN (0x4)
 *(.rodata)
 .rodata        0x000000000800b760       0x9c Core/Src/main.o
 *(.rodata*)
 .rodata.D1CorePrescTable
                0x000000000800b7fc       0x10 Core/Src/system_stm32h7xx.o
                0x000000000800b7fc                D1CorePrescTable
 .rodata.UARTPrescTable
                0x000000000800b80c       0x18 Drivers/STM32H7xx_HAL_Driver/Src/stm32h7xx_hal_uart.o
                0x000000000800b80c                UARTPrescTable
 .rodata.numerator.11696
                0x000000000800b824        0x8 Drivers/STM32H7xx_HAL_Driver/Src/stm32h7xx_hal_uart_ex.o
 .rodata.denominator.11697
                0x000000000800b82c        0x8 Drivers/STM32H7xx_HAL_Driver/Src/stm32h7xx_hal_uart_ex.o
 .rodata._global_impure_ptr
                0x000000000800b834        0x4 /opt/st/stm32cubeide_1.6.0/plugins/com.st.stm32cube.ide.mcu.externaltools.gnu-tools-for-stm32.9-2020-q2-update.linux64_1.5.0.202011040924/tools/bin/../lib/gcc/arm-none-eabi/9.3.1/../../../../arm-none-eabi/lib/thumb/v7e-m+dp/hard/libc_nano.a(lib_a-impure.o)
                0x000000000800b834                _global_impure_ptr
 .rodata._printf_float.str1.1
                0x000000000800b838       0x12 /opt/st/stm32cubeide_1.6.0/plugins/com.st.stm32cube.ide.mcu.externaltools.gnu-tools-for-stm32.9-2020-q2-update.linux64_1.5.0.202011040924/tools/bin/../lib/gcc/arm-none-eabi/9.3.1/../../../../arm-none-eabi/lib/thumb/v7e-m+dp/hard/libc_nano.a(lib_a-nano-vfprintf_float.o)
 .rodata._printf_i.str1.1
                0x000000000800b84a       0x22 /opt/st/stm32cubeide_1.6.0/plugins/com.st.stm32cube.ide.mcu.externaltools.gnu-tools-for-stm32.9-2020-q2-update.linux64_1.5.0.202011040924/tools/bin/../lib/gcc/arm-none-eabi/9.3.1/../../../../arm-none-eabi/lib/thumb/v7e-m+dp/hard/libc_nano.a(lib_a-nano-vfprintf_i.o)
 .rodata._dtoa_r.str1.1
                0x000000000800b86c       0x94 /opt/st/stm32cubeide_1.6.0/plugins/com.st.stm32cube.ide.mcu.externaltools.gnu-tools-for-stm32.9-2020-q2-update.linux64_1.5.0.202011040924/tools/bin/../lib/gcc/arm-none-eabi/9.3.1/../../../../arm-none-eabi/lib/thumb/v7e-m+dp/hard/libc_nano.a(lib_a-dtoa.o)
                                         0x96 (size before relaxing)
 .rodata._Balloc.str1.1
                0x000000000800b900       0x60 /opt/st/stm32cubeide_1.6.0/plugins/com.st.stm32cube.ide.mcu.externaltools.gnu-tools-for-stm32.9-2020-q2-update.linux64_1.5.0.202011040924/tools/bin/../lib/gcc/arm-none-eabi/9.3.1/../../../../arm-none-eabi/lib/thumb/v7e-m+dp/hard/libc_nano.a(lib_a-mprec.o)
                                         0x77 (size before relaxing)
 .rodata.__multadd.str1.1
                0x000000000800b960       0x11 /opt/st/stm32cubeide_1.6.0/plugins/com.st.stm32cube.ide.mcu.externaltools.gnu-tools-for-stm32.9-2020-q2-update.linux64_1.5.0.202011040924/tools/bin/../lib/gcc/arm-none-eabi/9.3.1/../../../../arm-none-eabi/lib/thumb/v7e-m+dp/hard/libc_nano.a(lib_a-mprec.o)
 .rodata.__mprec_bigtens
                0x000000000800b960       0x28 /opt/st/stm32cubeide_1.6.0/plugins/com.st.stm32cube.ide.mcu.externaltools.gnu-tools-for-stm32.9-2020-q2-update.linux64_1.5.0.202011040924/tools/bin/../lib/gcc/arm-none-eabi/9.3.1/../../../../arm-none-eabi/lib/thumb/v7e-m+dp/hard/libc_nano.a(lib_a-mprec.o)
                0x000000000800b960                __mprec_bigtens
 .rodata.__mprec_tens
                0x000000000800b988       0xc8 /opt/st/stm32cubeide_1.6.0/plugins/com.st.stm32cube.ide.mcu.externaltools.gnu-tools-for-stm32.9-2020-q2-update.linux64_1.5.0.202011040924/tools/bin/../lib/gcc/arm-none-eabi/9.3.1/../../../../arm-none-eabi/lib/thumb/v7e-m+dp/hard/libc_nano.a(lib_a-mprec.o)
                0x000000000800b988                __mprec_tens
 .rodata.p05.7513
                0x000000000800ba50        0xc /opt/st/stm32cubeide_1.6.0/plugins/com.st.stm32cube.ide.mcu.externaltools.gnu-tools-for-stm32.9-2020-q2-update.linux64_1.5.0.202011040924/tools/bin/../lib/gcc/arm-none-eabi/9.3.1/../../../../arm-none-eabi/lib/thumb/v7e-m+dp/hard/libc_nano.a(lib_a-mprec.o)
 .rodata._svfprintf_r.str1.1
                0x000000000800ba5c       0x11 /opt/st/stm32cubeide_1.6.0/plugins/com.st.stm32cube.ide.mcu.externaltools.gnu-tools-for-stm32.9-2020-q2-update.linux64_1.5.0.202011040924/tools/bin/../lib/gcc/arm-none-eabi/9.3.1/../../../../arm-none-eabi/lib/thumb/v7e-m+dp/hard/libc_nano.a(lib_a-nano-svfprintf.o)
 .rodata.__assert_func.str1.1
                0x000000000800ba6d       0x3c /opt/st/stm32cubeide_1.6.0/plugins/com.st.stm32cube.ide.mcu.externaltools.gnu-tools-for-stm32.9-2020-q2-update.linux64_1.5.0.202011040924/tools/bin/../lib/gcc/arm-none-eabi/9.3.1/../../../../arm-none-eabi/lib/thumb/v7e-m+dp/hard/libc_nano.a(lib_a-assert.o)
                                         0x3d (size before relaxing)
 .rodata._setlocale_r.str1.1
                0x000000000800baa9        0x8 /opt/st/stm32cubeide_1.6.0/plugins/com.st.stm32cube.ide.mcu.externaltools.gnu-tools-for-stm32.9-2020-q2-update.linux64_1.5.0.202011040924/tools/bin/../lib/gcc/arm-none-eabi/9.3.1/../../../../arm-none-eabi/lib/thumb/v7e-m+dp/hard/libc_nano.a(lib_a-locale.o)
                                          0x9 (size before relaxing)
 .rodata.str1.1
                0x000000000800bab1        0x2 /opt/st/stm32cubeide_1.6.0/plugins/com.st.stm32cube.ide.mcu.externaltools.gnu-tools-for-stm32.9-2020-q2-update.linux64_1.5.0.202011040924/tools/bin/../lib/gcc/arm-none-eabi/9.3.1/../../../../arm-none-eabi/lib/thumb/v7e-m+dp/hard/libc_nano.a(lib_a-locale.o)
 .rodata._vfprintf_r.str1.1
                0x000000000800bab3       0x11 /opt/st/stm32cubeide_1.6.0/plugins/com.st.stm32cube.ide.mcu.externaltools.gnu-tools-for-stm32.9-2020-q2-update.linux64_1.5.0.202011040924/tools/bin/../lib/gcc/arm-none-eabi/9.3.1/../../../../arm-none-eabi/lib/thumb/v7e-m+dp/hard/libc_nano.a(lib_a-nano-vfprintf.o)
 .rodata._ctype_
                0x000000000800bab3      0x101 /opt/st/stm32cubeide_1.6.0/plugins/com.st.stm32cube.ide.mcu.externaltools.gnu-tools-for-stm32.9-2020-q2-update.linux64_1.5.0.202011040924/tools/bin/../lib/gcc/arm-none-eabi/9.3.1/../../../../arm-none-eabi/lib/thumb/v7e-m+dp/hard/libc_nano.a(lib_a-ctype_.o)
                0x000000000800bab3                _ctype_
 .rodata.__sf_fake_stderr
                0x000000000800bbb4       0x20 /opt/st/stm32cubeide_1.6.0/plugins/com.st.stm32cube.ide.mcu.externaltools.gnu-tools-for-stm32.9-2020-q2-update.linux64_1.5.0.202011040924/tools/bin/../lib/gcc/arm-none-eabi/9.3.1/../../../../arm-none-eabi/lib/thumb/v7e-m+dp/hard/libc_nano.a(lib_a-findfp.o)
                0x000000000800bbb4                __sf_fake_stderr
 .rodata.__sf_fake_stdin
                0x000000000800bbd4       0x20 /opt/st/stm32cubeide_1.6.0/plugins/com.st.stm32cube.ide.mcu.externaltools.gnu-tools-for-stm32.9-2020-q2-update.linux64_1.5.0.202011040924/tools/bin/../lib/gcc/arm-none-eabi/9.3.1/../../../../arm-none-eabi/lib/thumb/v7e-m+dp/hard/libc_nano.a(lib_a-findfp.o)
                0x000000000800bbd4                __sf_fake_stdin
 .rodata.__sf_fake_stdout
                0x000000000800bbf4       0x20 /opt/st/stm32cubeide_1.6.0/plugins/com.st.stm32cube.ide.mcu.externaltools.gnu-tools-for-stm32.9-2020-q2-update.linux64_1.5.0.202011040924/tools/bin/../lib/gcc/arm-none-eabi/9.3.1/../../../../arm-none-eabi/lib/thumb/v7e-m+dp/hard/libc_nano.a(lib_a-findfp.o)
                0x000000000800bbf4                __sf_fake_stdout
                0x000000000800bc14                . = ALIGN (0x4)

.ARM.extab
 *(.ARM.extab* .gnu.linkonce.armextab.*)

.ARM            0x000000000800bc14        0x8
                0x000000000800bc14                __exidx_start = .
 *(.ARM.exidx*)
 .ARM.exidx     0x000000000800bc14        0x8 /opt/st/stm32cubeide_1.6.0/plugins/com.st.stm32cube.ide.mcu.externaltools.gnu-tools-for-stm32.9-2020-q2-update.linux64_1.5.0.202011040924/tools/bin/../lib/gcc/arm-none-eabi/9.3.1/thumb/v7e-m+dp/hard/libgcc.a(_udivmoddi4.o)
                0x000000000800bc1c                __exidx_end = .

.rel.dyn        0x000000000800bc1c        0x0
 .rel.iplt      0x000000000800bc1c        0x0 /opt/st/stm32cubeide_1.6.0/plugins/com.st.stm32cube.ide.mcu.externaltools.gnu-tools-for-stm32.9-2020-q2-update.linux64_1.5.0.202011040924/tools/bin/../lib/gcc/arm-none-eabi/9.3.1/thumb/v7e-m+dp/hard/crtbegin.o

.preinit_array  0x000000000800bc1c        0x0
                0x000000000800bc1c                PROVIDE (__preinit_array_start = .)
 *(.preinit_array*)
                0x000000000800bc1c                PROVIDE (__preinit_array_end = .)

.init_array     0x000000000800bc1c        0x8
                0x000000000800bc1c                PROVIDE (__init_array_start = .)
 *(SORT_BY_NAME(.init_array.*))
 *(.init_array*)
 .init_array    0x000000000800bc1c        0x4 /opt/st/stm32cubeide_1.6.0/plugins/com.st.stm32cube.ide.mcu.externaltools.gnu-tools-for-stm32.9-2020-q2-update.linux64_1.5.0.202011040924/tools/bin/../lib/gcc/arm-none-eabi/9.3.1/thumb/v7e-m+dp/hard/crtbegin.o
 .init_array    0x000000000800bc20        0x4 Core/Src/main.o
                0x000000000800bc24                PROVIDE (__init_array_end = .)

.fini_array     0x000000000800bc24        0x4
                [!provide]                        PROVIDE (__fini_array_start = .)
 *(SORT_BY_NAME(.fini_array.*))
 *(.fini_array*)
 .fini_array    0x000000000800bc24        0x4 /opt/st/stm32cubeide_1.6.0/plugins/com.st.stm32cube.ide.mcu.externaltools.gnu-tools-for-stm32.9-2020-q2-update.linux64_1.5.0.202011040924/tools/bin/../lib/gcc/arm-none-eabi/9.3.1/thumb/v7e-m+dp/hard/crtbegin.o
                [!provide]                        PROVIDE (__fini_array_end = .)
                0x000000000800bc28                _sidata = LOADADDR (.data)

.data           0x0000000020000000      0x1e0 load address 0x000000000800bc28
                0x0000000020000000                . = ALIGN (0x4)
                0x0000000020000000                _sdata = .
 *(.data)
 *(.data*)
 .data.SystemCoreClock
                0x0000000020000000        0x4 Core/Src/system_stm32h7xx.o
                0x0000000020000000                SystemCoreClock
 .data.SystemD2Clock
                0x0000000020000004        0x4 Core/Src/system_stm32h7xx.o
                0x0000000020000004                SystemD2Clock
 .data.uwTickPrio
                0x0000000020000008        0x4 Drivers/STM32H7xx_HAL_Driver/Src/stm32h7xx_hal.o
                0x0000000020000008                uwTickPrio
 .data.uwTickFreq
                0x000000002000000c        0x1 Drivers/STM32H7xx_HAL_Driver/Src/stm32h7xx_hal.o
                0x000000002000000c                uwTickFreq
 *fill*         0x000000002000000d        0x3 
 .data._impure_ptr
                0x0000000020000010        0x4 /opt/st/stm32cubeide_1.6.0/plugins/com.st.stm32cube.ide.mcu.externaltools.gnu-tools-for-stm32.9-2020-q2-update.linux64_1.5.0.202011040924/tools/bin/../lib/gcc/arm-none-eabi/9.3.1/../../../../arm-none-eabi/lib/thumb/v7e-m+dp/hard/libc_nano.a(lib_a-impure.o)
                0x0000000020000010                _impure_ptr
 .data.impure_data
                0x0000000020000014       0x60 /opt/st/stm32cubeide_1.6.0/plugins/com.st.stm32cube.ide.mcu.externaltools.gnu-tools-for-stm32.9-2020-q2-update.linux64_1.5.0.202011040924/tools/bin/../lib/gcc/arm-none-eabi/9.3.1/../../../../arm-none-eabi/lib/thumb/v7e-m+dp/hard/libc_nano.a(lib_a-impure.o)
 .data.__global_locale
                0x0000000020000074      0x16c /opt/st/stm32cubeide_1.6.0/plugins/com.st.stm32cube.ide.mcu.externaltools.gnu-tools-for-stm32.9-2020-q2-update.linux64_1.5.0.202011040924/tools/bin/../lib/gcc/arm-none-eabi/9.3.1/../../../../arm-none-eabi/lib/thumb/v7e-m+dp/hard/libc_nano.a(lib_a-locale.o)
                0x0000000020000074                __global_locale
 *(.RamFunc)
 *(.RamFunc*)
                0x00000000200001e0                . = ALIGN (0x4)
                0x00000000200001e0                _edata = .

.igot.plt       0x00000000200001e0        0x0 load address 0x000000000800be08
 .igot.plt      0x00000000200001e0        0x0 /opt/st/stm32cubeide_1.6.0/plugins/com.st.stm32cube.ide.mcu.externaltools.gnu-tools-for-stm32.9-2020-q2-update.linux64_1.5.0.202011040924/tools/bin/../lib/gcc/arm-none-eabi/9.3.1/thumb/v7e-m+dp/hard/crtbegin.o

.RxDecripSection
                0x00000000200001e0       0x60 load address 0x000000000800be08
 .RxDecripSection
                0x00000000200001e0       0x60 Core/Src/main.o
                0x00000000200001e0                DMARxDscrTab

.TxDecripSection
                0x0000000020000240       0x60 load address 0x000000000800be68
 .TxDecripSection
                0x0000000020000240       0x60 Core/Src/main.o
                0x0000000020000240                DMATxDscrTab
                0x00000000200002a0                . = ALIGN (0x4)

.bss            0x00000000200002a0      0x69c load address 0x000000000800bec8
                0x00000000200002a0                _sbss = .
                0x00000000200002a0                __bss_start__ = _sbss
 *(.bss)
 .bss           0x00000000200002a0       0x1c /opt/st/stm32cubeide_1.6.0/plugins/com.st.stm32cube.ide.mcu.externaltools.gnu-tools-for-stm32.9-2020-q2-update.linux64_1.5.0.202011040924/tools/bin/../lib/gcc/arm-none-eabi/9.3.1/thumb/v7e-m+dp/hard/crtbegin.o
 *(.bss*)
 .bss.TxConfig  0x00000000200002bc       0x34 Core/Src/main.o
                0x00000000200002bc                TxConfig
 .bss.heth      0x00000000200002f0       0x88 Core/Src/main.o
                0x00000000200002f0                heth
 .bss.hi2c1     0x0000000020000378       0x4c Core/Src/main.o
                0x0000000020000378                hi2c1
 .bss.htim3     0x00000000200003c4       0x4c Core/Src/main.o
                0x00000000200003c4                htim3
 .bss.huart3    0x0000000020000410       0x90 Core/Src/main.o
                0x0000000020000410                huart3
 .bss.hpcd_USB_OTG_FS
                0x00000000200004a0      0x408 Core/Src/main.o
                0x00000000200004a0                hpcd_USB_OTG_FS
 .bss.Stepper   0x00000000200008a8        0x4 Core/Src/main.o
                0x00000000200008a8                Stepper
 .bss.Dial      0x00000000200008ac        0x4 Core/Src/main.o
                0x00000000200008ac                Dial
 .bss.Encoder   0x00000000200008b0        0x4 Core/Src/main.o
                0x00000000200008b0                Encoder
 .bss.msg       0x00000000200008b4       0x64 Core/Src/main.o
                0x00000000200008b4                msg
 .bss.__sbrk_heap_end
                0x0000000020000918        0x4 Core/Src/sysmem.o
 .bss._ZN12_GLOBAL__N_113__new_handlerE
                0x000000002000091c        0x4 /opt/st/stm32cubeide_1.6.0/plugins/com.st.stm32cube.ide.mcu.externaltools.gnu-tools-for-stm32.9-2020-q2-update.linux64_1.5.0.202011040924/tools/bin/../lib/gcc/arm-none-eabi/9.3.1/../../../../arm-none-eabi/lib/thumb/v7e-m+dp/hard/libstdc++_nano.a(new_handler.o)
 .bss.__malloc_free_list
                0x0000000020000920        0x4 /opt/st/stm32cubeide_1.6.0/plugins/com.st.stm32cube.ide.mcu.externaltools.gnu-tools-for-stm32.9-2020-q2-update.linux64_1.5.0.202011040924/tools/bin/../lib/gcc/arm-none-eabi/9.3.1/../../../../arm-none-eabi/lib/thumb/v7e-m+dp/hard/libc_nano.a(lib_a-nano-mallocr.o)
                0x0000000020000920                __malloc_free_list
 .bss.__malloc_sbrk_start