main.cpp:106:5:int main()	16	static
main.cpp:174:6:void SystemClock_Config()	120	static
main.cpp:232:13:void MX_ETH_Init()	8	static
main.cpp:278:13:void MX_TIM3_Init()	64	static
main.cpp:337:13:void MX_USART3_UART_Init()	8	static
main.cpp:385:13:void MX_USB_OTG_FS_PCD_Init()	8	static
main.cpp:421:13:void MX_GPIO_Init()	56	static
main.cpp:489:6:void HAL_TIM_PWM_PulseFinishedCallback(TIM_HandleTypeDef*)	16	static
main.cpp:498:6:void Move_Stepper(Direction, int, int)	32	static
main.cpp:523:7:void Error_Handler()	4	static,ignoring_inline_asm
main.cpp:532:1:void __static_initialization_and_destruction_0(int, int)	24	static
main.cpp:532:1:cpp)	8	static
