std_abs.h:75:3:constexpr float std::abs(float)	16	static
main.cpp:121:5:int main()	48	static
main.cpp:207:6:void SystemClock_Config()	120	static
main.cpp:264:13:void MX_ETH_Init()	8	static
main.cpp:309:13:void MX_I2C1_Init()	8	static
main.cpp:352:13:void MX_TIM3_Init()	64	static
main.cpp:408:13:void MX_USART3_UART_Init()	8	static
main.cpp:453:13:void MX_USB_OTG_FS_PCD_Init()	8	static
main.cpp:487:13:void MX_GPIO_Init()	56	static
main.cpp:556:6:void Stop_Timer(TIM_TypeDef*)	16	static
main.cpp:559:6:void Start_Timer(TIM_TypeDef*)	16	static
main.cpp:562:6:void HAL_TIM_PWM_PulseFinishedCallback(TIM_HandleTypeDef*)	16	static
main.cpp:583:6:void Move_Stepper(Direction, int, int)	104	static
main.cpp:656:6:void Error_Handler()	64	static,ignoring_inline_asm
main.cpp:665:1:void __static_initialization_and_destruction_0(int, int)	24	static
main.cpp:665:1:cpp)	8	static
